Archive member included to satisfy reference by file (symbol)

/usr/lib/gcc/arm-none-eabi/10.3.1/../../../arm-none-eabi/lib/thumb/v6-m/nofp/libstdc++.a(pure.o)
                              CMakeFiles/app.dir/home/isaac/pico/Projetos/pico-zero/lib/Print.cpp.obj (__cxa_pure_virtual)
/usr/lib/gcc/arm-none-eabi/10.3.1/../../../arm-none-eabi/lib/thumb/v6-m/nofp/libstdc++.a(eh_terminate.o)
                              /usr/lib/gcc/arm-none-eabi/10.3.1/../../../arm-none-eabi/lib/thumb/v6-m/nofp/libstdc++.a(pure.o) (std::terminate())
/usr/lib/gcc/arm-none-eabi/10.3.1/../../../arm-none-eabi/lib/thumb/v6-m/nofp/libstdc++.a(eh_unex_handler.o)
                              /usr/lib/gcc/arm-none-eabi/10.3.1/../../../arm-none-eabi/lib/thumb/v6-m/nofp/libstdc++.a(eh_terminate.o) (__cxxabiv1::__unexpected_handler)
/usr/lib/gcc/arm-none-eabi/10.3.1/../../../arm-none-eabi/lib/thumb/v6-m/nofp/libstdc++.a(eh_arm.o)
                              /usr/lib/gcc/arm-none-eabi/10.3.1/../../../arm-none-eabi/lib/thumb/v6-m/nofp/libstdc++.a(eh_terminate.o) (__cxa_end_cleanup)
/usr/lib/gcc/arm-none-eabi/10.3.1/../../../arm-none-eabi/lib/thumb/v6-m/nofp/libstdc++.a(eh_call.o)
                              /usr/lib/gcc/arm-none-eabi/10.3.1/../../../arm-none-eabi/lib/thumb/v6-m/nofp/libstdc++.a(eh_terminate.o) (__cxa_call_unexpected)
/usr/lib/gcc/arm-none-eabi/10.3.1/../../../arm-none-eabi/lib/thumb/v6-m/nofp/libstdc++.a(eh_catch.o)
                              /usr/lib/gcc/arm-none-eabi/10.3.1/../../../arm-none-eabi/lib/thumb/v6-m/nofp/libstdc++.a(eh_terminate.o) (__cxa_begin_catch)
/usr/lib/gcc/arm-none-eabi/10.3.1/../../../arm-none-eabi/lib/thumb/v6-m/nofp/libstdc++.a(eh_exception.o)
                              /usr/lib/gcc/arm-none-eabi/10.3.1/../../../arm-none-eabi/lib/thumb/v6-m/nofp/libstdc++.a(eh_call.o) (std::bad_exception::~bad_exception())
/usr/lib/gcc/arm-none-eabi/10.3.1/../../../arm-none-eabi/lib/thumb/v6-m/nofp/libstdc++.a(eh_globals.o)
                              /usr/lib/gcc/arm-none-eabi/10.3.1/../../../arm-none-eabi/lib/thumb/v6-m/nofp/libstdc++.a(eh_call.o) (__cxa_get_globals_fast)
/usr/lib/gcc/arm-none-eabi/10.3.1/../../../arm-none-eabi/lib/thumb/v6-m/nofp/libstdc++.a(eh_personality.o)
                              /usr/lib/gcc/arm-none-eabi/10.3.1/../../../arm-none-eabi/lib/thumb/v6-m/nofp/libstdc++.a(eh_terminate.o) (__gxx_personality_v0)
/usr/lib/gcc/arm-none-eabi/10.3.1/../../../arm-none-eabi/lib/thumb/v6-m/nofp/libstdc++.a(eh_term_handler.o)
                              /usr/lib/gcc/arm-none-eabi/10.3.1/../../../arm-none-eabi/lib/thumb/v6-m/nofp/libstdc++.a(eh_terminate.o) (__cxxabiv1::__terminate_handler)
/usr/lib/gcc/arm-none-eabi/10.3.1/../../../arm-none-eabi/lib/thumb/v6-m/nofp/libstdc++.a(eh_throw.o)
                              /usr/lib/gcc/arm-none-eabi/10.3.1/../../../arm-none-eabi/lib/thumb/v6-m/nofp/libstdc++.a(eh_call.o) (__cxa_throw)
/usr/lib/gcc/arm-none-eabi/10.3.1/../../../arm-none-eabi/lib/thumb/v6-m/nofp/libstdc++.a(si_class_type_info.o)
                              /usr/lib/gcc/arm-none-eabi/10.3.1/../../../arm-none-eabi/lib/thumb/v6-m/nofp/libstdc++.a(eh_exception.o) (vtable for __cxxabiv1::__si_class_type_info)
/usr/lib/gcc/arm-none-eabi/10.3.1/../../../arm-none-eabi/lib/thumb/v6-m/nofp/libstdc++.a(tinfo.o)
                              /usr/lib/gcc/arm-none-eabi/10.3.1/../../../arm-none-eabi/lib/thumb/v6-m/nofp/libstdc++.a(si_class_type_info.o) (std::type_info::__is_pointer_p() const)
/usr/lib/gcc/arm-none-eabi/10.3.1/../../../arm-none-eabi/lib/thumb/v6-m/nofp/libstdc++.a(class_type_info.o)
                              /usr/lib/gcc/arm-none-eabi/10.3.1/../../../arm-none-eabi/lib/thumb/v6-m/nofp/libstdc++.a(si_class_type_info.o) (__cxxabiv1::__class_type_info::__do_upcast(__cxxabiv1::__class_type_info const*, void**) const)
/usr/lib/gcc/arm-none-eabi/10.3.1/../../../arm-none-eabi/lib/thumb/v6-m/nofp/libstdc++.a(eh_alloc.o)
                              /usr/lib/gcc/arm-none-eabi/10.3.1/../../../arm-none-eabi/lib/thumb/v6-m/nofp/libstdc++.a(eh_call.o) (__cxa_allocate_exception)
/usr/lib/gcc/arm-none-eabi/10.3.1/thumb/v6-m/nofp/libgcc.a(_dvmd_tls.o)
                              CMakeFiles/app.dir/home/isaac/pico/pico-sdk/src/rp2_common/pico_divider/divider.S.obj (__aeabi_idiv0)
/usr/lib/gcc/arm-none-eabi/10.3.1/thumb/v6-m/nofp/libgcc.a(unwind-arm.o)
                              /usr/lib/gcc/arm-none-eabi/10.3.1/../../../arm-none-eabi/lib/thumb/v6-m/nofp/libstdc++.a(eh_arm.o) (__aeabi_unwind_cpp_pr1)
/usr/lib/gcc/arm-none-eabi/10.3.1/thumb/v6-m/nofp/libgcc.a(libunwind.o)
                              /usr/lib/gcc/arm-none-eabi/10.3.1/thumb/v6-m/nofp/libgcc.a(unwind-arm.o) (restore_core_regs)
/usr/lib/gcc/arm-none-eabi/10.3.1/thumb/v6-m/nofp/libgcc.a(pr-support.o)
                              /usr/lib/gcc/arm-none-eabi/10.3.1/thumb/v6-m/nofp/libgcc.a(unwind-arm.o) (__gnu_unwind_execute)
/usr/lib/gcc/arm-none-eabi/10.3.1/../../../arm-none-eabi/lib/thumb/v6-m/nofp/libc.a(lib_a-abort.o)
[...]
Memory Configuration

Name             Origin             Length             Attributes
FLASH            0x0000000010000000 0x0000000000200000 xr
RAM              0x0000000020000000 0x0000000000040000 xrw
SCRATCH_X        0x0000000020040000 0x0000000000001000 xrw
SCRATCH_Y        0x0000000020041000 0x0000000000001000 xrw
*default*        0x0000000000000000 0xffffffffffffffff

Linker script and memory map

LOAD /usr/lib/gcc/arm-none-eabi/10.3.1/thumb/v6-m/nofp/crti.o
LOAD /usr/lib/gcc/arm-none-eabi/10.3.1/thumb/v6-m/nofp/crtbegin.o
LOAD /usr/lib/gcc/arm-none-eabi/10.3.1/../../../arm-none-eabi/lib/thumb/v6-m/nofp/crt0.o

.flash_begin    0x0000000010000000        0x0
                0x0000000010000000                __flash_binary_start = .

.boot2          0x0000000010000000      0x100
                0x0000000010000000                __boot2_start__ = .
 *(.boot2)
 .boot2         0x0000000010000000      0x100 /tmp/ccEzCT1q.o
                0x0000000010000100                __boot2_end__ = .
                0x0000000000000001                ASSERT (((__boot2_end__ - __boot2_start__) == 0x100), ERROR: Pico second stage bootloader must be 256 bytes in size)

.text           0x0000000010000100     0x9188
                0x0000000010000100                __logical_binary_start = .
 *(.vectors)
 .vectors       0x0000000010000100       0xd4 CMakeFiles/app.dir/home/isaac/pico/pico-sdk/src/rp2_common/pico_standard_link/crt0.S.obj
                0x0000000010000100                __vectors
                0x0000000010000100                __VECTOR_TABLE
                0x00000000100001c0                isr_invalid
                0x00000000100001c0                __default_isrs_start
                0x00000000100001c2                isr_nmi
                0x00000000100001c4                isr_hardfault
                0x00000000100001c6                isr_svcall
                0x00000000100001c8                isr_pendsv
                0x00000000100001ca                isr_systick
                0x00000000100001cc                isr_irq30
                0x00000000100001cc                __unhandled_user_irq
                0x00000000100001cc                isr_irq13
                0x00000000100001cc                isr_irq27
                0x00000000100001cc                isr_irq31
                0x00000000100001cc                isr_irq5
                0x00000000100001cc                isr_irq11
                0x00000000100001cc                isr_irq23
                0x00000000100001cc                isr_irq18
                0x00000000100001cc                isr_irq28
                0x00000000100001cc                isr_irq19
                0x00000000100001cc                isr_irq0
                0x00000000100001cc                isr_irq6
                0x00000000100001cc                isr_irq22
                0x00000000100001cc                isr_irq17
                0x00000000100001cc                isr_irq14
                0x00000000100001cc                isr_irq2
                0x00000000100001cc                isr_irq10
                0x00000000100001cc                isr_irq8
                0x00000000100001cc                isr_irq24
                0x00000000100001cc                isr_irq1
                0x00000000100001cc                isr_irq7
                0x00000000100001cc                isr_irq21
                0x00000000100001cc                isr_irq20
                0x00000000100001cc                isr_irq15
                0x00000000100001cc                isr_irq25
                0x00000000100001cc                isr_irq4
                0x00000000100001cc                isr_irq16
                0x00000000100001cc                isr_irq29
                0x00000000100001cc                isr_irq26
                0x00000000100001cc                __default_isrs_end
                0x00000000100001cc                isr_irq3
                0x00000000100001cc                isr_irq12
                0x00000000100001cc                isr_irq9
                0x00000000100001d2                unhandled_user_irq_num_in_r0
 *(.binary_info_header)
 .binary_info_header
                0x00000000100001d4       0x14 CMakeFiles/app.dir/home/isaac/pico/pico-sdk/src/rp2_common/pico_standard_link/crt0.S.obj
                0x00000000100001e8                __binary_info_header_end = .
 *(.reset)
 .reset         0x00000000100001e8       0xa0 CMakeFiles/app.dir/home/isaac/pico/pico-sdk/src/rp2_common/pico_standard_link/crt0.S.obj
                0x00000000100001e8                _entry_point
 .reset         0x0000000010000288       0x30 CMakeFiles/app.dir/home/isaac/pico/pico-sdk/src/rp2_common/pico_standard_link/binary_info.c.obj
 *(.init)
 .init          0x00000000100002b8        0x4 /usr/lib/gcc/arm-none-eabi/10.3.1/thumb/v6-m/nofp/crti.o
                0x00000000100002b8                _init
 *(EXCLUDE_FILE(*libm.a: *libc.a:*lib_a-mem*.o *libgcc.a:) .text*)
 .text          0x00000000100002bc       0x98 /usr/lib/gcc/arm-none-eabi/10.3.1/thumb/v6-m/nofp/crtbegin.o
 .text._Z14getLocalizacaov
                0x0000000010000354      0x208 CMakeFiles/app.dir/main.cpp.obj
                0x0000000010000354                getLocalizacao()
 .text._Z15on_uart_gps_irqv
                0x000000001000055c       0x54 CMakeFiles/app.dir/main.cpp.obj
                0x000000001000055c                on_uart_gps_irq()
 .text._ZL14sleep_callbackv
                0x00000000100005b0       0xc0 CMakeFiles/app.dir/main.cpp.obj
 .text._Z11uart_configv
                0x0000000010000670       0x70 CMakeFiles/app.dir/main.cpp.obj
                0x0000000010000670                uart_config()
 .text._Z9lora_initv
                0x00000000100006e0       0x34 CMakeFiles/app.dir/main.cpp.obj
                0x00000000100006e0                lora_init()
 .text._Z9gpio_initv
                0x0000000010000714       0x20 CMakeFiles/app.dir/main.cpp.obj
                0x0000000010000714                gpio_init()
 .text.startup.main
                0x0000000010000734      0x330 CMakeFiles/app.dir/main.cpp.obj
                0x0000000010000734                main
 .text._ZN5Print17availableForWriteEv
                0x0000000010000a64        0x4 CMakeFiles/app.dir/home/isaac/pico/Projetos/pico-zero/lib/LoRa-RP2040.cpp.obj
                0x0000000010000a64                Print::availableForWrite()
 .text._ZN9LoRaClass5flushEv
                0x0000000010000a68        0x4 CMakeFiles/app.dir/home/isaac/pico/Projetos/pico-zero/lib/LoRa-RP2040.cpp.obj
                0x0000000010000a68                LoRaClass::flush()
 .text._ZN9LoRaClass9availableEv
                0x0000000010000a6c       0x64 CMakeFiles/app.dir/home/isaac/pico/Projetos/pico-zero/lib/LoRa-RP2040.cpp.obj
                0x0000000010000a6c                LoRaClass::available()
 .text._ZN9LoRaClass4readEv
                0x0000000010000ad0       0xbc CMakeFiles/app.dir/home/isaac/pico/Projetos/pico-zero/lib/LoRa-RP2040.cpp.obj
                0x0000000010000ad0                LoRaClass::read()
 .text._ZN9LoRaClass5writeEPKhj
                0x0000000010000b8c      0x104 CMakeFiles/app.dir/home/isaac/pico/Projetos/pico-zero/lib/LoRa-RP2040.cpp.obj
                0x0000000010000b8c                LoRaClass::write(unsigned char const*, unsigned int)
 .text._ZN9LoRaClass4peekEv
                0x0000000010000c90      0x120 CMakeFiles/app.dir/home/isaac/pico/Projetos/pico-zero/lib/LoRa-RP2040.cpp.obj
                0x0000000010000c90                LoRaClass::peek()
 .text._ZN9LoRaClass5writeEh
                0x0000000010000db0       0xf8 CMakeFiles/app.dir/home/isaac/pico/Projetos/pico-zero/lib/LoRa-RP2040.cpp.obj
                0x0000000010000db0                LoRaClass::write(unsigned char)
 .text._ZN9LoRaClass5beginEl
                0x0000000010000ea8      0x330 CMakeFiles/app.dir/home/isaac/pico/Projetos/pico-zero/lib/LoRa-RP2040.cpp.obj
                0x0000000010000ea8                LoRaClass::begin(long)
 .text._ZN9LoRaClass11beginPacketEi
                0x00000000100011d8      0x214 CMakeFiles/app.dir/home/isaac/pico/Projetos/pico-zero/lib/LoRa-RP2040.cpp.obj
                0x00000000100011d8                LoRaClass::beginPacket(int)
 .text._ZN9LoRaClass9endPacketEb
                0x00000000100013ec      0x16c CMakeFiles/app.dir/home/isaac/pico/Projetos/pico-zero/lib/LoRa-RP2040.cpp.obj
                0x00000000100013ec                LoRaClass::endPacket(bool)
 .text._ZN9LoRaClass11setSyncWordEi
                0x0000000010001558       0x54 CMakeFiles/app.dir/home/isaac/pico/Projetos/pico-zero/lib/LoRa-RP2040.cpp.obj
                0x0000000010001558                LoRaClass::setSyncWord(int)
 .text.startup._GLOBAL__sub_I__ZN9LoRaClassC2Ev
                0x00000000100015ac       0x38 CMakeFiles/app.dir/home/isaac/pico/Projetos/pico-zero/lib/LoRa-RP2040.cpp.obj
 .text._ZN5Print5writeEPKhj
                0x00000000100015e4       0x28 CMakeFiles/app.dir/home/isaac/pico/Projetos/pico-zero/lib/Print.cpp.obj
                0x00000000100015e4                Print::write(unsigned char const*, unsigned int)
 .text._ZN5Print5printEPKc
                0x000000001000160c       0x60 CMakeFiles/app.dir/home/isaac/pico/Projetos/pico-zero/lib/Print.cpp.obj
                0x000000001000160c                Print::print(char const*)
 .text._ZN5Print11printNumberEmh
                0x000000001000166c       0x9c CMakeFiles/app.dir/home/isaac/pico/Projetos/pico-zero/lib/Print.cpp.obj
                0x000000001000166c                Print::printNumber(unsigned long, unsigned char)
 .text._ZN5Print5printEhi
                0x0000000010001708       0x18 CMakeFiles/app.dir/home/isaac/pico/Projetos/pico-zero/lib/Print.cpp.obj
                0x0000000010001708                Print::print(unsigned char, int)
 .text.setup_default_uart
                0x0000000010001720        0x8 CMakeFiles/app.dir/home/isaac/pico/pico-sdk/src/rp2_common/pico_stdlib/stdlib.c.obj
                0x0000000010001720                setup_default_uart
 .text.gpio_set_function
                0x0000000010001728       0x30 CMakeFiles/app.dir/home/isaac/pico/pico-sdk/src/rp2_common/hardware_gpio/gpio.c.obj
                0x0000000010001728                gpio_set_function
 .text.gpio_init
                0x0000000010001758       0x3c CMakeFiles/app.dir/home/isaac/pico/pico-sdk/src/rp2_common/hardware_gpio/gpio.c.obj
                0x0000000010001758                gpio_init
 .text.running_on_fpga
                0x0000000010001794       0x10 CMakeFiles/app.dir/home/isaac/pico/pico-sdk/src/rp2_common/pico_platform/platform.c.obj
                0x0000000010001794                running_on_fpga
 .text.hw_claim_or_assert
                0x00000000100017a4       0x44 CMakeFiles/app.dir/home/isaac/pico/pico-sdk/src/rp2_common/hardware_claim/claim.c.obj
                0x00000000100017a4                hw_claim_or_assert
 .text.spin_locks_reset
                0x00000000100017e8       0x1c CMakeFiles/app.dir/home/isaac/pico/pico-sdk/src/rp2_common/hardware_sync/sync.c.obj
                0x00000000100017e8                spin_locks_reset
 .text.next_striped_spin_lock_num
                0x0000000010001804       0x18 CMakeFiles/app.dir/home/isaac/pico/pico-sdk/src/rp2_common/hardware_sync/sync.c.obj
                0x0000000010001804                next_striped_spin_lock_num
 .text.irq_set_enabled
                0x000000001000181c       0x24 CMakeFiles/app.dir/home/isaac/pico/pico-sdk/src/rp2_common/hardware_irq/irq.c.obj
                0x000000001000181c                irq_set_enabled
 .text.irq_get_vtable_handler
                0x0000000010001840       0x10 CMakeFiles/app.dir/home/isaac/pico/pico-sdk/src/rp2_common/hardware_irq/irq.c.obj
                0x0000000010001840                irq_get_vtable_handler
 .text.irq_set_exclusive_handler
                0x0000000010001850       0x54 CMakeFiles/app.dir/home/isaac/pico/pico-sdk/src/rp2_common/hardware_irq/irq.c.obj
                0x0000000010001850                irq_set_exclusive_handler
 .text.irq_remove_handler
                0x00000000100018a4      0x1b0 CMakeFiles/app.dir/home/isaac/pico/pico-sdk/src/rp2_common/hardware_irq/irq.c.obj
                0x00000000100018a4                irq_remove_handler
 .text.irq_add_tail_to_free_list
                0x0000000010001a54       0xb4 CMakeFiles/app.dir/home/isaac/pico/pico-sdk/src/rp2_common/hardware_irq/irq.c.obj
                0x0000000010001a54                irq_add_tail_to_free_list
 .text.irq_init_priorities
                0x0000000010001b08       0x24 CMakeFiles/app.dir/home/isaac/pico/pico-sdk/src/rp2_common/hardware_irq/irq.c.obj
                0x0000000010001b08                irq_init_priorities
 .text.lock_init
                0x0000000010001b2c       0x10 CMakeFiles/app.dir/home/isaac/pico/pico-sdk/src/common/pico_sync/lock_core.c.obj
                0x0000000010001b2c                lock_init
 .text.mutex_init
                0x0000000010001b3c       0x1c CMakeFiles/app.dir/home/isaac/pico/pico-sdk/src/common/pico_sync/mutex.c.obj
                0x0000000010001b3c                mutex_init
 .text.recursive_mutex_init
                0x0000000010001b58       0x1c CMakeFiles/app.dir/home/isaac/pico/pico-sdk/src/common/pico_sync/mutex.c.obj
                0x0000000010001b58                recursive_mutex_init
 .text.timer_pool_entry_comparator
                0x0000000010001b74       0x34 CMakeFiles/app.dir/home/isaac/pico/pico-sdk/src/common/pico_time/time.c.obj
                0x0000000010001b74                timer_pool_entry_comparator
 .text.sleep_until_callback
                0x0000000010001ba8       0x30 CMakeFiles/app.dir/home/isaac/pico/pico-sdk/src/common/pico_time/time.c.obj
 .text.add_alarm_under_lock.isra.0
                0x0000000010001bd8      0x100 CMakeFiles/app.dir/home/isaac/pico/pico-sdk/src/common/pico_time/time.c.obj
 .text.alarm_pool_alarm_callback
                0x0000000010001cd8      0x1bc CMakeFiles/app.dir/home/isaac/pico/pico-sdk/src/common/pico_time/time.c.obj
 .text.alarm_pool_init_default
                0x0000000010001e94       0x6c CMakeFiles/app.dir/home/isaac/pico/pico-sdk/src/common/pico_time/time.c.obj
                0x0000000010001e94                alarm_pool_init_default
 .text.alarm_pool_add_alarm_at
                0x0000000010001f00      0x178 CMakeFiles/app.dir/home/isaac/pico/pico-sdk/src/common/pico_time/time.c.obj
                0x0000000010001f00                alarm_pool_add_alarm_at
 .text.sleep_until
                0x0000000010002078       0xc4 CMakeFiles/app.dir/home/isaac/pico/pico-sdk/src/common/pico_time/time.c.obj
                0x0000000010002078                sleep_until
 .text.sleep_ms
                0x000000001000213c       0x34 CMakeFiles/app.dir/home/isaac/pico/pico-sdk/src/common/pico_time/time.c.obj
                0x000000001000213c                sleep_ms
 .text.best_effort_wfe_or_timeout
                0x0000000010002170       0xd4 CMakeFiles/app.dir/home/isaac/pico/pico-sdk/src/common/pico_time/time.c.obj
                0x0000000010002170                best_effort_wfe_or_timeout
 .text.hardware_alarm_irq_handler
                0x0000000010002244       0xbc CMakeFiles/app.dir/home/isaac/pico/pico-sdk/src/rp2_common/hardware_timer/timer.c.obj
 .text.hardware_alarm_claim
                0x0000000010002300       0x18 CMakeFiles/app.dir/home/isaac/pico/pico-sdk/src/rp2_common/hardware_timer/timer.c.obj
                0x0000000010002300                hardware_alarm_claim
 .text.time_us_64
                0x0000000010002318       0x14 CMakeFiles/app.dir/home/isaac/pico/pico-sdk/src/rp2_common/hardware_timer/timer.c.obj
                0x0000000010002318                time_us_64
 .text.busy_wait_us
                0x000000001000232c       0x54 CMakeFiles/app.dir/home/isaac/pico/pico-sdk/src/rp2_common/hardware_timer/timer.c.obj
                0x000000001000232c                busy_wait_us
 .text.busy_wait_until
                0x0000000010002380       0x20 CMakeFiles/app.dir/home/isaac/pico/pico-sdk/src/rp2_common/hardware_timer/timer.c.obj
                0x0000000010002380                busy_wait_until
 .text.hardware_alarm_set_callback
                0x00000000100023a0       0x8c CMakeFiles/app.dir/home/isaac/pico/pico-sdk/src/rp2_common/hardware_timer/timer.c.obj
                0x00000000100023a0                hardware_alarm_set_callback
 .text.hardware_alarm_set_target
                0x000000001000242c       0xd4 CMakeFiles/app.dir/home/isaac/pico/pico-sdk/src/rp2_common/hardware_timer/timer.c.obj
                0x000000001000242c                hardware_alarm_set_target
 .text.hardware_alarm_cancel
                0x0000000010002500       0x3c CMakeFiles/app.dir/home/isaac/pico/pico-sdk/src/rp2_common/hardware_timer/timer.c.obj
                0x0000000010002500                hardware_alarm_cancel
 .text.ph_merge_nodes
                0x000000001000253c       0x68 CMakeFiles/app.dir/home/isaac/pico/pico-sdk/src/common/pico_util/pheap.c.obj
 .text.ph_post_alloc_init
                0x00000000100025a4       0x3c CMakeFiles/app.dir/home/isaac/pico/pico-sdk/src/common/pico_util/pheap.c.obj
                0x00000000100025a4                ph_post_alloc_init
 .text.ph_merge_two_pass
                0x00000000100025e0       0x90 CMakeFiles/app.dir/home/isaac/pico/pico-sdk/src/common/pico_util/pheap.c.obj
                0x00000000100025e0                ph_merge_two_pass
 .text.ph_remove_any_head
                0x0000000010002670      0x100 CMakeFiles/app.dir/home/isaac/pico/pico-sdk/src/common/pico_util/pheap.c.obj
 .text.ph_remove_head
                0x0000000010002770      0x104 CMakeFiles/app.dir/home/isaac/pico/pico-sdk/src/common/pico_util/pheap.c.obj
                0x0000000010002770                ph_remove_head
 .text.ph_remove_and_free_node
                0x0000000010002874       0x7c CMakeFiles/app.dir/home/isaac/pico/pico-sdk/src/common/pico_util/pheap.c.obj
                0x0000000010002874                ph_remove_and_free_node
 .text.uart_init
                0x00000000100028f0      0x188 CMakeFiles/app.dir/home/isaac/pico/pico-sdk/src/rp2_common/hardware_uart/uart.c.obj
                0x00000000100028f0                uart_init
 .text.clock_stop
                0x0000000010002a78       0x2c CMakeFiles/app.dir/home/isaac/pico/pico-sdk/src/rp2_common/hardware_clocks/clocks.c.obj
                0x0000000010002a78                clock_stop
 .text.clock_configure
                0x0000000010002aa4      0x118 CMakeFiles/app.dir/home/isaac/pico/pico-sdk/src/rp2_common/hardware_clocks/clocks.c.obj
                0x0000000010002aa4                clock_configure
 .text.clocks_init
                0x0000000010002bbc      0x2d0 CMakeFiles/app.dir/home/isaac/pico/pico-sdk/src/rp2_common/hardware_clocks/clocks.c.obj
                0x0000000010002bbc                clocks_init
 .text.clock_get_hz
                0x0000000010002e8c        0xc CMakeFiles/app.dir/home/isaac/pico/pico-sdk/src/rp2_common/hardware_clocks/clocks.c.obj
                0x0000000010002e8c                clock_get_hz
 .text.pll_init
                0x0000000010002e98       0xa0 CMakeFiles/app.dir/home/isaac/pico/pico-sdk/src/rp2_common/hardware_pll/pll.c.obj
                0x0000000010002e98                pll_init
 .text.pll_deinit
                0x0000000010002f38        0x8 CMakeFiles/app.dir/home/isaac/pico/pico-sdk/src/rp2_common/hardware_pll/pll.c.obj
                0x0000000010002f38                pll_deinit
 .text.watchdog_start_tick
                0x0000000010002f40       0x10 CMakeFiles/app.dir/home/isaac/pico/pico-sdk/src/rp2_common/hardware_watchdog/watchdog.c.obj
                0x0000000010002f40                watchdog_start_tick
 .text.xosc_init
                0x0000000010002f50       0x28 CMakeFiles/app.dir/home/isaac/pico/pico-sdk/src/rp2_common/hardware_xosc/xosc.c.obj
                0x0000000010002f50                xosc_init
 .text.xosc_disable
                0x0000000010002f78       0x24 CMakeFiles/app.dir/home/isaac/pico/pico-sdk/src/rp2_common/hardware_xosc/xosc.c.obj
                0x0000000010002f78                xosc_disable
 .text.runtime_init
                0x0000000010002f9c       0xf0 CMakeFiles/app.dir/home/isaac/pico/pico-sdk/src/rp2_common/pico_runtime/runtime.c.obj
                0x0000000010002f9c                runtime_init
 .text._exit    0x000000001000308c        0x4 CMakeFiles/app.dir/home/isaac/pico/pico-sdk/src/rp2_common/pico_runtime/runtime.c.obj
                0x000000001000308c                _exit
 .text._sbrk    0x0000000010003090       0x34 CMakeFiles/app.dir/home/isaac/pico/pico-sdk/src/rp2_common/pico_runtime/runtime.c.obj
                0x0000000010003090                _sbrk
 .text.exit     0x00000000100030c4        0x8 CMakeFiles/app.dir/home/isaac/pico/pico-sdk/src/rp2_common/pico_runtime/runtime.c.obj
                0x00000000100030c4                exit
 .text.__assert_func
                0x00000000100030cc       0x34 CMakeFiles/app.dir/home/isaac/pico/pico-sdk/src/rp2_common/pico_runtime/runtime.c.obj
                0x00000000100030cc                __assert_func
 .text.panic    0x0000000010003100       0x30 CMakeFiles/app.dir/home/isaac/pico/pico-sdk/src/rp2_common/pico_runtime/runtime.c.obj
                0x0000000010003100                panic
 .text.hard_assertion_failure
                0x0000000010003130        0xc CMakeFiles/app.dir/home/isaac/pico/pico-sdk/src/rp2_common/pico_runtime/runtime.c.obj
                0x0000000010003130                hard_assertion_failure
 .text._out_buffer
                0x000000001000313c        0x8 CMakeFiles/app.dir/home/isaac/pico/pico-sdk/src/rp2_common/pico_printf/printf.c.obj
 .text._out_null
                0x0000000010003144        0x4 CMakeFiles/app.dir/home/isaac/pico/pico-sdk/src/rp2_common/pico_printf/printf.c.obj
 .text._out_rev
                0x0000000010003148       0x9c CMakeFiles/app.dir/home/isaac/pico/pico-sdk/src/rp2_common/pico_printf/printf.c.obj
 .text._ntoa_format
                0x00000000100031e4      0x1cc CMakeFiles/app.dir/home/isaac/pico/pico-sdk/src/rp2_common/pico_printf/printf.c.obj
 .text._out_char
                0x00000000100033b0       0x10 CMakeFiles/app.dir/home/isaac/pico/pico-sdk/src/rp2_common/pico_printf/printf.c.obj
 .text._out_fct
                0x00000000100033c0       0x10 CMakeFiles/app.dir/home/isaac/pico/pico-sdk/src/rp2_common/pico_printf/printf.c.obj
 .text._etoa    0x00000000100033d0      0x44c CMakeFiles/app.dir/home/isaac/pico/pico-sdk/src/rp2_common/pico_printf/printf.c.obj
 .text._ftoa    0x000000001000381c      0x398 CMakeFiles/app.dir/home/isaac/pico/pico-sdk/src/rp2_common/pico_printf/printf.c.obj
 .text._vsnprintf
                0x0000000010003bb4      0xb04 CMakeFiles/app.dir/home/isaac/pico/pico-sdk/src/rp2_common/pico_printf/printf.c.obj
 .text.__wrap_sprintf
                0x00000000100046b8       0x28 CMakeFiles/app.dir/home/isaac/pico/pico-sdk/src/rp2_common/pico_printf/printf.c.obj
                0x00000000100046b8                __wrap_sprintf
 .text.vfctprintf
                0x00000000100046e0       0x20 CMakeFiles/app.dir/home/isaac/pico/pico-sdk/src/rp2_common/pico_printf/printf.c.obj
                0x00000000100046e0                vfctprintf
 .text.weak_raw_printf
                0x0000000010004700       0x40 CMakeFiles/app.dir/home/isaac/pico/pico-sdk/src/rp2_common/pico_printf/printf.c.obj
                0x0000000010004700                weak_raw_printf
 .text.weak_raw_vprintf
                0x0000000010004740       0x30 CMakeFiles/app.dir/home/isaac/pico/pico-sdk/src/rp2_common/pico_printf/printf.c.obj
                0x0000000010004740                weak_raw_vprintf
 .text          0x0000000010004770       0x10 CMakeFiles/app.dir/home/isaac/pico/pico-sdk/src/rp2_common/pico_bit_ops/bit_ops_aeabi.S.obj
 .text.rom_func_lookup
                0x0000000010004780       0x10 CMakeFiles/app.dir/home/isaac/pico/pico-sdk/src/rp2_common/pico_bootrom/bootrom.c.obj
                0x0000000010004780                rom_func_lookup
 .text.rom_data_lookup
                0x0000000010004790       0x10 CMakeFiles/app.dir/home/isaac/pico/pico-sdk/src/rp2_common/pico_bootrom/bootrom.c.obj
                0x0000000010004790                rom_data_lookup
 .text.rom_funcs_lookup
                0x00000000100047a0       0x44 CMakeFiles/app.dir/home/isaac/pico/pico-sdk/src/rp2_common/pico_bootrom/bootrom.c.obj
                0x00000000100047a0                rom_funcs_lookup
 .text.__wrap___aeabi_idiv
                0x00000000100047e4       0x50 CMakeFiles/app.dir/home/isaac/pico/pico-sdk/src/rp2_common/pico_divider/divider.S.obj
                0x00000000100047e4                __wrap___aeabi_idivmod
                0x00000000100047e4                divmod_s32s32
                0x00000000100047e4                div_s32s32
                0x00000000100047e4                __wrap___aeabi_idiv
                0x00000000100047ec                divmod_s32s32_unsafe
                0x0000000010004818                divmod_s32s32_savestate
 .text.__wrap___aeabi_uidiv
                0x0000000010004834       0x4c CMakeFiles/app.dir/home/isaac/pico/pico-sdk/src/rp2_common/pico_divider/divider.S.obj
                0x0000000010004834                __wrap___aeabi_uidiv
                0x0000000010004834                __wrap___aeabi_uidivmod
                0x0000000010004834                div_u32u32
                0x0000000010004834                divmod_u32u32
                0x000000001000483c                divmod_u32u32_unsafe
                0x0000000010004864                divmod_u32u32_savestate
 .text.__wrap___aeabi_ldiv
                0x0000000010004880      0x424 CMakeFiles/app.dir/home/isaac/pico/pico-sdk/src/rp2_common/pico_divider/divider.S.obj
                0x0000000010004880                div_s64s64
                0x0000000010004880                divmod_s64s64
                0x0000000010004880                __wrap___aeabi_ldivmod
                0x00000000100048b0                div_u64u64
                0x00000000100048b0                divmod_u64u64
                0x00000000100048b0                __wrap___aeabi_uldivmod
                0x00000000100048c0                divmod_u64u64_savestate
                0x00000000100048e0                divmod_s64s64_unsafe
                0x0000000010004968                divmod_u64u64_unsafe
 .text.__wrap___aeabi_darithmetic
                0x0000000010004ca4       0x80 CMakeFiles/app.dir/home/isaac/pico/pico-sdk/src/rp2_common/pico_double/double_aeabi.S.obj
                0x0000000010004ca4                __wrap___aeabi_drsub
                0x0000000010004caa                __wrap___aeabi_dsub
                0x0000000010004cbc                __wrap___aeabi_dadd
                0x0000000010004cce                __wrap___aeabi_ddiv
                0x0000000010004d0a                __wrap___aeabi_dmul
 .text.__wrap___aeabi_cdcmple
                0x0000000010004d24       0x6c CMakeFiles/app.dir/home/isaac/pico/pico-sdk/src/rp2_common/pico_double/double_aeabi.S.obj
                0x0000000010004d24                __wrap___aeabi_cdrcmple
                0x0000000010004d34                __wrap___aeabi_cdcmple
                0x0000000010004d34                __wrap___aeabi_cdcmpeq
 .text.__wrap___aeabi_dcmpeq
                0x0000000010004d90       0x10 CMakeFiles/app.dir/home/isaac/pico/pico-sdk/src/rp2_common/pico_double/double_aeabi.S.obj
                0x0000000010004d90                __wrap___aeabi_dcmpeq
 .text.__wrap___aeabi_dcmplt
                0x0000000010004da0        0xc CMakeFiles/app.dir/home/isaac/pico/pico-sdk/src/rp2_common/pico_double/double_aeabi.S.obj
                0x0000000010004da0                __wrap___aeabi_dcmplt
 .text.__wrap___aeabi_dcmple
                0x0000000010004dac       0x10 CMakeFiles/app.dir/home/isaac/pico/pico-sdk/src/rp2_common/pico_double/double_aeabi.S.obj
                0x0000000010004dac                __wrap___aeabi_dcmple
 .text.__wrap___aeabi_dcmpge
                0x0000000010004dbc       0x10 CMakeFiles/app.dir/home/isaac/pico/pico-sdk/src/rp2_common/pico_double/double_aeabi.S.obj
                0x0000000010004dbc                __wrap___aeabi_dcmpge
 .text.__wrap___aeabi_dcmpgt
                0x0000000010004dcc        0xa CMakeFiles/app.dir/home/isaac/pico/pico-sdk/src/rp2_common/pico_double/double_aeabi.S.obj
                0x0000000010004dcc                __wrap___aeabi_dcmpgt
 .text.__wrap___aeabi_dcmpun
                0x0000000010004dd6       0x1c CMakeFiles/app.dir/home/isaac/pico/pico-sdk/src/rp2_common/pico_double/double_aeabi.S.obj
                0x0000000010004dd6                __wrap___aeabi_dcmpun
 *fill*         0x0000000010004df2        0x2 
 .text.__wrap___aeabi_i2d
                0x0000000010004df4       0x38 CMakeFiles/app.dir/home/isaac/pico/pico-sdk/src/rp2_common/pico_double/double_aeabi.S.obj
                0x0000000010004df4                __wrap___aeabi_ui2d
                0x0000000010004dfc                __wrap___aeabi_i2d
 .text.__wrap___aeabi_d2iz
                0x0000000010004e2c       0x48 CMakeFiles/app.dir/home/isaac/pico/pico-sdk/src/rp2_common/pico_double/double_aeabi.S.obj
                0x0000000010004e2c                __wrap___aeabi_d2iz
                0x0000000010004e2c                double2int_z
 .text.__wrap___aeabi_d2uiz
                0x0000000010004e74       0x18 CMakeFiles/app.dir/home/isaac/pico/pico-sdk/src/rp2_common/pico_double/double_aeabi.S.obj
                0x0000000010004e74                double2uint
                0x0000000010004e74                __wrap___aeabi_d2uiz
 .text.__wrap___aeabi_l2d
                0x0000000010004e8c       0x18 CMakeFiles/app.dir/home/isaac/pico/pico-sdk/src/rp2_common/pico_double/double_aeabi.S.obj
                0x0000000010004e8c                __wrap___aeabi_l2d
 .text.__wrap___aeabi_d2lz
                0x0000000010004ea4       0x26 CMakeFiles/app.dir/home/isaac/pico/pico-sdk/src/rp2_common/pico_double/double_aeabi.S.obj
                0x0000000010004ea4                __wrap___aeabi_d2lz
                0x0000000010004ea4                double2int64_z
 *fill*         0x0000000010004eca        0x2 
 .text.double2int64
                0x0000000010004ecc       0x18 CMakeFiles/app.dir/home/isaac/pico/pico-sdk/src/rp2_common/pico_double/double_aeabi.S.obj
                0x0000000010004ecc                double2int64
 .text.double2ufix64
                0x0000000010004ee4       0x18 CMakeFiles/app.dir/home/isaac/pico/pico-sdk/src/rp2_common/pico_double/double_aeabi.S.obj
                0x0000000010004ee4                double2ufix64
 .text.__wrap___aeabi_d2f
                0x0000000010004efc       0x18 CMakeFiles/app.dir/home/isaac/pico/pico-sdk/src/rp2_common/pico_double/double_aeabi.S.obj
                0x0000000010004efc                __wrap___aeabi_d2f
 .text.__aeabi_double_init
                0x0000000010004f14       0x94 CMakeFiles/app.dir/home/isaac/pico/pico-sdk/src/rp2_common/pico_double/double_init_rom.c.obj
                0x0000000010004f14                __aeabi_double_init
 .text.double_table_shim_on_use_helper
                0x0000000010004fa8       0x2c CMakeFiles/app.dir/home/isaac/pico/pico-sdk/src/rp2_common/pico_double/double_v1_rom_shim.S.obj
                0x0000000010004fa8                double_table_shim_on_use_helper
 .text.__wrap___aeabi_dsub
                0x0000000010004fd4       0x10 CMakeFiles/app.dir/home/isaac/pico/pico-sdk/src/rp2_common/pico_double/double_v1_rom_shim.S.obj
                0x0000000010004fd4                drsub_shim
                0x0000000010004fda                dsub_shim
 .text.dadd_shim
                0x0000000010004fe4      0x15c CMakeFiles/app.dir/home/isaac/pico/pico-sdk/src/rp2_common/pico_double/double_v1_rom_shim.S.obj
                0x0000000010004fe4                dadd_shim
 .text.dmul_shim
                0x0000000010005140      0x15c CMakeFiles/app.dir/home/isaac/pico/pico-sdk/src/rp2_common/pico_double/double_v1_rom_shim.S.obj
                0x0000000010005140                dmul_shim
 .text.ddiv_shim
                0x000000001000529c      0x1b0 CMakeFiles/app.dir/home/isaac/pico/pico-sdk/src/rp2_common/pico_double/double_v1_rom_shim.S.obj
                0x000000001000529c                ddiv_shim
 .text.double2uint_shim
                0x000000001000544c        0xe CMakeFiles/app.dir/home/isaac/pico/pico-sdk/src/rp2_common/pico_double/double_v1_rom_shim.S.obj
                0x000000001000544c                double2uint_shim
                0x000000001000544e                double2ufix_shim
 .text.double2int64_shim
                0x000000001000545a       0x1a CMakeFiles/app.dir/home/isaac/pico/pico-sdk/src/rp2_common/pico_double/double_v1_rom_shim.S.obj
                0x000000001000545a                double2int64_shim
                0x000000001000545c                double2fix64_shim
 .text.double2uint64_shim
                0x0000000010005474       0x70 CMakeFiles/app.dir/home/isaac/pico/pico-sdk/src/rp2_common/pico_double/double_v1_rom_shim.S.obj
                0x0000000010005474                double2uint64_shim
                0x0000000010005476                double2ufix64_shim
                0x0000000010005496                d2fix_a
 .text.double2float_shim
                0x00000000100054e4       0x5c CMakeFiles/app.dir/home/isaac/pico/pico-sdk/src/rp2_common/pico_double/double_v1_rom_shim.S.obj
                0x00000000100054e4                double2float_shim
 .text.x2double_shims
                0x0000000010005540       0x90 CMakeFiles/app.dir/home/isaac/pico/pico-sdk/src/rp2_common/pico_double/double_v1_rom_shim.S.obj
                0x0000000010005540                uint2double_shim
                0x0000000010005542                ufix2double_shim
                0x0000000010005548                int2double_shim
                0x000000001000554a                fix2double_shim
                0x0000000010005550                uint642double_shim
                0x0000000010005552                ufix642double_shim
                0x0000000010005558                int642double_shim
                0x000000001000555a                fix642double_shim
 .text.dunpacks
                0x00000000100055d0       0x3c CMakeFiles/app.dir/home/isaac/pico/pico-sdk/src/rp2_common/pico_double/double_v1_rom_shim.S.obj
                0x00000000100055d0                dunpacks
 .text.__aeabi_lmul
                0x000000001000560c       0x32 CMakeFiles/app.dir/home/isaac/pico/pico-sdk/src/rp2_common/pico_int64_ops/pico_int64_ops_aeabi.S.obj
                0x000000001000560c                __wrap___aeabi_lmul
 *fill*         0x000000001000563e        0x2 
 .text.__wrap___aeabi_cfcmple
                0x0000000010005640       0x50 CMakeFiles/app.dir/home/isaac/pico/pico-sdk/src/rp2_common/pico_float/float_aeabi.S.obj
                0x0000000010005640                __wrap___aeabi_cfrcmple
                0x000000001000564c                __wrap___aeabi_cfcmpeq
                0x000000001000564c                __wrap___aeabi_cfcmple
 .text.__wrap___aeabi_fcmple
                0x0000000010005690       0x10 CMakeFiles/app.dir/home/isaac/pico/pico-sdk/src/rp2_common/pico_float/float_aeabi.S.obj
                0x0000000010005690                __wrap___aeabi_fcmple
 .text.__wrap___aeabi_fcmpun
                0x00000000100056a0       0x18 CMakeFiles/app.dir/home/isaac/pico/pico-sdk/src/rp2_common/pico_float/float_aeabi.S.obj
                0x00000000100056a0                __wrap___aeabi_fcmpun
 .text.__aeabi_float_init
                0x00000000100056b8       0x64 CMakeFiles/app.dir/home/isaac/pico/pico-sdk/src/rp2_common/pico_float/float_init_rom.c.obj
                0x00000000100056b8                __aeabi_float_init
 .text.float_table_shim_on_use_helper
                0x000000001000571c       0x2c CMakeFiles/app.dir/home/isaac/pico/pico-sdk/src/rp2_common/pico_float/float_v1_rom_shim.S.obj
                0x000000001000571c                float_table_shim_on_use_helper
 .text.__wrap_malloc
                0x0000000010005748       0x24 CMakeFiles/app.dir/home/isaac/pico/pico-sdk/src/rp2_common/pico_malloc/pico_malloc.c.obj
                0x0000000010005748                __wrap_malloc
 .text          0x000000001000576c       0x10 CMakeFiles/app.dir/home/isaac/pico/pico-sdk/src/rp2_common/pico_mem_ops/mem_ops_aeabi.S.obj
                0x000000001000576c                __aeabi_mem_init
 .text.memset   0x000000001000577c        0xc CMakeFiles/app.dir/home/isaac/pico/pico-sdk/src/rp2_common/pico_mem_ops/mem_ops_aeabi.S.obj
                0x000000001000577c                __wrap_memset
 .text.memcpy   0x0000000010005788        0xc CMakeFiles/app.dir/home/isaac/pico/pico-sdk/src/rp2_common/pico_mem_ops/mem_ops_aeabi.S.obj
                0x0000000010005788                __wrap___aeabi_memcpy
                0x0000000010005788                __wrap_memcpy
 .text.stdio_out_chars_no_crlf
                0x0000000010005794       0x10 CMakeFiles/app.dir/home/isaac/pico/pico-sdk/src/rp2_common/pico_stdio/stdio.c.obj
 .text.stdio_out_chars_crlf
                0x00000000100057a4       0xb4 CMakeFiles/app.dir/home/isaac/pico/pico-sdk/src/rp2_common/pico_stdio/stdio.c.obj
 .text.stdio_buffered_printer
                0x0000000010005858       0x64 CMakeFiles/app.dir/home/isaac/pico/pico-sdk/src/rp2_common/pico_stdio/stdio.c.obj
 .text.stdio_put_string.isra.0
                0x00000000100058bc       0xfc CMakeFiles/app.dir/home/isaac/pico/pico-sdk/src/rp2_common/pico_stdio/stdio.c.obj
 .text.__wrap_putchar
                0x00000000100059b8       0x98 CMakeFiles/app.dir/home/isaac/pico/pico-sdk/src/rp2_common/pico_stdio/stdio.c.obj
                0x00000000100059b8                __wrap_putchar
 .text.__wrap_puts
                0x0000000010005a50       0x3c CMakeFiles/app.dir/home/isaac/pico/pico-sdk/src/rp2_common/pico_stdio/stdio.c.obj
                0x0000000010005a50                __wrap_puts
 .text.stdio_set_driver_enabled
                0x0000000010005a8c       0x30 CMakeFiles/app.dir/home/isaac/pico/pico-sdk/src/rp2_common/pico_stdio/stdio.c.obj
                0x0000000010005a8c                stdio_set_driver_enabled
 .text.__wrap_vprintf
                0x0000000010005abc       0xd8 CMakeFiles/app.dir/home/isaac/pico/pico-sdk/src/rp2_common/pico_stdio/stdio.c.obj
                0x0000000010005abc                __wrap_vprintf
 .text.__wrap_printf
                0x0000000010005b94       0x18 CMakeFiles/app.dir/home/isaac/pico/pico-sdk/src/rp2_common/pico_stdio/stdio.c.obj
                0x0000000010005b94                __wrap_printf
 .text.stdio_init_all
                0x0000000010005bac        0xc CMakeFiles/app.dir/home/isaac/pico/pico-sdk/src/rp2_common/pico_stdio/stdio.c.obj
                0x0000000010005bac                stdio_init_all
 .text.stdio_uart_out_chars
                0x0000000010005bb8       0x4c CMakeFiles/app.dir/home/isaac/pico/pico-sdk/src/rp2_common/pico_stdio_uart/stdio_uart.c.obj
 .text.stdio_uart_in_chars
                0x0000000010005c04       0x84 CMakeFiles/app.dir/home/isaac/pico/pico-sdk/src/rp2_common/pico_stdio_uart/stdio_uart.c.obj
                0x0000000010005c04                stdio_uart_in_chars
 .text.on_uart_rx
                0x0000000010005c88       0x28 CMakeFiles/app.dir/home/isaac/pico/pico-sdk/src/rp2_common/pico_stdio_uart/stdio_uart.c.obj
 .text.stdio_uart_set_chars_available_callback
                0x0000000010005cb0       0x8c CMakeFiles/app.dir/home/isaac/pico/pico-sdk/src/rp2_common/pico_stdio_uart/stdio_uart.c.obj
 .text.stdio_uart_init
                0x0000000010005d3c       0x48 CMakeFiles/app.dir/home/isaac/pico/pico-sdk/src/rp2_common/pico_stdio_uart/stdio_uart.c.obj
                0x0000000010005d3c                stdio_uart_init
 .text.spi_init
                0x0000000010005d84      0x138 CMakeFiles/app.dir/home/isaac/pico/pico-sdk/src/rp2_common/hardware_spi/spi.c.obj
                0x0000000010005d84                spi_init
 .text.rtc_irq_handler
                0x0000000010005ebc       0x54 CMakeFiles/app.dir/home/isaac/pico/pico-sdk/src/rp2_common/hardware_rtc/rtc.c.obj
 .text.rtc_init
                0x0000000010005f10       0x38 CMakeFiles/app.dir/home/isaac/pico/pico-sdk/src/rp2_common/hardware_rtc/rtc.c.obj
                0x0000000010005f10                rtc_init
 .text.rtc_set_datetime
                0x0000000010005f48       0xac CMakeFiles/app.dir/home/isaac/pico/pico-sdk/src/rp2_common/hardware_rtc/rtc.c.obj
                0x0000000010005f48                rtc_set_datetime
 .text.rtc_set_alarm
                0x0000000010005ff4      0x178 CMakeFiles/app.dir/home/isaac/pico/pico-sdk/src/rp2_common/hardware_rtc/rtc.c.obj
                0x0000000010005ff4                rtc_set_alarm
 .text.rosc_disable
                0x000000001000616c       0x30 CMakeFiles/app.dir/home/isaac/pico/pico-extras/src/rp2_common/hardware_rosc/rosc.c.obj
                0x000000001000616c                rosc_disable
 .text.sleep_run_from_dormant_source
                0x000000001000619c       0xe0 CMakeFiles/app.dir/home/isaac/pico/pico-extras/src/rp2_common/pico_sleep/sleep.c.obj
                0x000000001000619c                sleep_run_from_dormant_source
 .text.sleep_goto_sleep_until
                0x000000001000627c       0x2c CMakeFiles/app.dir/home/isaac/pico/pico-extras/src/rp2_common/pico_sleep/sleep.c.obj
                0x000000001000627c                sleep_goto_sleep_until
 .text.startup._GLOBAL__sub_I__ZN9__gnu_cxx9__freeresEv
                0x00000000100062a8       0x2c /usr/lib/gcc/arm-none-eabi/10.3.1/../../../arm-none-eabi/lib/thumb/v6-m/nofp/libstdc++.a(eh_alloc.o)
 .text          0x00000000100062d4       0x5c /usr/lib/gcc/arm-none-eabi/10.3.1/../../../arm-none-eabi/lib/thumb/v6-m/nofp/libc.a(lib_a-callocr.o)
                0x00000000100062d4                _calloc_r
 .text          0x0000000010006330       0x28 /usr/lib/gcc/arm-none-eabi/10.3.1/../../../arm-none-eabi/lib/thumb/v6-m/nofp/libc.a(lib_a-malloc.o)
                0x0000000010006330                malloc
                0x0000000010006344                free
 .text          0x0000000010006358      0x574 /usr/lib/gcc/arm-none-eabi/10.3.1/../../../arm-none-eabi/lib/thumb/v6-m/nofp/libc.a(lib_a-mallocr.o)
                0x0000000010006358                _malloc_r
 .text          0x00000000100068cc        0x8 /usr/lib/gcc/arm-none-eabi/10.3.1/../../../arm-none-eabi/lib/thumb/v6-m/nofp/libc.a(lib_a-mlock.o)
                0x00000000100068cc                __malloc_lock
                0x00000000100068d0                __malloc_unlock
 .text          0x00000000100068d4       0x24 /usr/lib/gcc/arm-none-eabi/10.3.1/../../../arm-none-eabi/lib/thumb/v6-m/nofp/libc.a(lib_a-sbrkr.o)
                0x00000000100068d4                _sbrk_r
 .text          0x00000000100068f8       0x4c /usr/lib/gcc/arm-none-eabi/10.3.1/../../../arm-none-eabi/lib/thumb/v6-m/nofp/libc.a(lib_a-stpcpy.o)
                0x00000000100068f8                stpcpy
 .text          0x0000000010006944       0x10 /usr/lib/gcc/arm-none-eabi/10.3.1/../../../arm-none-eabi/lib/thumb/v6-m/nofp/libc.a(lib_a-strcpy.o)
                0x0000000010006944                strcpy
 .text          0x0000000010006954       0x5c /usr/lib/gcc/arm-none-eabi/10.3.1/../../../arm-none-eabi/lib/thumb/v6-m/nofp/libc.a(lib_a-strlen-stub.o)
                0x0000000010006954                strlen
 .text          0x00000000100069b0       0x74 /usr/lib/gcc/arm-none-eabi/10.3.1/../../../arm-none-eabi/lib/thumb/v6-m/nofp/libc.a(lib_a-strncmp.o)
                0x00000000100069b0                strncmp
 .text          0x0000000010006a24     0x1128 /usr/lib/gcc/arm-none-eabi/10.3.1/../../../arm-none-eabi/lib/thumb/v6-m/nofp/libc.a(lib_a-strtod.o)
                0x0000000010006a24                _strtod_l
                0x00000000100079a4                _strtod_r
                0x00000000100079b4                strtod_l
                0x00000000100079cc                strtod
                0x00000000100079e8                strtof_l
                0x0000000010007a98                strtof
 .text          0x0000000010007b4c       0x14 /usr/lib/gcc/arm-none-eabi/10.3.1/../../../arm-none-eabi/lib/thumb/v6-m/nofp/libc.a(lib_a-strtok.o)
                0x0000000010007b4c                strtok
 .text          0x0000000010007b60       0x78 /usr/lib/gcc/arm-none-eabi/10.3.1/../../../arm-none-eabi/lib/thumb/v6-m/nofp/libc.a(lib_a-strtok_r.o)
                0x0000000010007b60                __strtok_r
                0x0000000010007bcc                strtok_r
 .text          0x0000000010007bd8      0x260 /usr/lib/gcc/arm-none-eabi/10.3.1/../../../arm-none-eabi/lib/thumb/v6-m/nofp/libc.a(lib_a-freer.o)
                0x0000000010007bd8                _malloc_trim_r
                0x0000000010007c74                _free_r
 .text          0x0000000010007e38      0x670 /usr/lib/gcc/arm-none-eabi/10.3.1/../../../arm-none-eabi/lib/thumb/v6-m/nofp/libc.a(lib_a-gdtoa-gethex.o)
                0x0000000010007edc                __gethex
 .text          0x00000000100084a8      0x1fc /usr/lib/gcc/arm-none-eabi/10.3.1/../../../arm-none-eabi/lib/thumb/v6-m/nofp/libc.a(lib_a-gdtoa-hexnan.o)
                0x00000000100084a8                __match
                0x00000000100084d4                __hexnan
 .text          0x00000000100086a4       0x44 /usr/lib/gcc/arm-none-eabi/10.3.1/../../../arm-none-eabi/lib/thumb/v6-m/nofp/libc.a(lib_a-mbtowc_r.o)
                0x00000000100086a4                _mbtowc_r
                0x00000000100086bc                __ascii_mbtowc
 .text          0x00000000100086e8      0xafc /usr/lib/gcc/arm-none-eabi/10.3.1/../../../arm-none-eabi/lib/thumb/v6-m/nofp/libc.a(lib_a-mprec.o)
                0x00000000100086e8                _Balloc
                0x0000000010008738                _Bfree
                0x000000001000874c                __multadd
                0x00000000100087f4                __s2b
                0x00000000100088a4                __hi0bits
                0x00000000100088dc                __lo0bits
                0x0000000010008938                __i2b
                0x0000000010008998                __multiply
                0x0000000010008b3c                __pow5mult
                0x0000000010008c14                __lshift
                0x0000000010008d10                __mcmp
                0x0000000010008d44                __mdiff
                0x0000000010008ed0                __ulp
                0x0000000010008f18                __b2d
                0x0000000010008fe0                __d2b
                0x00000000100090b8                __ratio
                0x0000000010009120                _mprec_log10
                0x0000000010009154                __copybits
                0x0000000010009194                __any_on
 .text          0x00000000100091e4        0xc /usr/lib/gcc/arm-none-eabi/10.3.1/../../../arm-none-eabi/lib/thumb/v6-m/nofp/libc.a(lib_a-s_nan.o)
                0x00000000100091e4                nan
 .text          0x00000000100091f0        0x8 /usr/lib/gcc/arm-none-eabi/10.3.1/../../../arm-none-eabi/lib/thumb/v6-m/nofp/libc.a(lib_a-sf_nan.o)
                0x00000000100091f0                nanf
 .text          0x00000000100091f8       0x2c /usr/lib/gcc/arm-none-eabi/10.3.1/../../../arm-none-eabi/lib/thumb/v6-m/nofp/libc.a(lib_a-wctomb_r.o)
                0x00000000100091f8                _wctomb_r
                0x0000000010009208                __ascii_wctomb
 *(.fini)
 .fini          0x0000000010009224        0x4 /usr/lib/gcc/arm-none-eabi/10.3.1/thumb/v6-m/nofp/crti.o
                0x0000000010009224                _fini
 .fini.__stub   0x0000000010009228       0x60 linker stubs
 *crtbegin.o(.ctors)
 *crtbegin?.o(.ctors)
 *(EXCLUDE_FILE(*crtend.o *crtend?.o) .ctors)
 *(SORT_BY_NAME(.ctors.*))
 *(.ctors)
 *crtbegin.o(.dtors)
 *crtbegin?.o(.dtors)
 *(EXCLUDE_FILE(*crtend.o *crtend?.o) .dtors)
 *(SORT_BY_NAME(.dtors.*))
 *(.dtors)
 *(.eh_frame*)
 .eh_frame      0x0000000010009288        0x0 /usr/lib/gcc/arm-none-eabi/10.3.1/thumb/v6-m/nofp/crtbegin.o
                0x0000000010009288                . = ALIGN (0x4)

.glue_7         0x0000000010009288        0x0
 .glue_7        0x0000000010009288        0x0 linker stubs

.glue_7t        0x0000000010009288        0x0
 .glue_7t       0x0000000010009288        0x0 linker stubs

.vfp11_veneer   0x0000000010009288        0x0
 .vfp11_veneer  0x0000000010009288        0x0 linker stubs

.v4_bx          0x0000000010009288        0x0
 .v4_bx         0x0000000010009288        0x0 linker stubs

.iplt           0x0000000010009288        0x0
 .iplt          0x0000000010009288        0x0 /usr/lib/gcc/arm-none-eabi/10.3.1/thumb/v6-m/nofp/crtbegin.o

.rodata         0x0000000010009288      0x944
 *(EXCLUDE_FILE(*libm.a: *libc.a:*lib_a-mem*.o *libgcc.a:) .rodata*)
 .rodata._Z14getLocalizacaov.str1.4
                0x0000000010009288       0x15 CMakeFiles/app.dir/main.cpp.obj
 *fill*         0x000000001000929d        0x3 
 .rodata._ZL14sleep_callbackv.str1.4
                0x00000000100092a0       0x13 CMakeFiles/app.dir/main.cpp.obj
 *fill*         0x00000000100092b3        0x1 
 .rodata.main.str1.4
                0x00000000100092b4       0x5c CMakeFiles/app.dir/main.cpp.obj
                                         0x60 (size before relaxing)
 .rodata        0x0000000010009310        0x8 CMakeFiles/app.dir/main.cpp.obj
 .rodata.str1.4
                0x0000000010009318        0x7 CMakeFiles/app.dir/home/isaac/pico/Projetos/pico-zero/lib/LoRa-RP2040.cpp.obj
 *fill*         0x000000001000931f        0x1 
 .rodata._ZTV9LoRaClass
                0x0000000010009320       0x24 CMakeFiles/app.dir/home/isaac/pico/Projetos/pico-zero/lib/LoRa-RP2040.cpp.obj
                0x0000000010009320                vtable for LoRaClass
 .rodata._ZZN9LoRaClass5beginElE8__bi_110
                0x0000000010009344        0x8 CMakeFiles/app.dir/home/isaac/pico/Projetos/pico-zero/lib/LoRa-RP2040.cpp.obj
 .rodata._ZZN9LoRaClass5beginElE8__bi_117
                0x000000001000934c        0xc CMakeFiles/app.dir/home/isaac/pico/Projetos/pico-zero/lib/LoRa-RP2040.cpp.obj
 .rodata.hardware_alarm_claim.str1.4
                0x0000000010009358       0x22 CMakeFiles/app.dir/home/isaac/pico/pico-sdk/src/rp2_common/hardware_timer/timer.c.obj
 *fill*         0x000000001000937a        0x2 
 .rodata.__assert_func.str1.4
                0x000000001000937c       0x3f CMakeFiles/app.dir/home/isaac/pico/pico-sdk/src/rp2_common/pico_runtime/runtime.c.obj
                                         0x43 (size before relaxing)
 *fill*         0x00000000100093bb        0x1 
 .rodata.panic.str1.4
                0x00000000100093bc       0x10 CMakeFiles/app.dir/home/isaac/pico/pico-sdk/src/rp2_common/pico_runtime/runtime.c.obj
                                         0x12 (size before relaxing)
 .rodata.hard_assertion_failure.str1.4
                0x00000000100093cc        0xc CMakeFiles/app.dir/home/isaac/pico/pico-sdk/src/rp2_common/pico_runtime/runtime.c.obj
 .rodata._ftoa.str1.4
                0x00000000100093d8       0x15 CMakeFiles/app.dir/home/isaac/pico/pico-sdk/src/rp2_common/pico_printf/printf.c.obj
 *fill*         0x00000000100093ed        0x3 
 .rodata._vsnprintf
                0x00000000100093f0      0x1e0 CMakeFiles/app.dir/home/isaac/pico/pico-sdk/src/rp2_common/pico_printf/printf.c.obj
 .rodata.pow10.0
                0x00000000100095d0       0x50 CMakeFiles/app.dir/home/isaac/pico/pico-sdk/src/rp2_common/pico_printf/printf.c.obj
 .rodata.__wrap_malloc.str1.4
                0x0000000010009620        0xe CMakeFiles/app.dir/home/isaac/pico/pico-sdk/src/rp2_common/pico_malloc/pico_malloc.c.obj
 *fill*         0x000000001000962e        0x2 
 .rodata.str1.4
                0x0000000010009630       0x38 CMakeFiles/app.dir/home/isaac/pico/pico-sdk/src/rp2_common/pico_standard_link/binary_info.c.obj
 .rodata.__bi_44
                0x0000000010009668        0xc CMakeFiles/app.dir/home/isaac/pico/pico-sdk/src/rp2_common/pico_standard_link/binary_info.c.obj
 .rodata.__bi_75
                0x0000000010009674        0xc CMakeFiles/app.dir/home/isaac/pico/pico-sdk/src/rp2_common/pico_standard_link/binary_info.c.obj
 .rodata.__bi_81
                0x0000000010009680        0xc CMakeFiles/app.dir/home/isaac/pico/pico-sdk/src/rp2_common/pico_standard_link/binary_info.c.obj
 .rodata.crlf_str.0
                0x000000001000968c        0x2 CMakeFiles/app.dir/home/isaac/pico/pico-sdk/src/rp2_common/pico_stdio/stdio.c.obj
 *fill*         0x000000001000968e        0x2 
 .rodata.str1.4
                0x0000000010009690       0x2c CMakeFiles/app.dir/home/isaac/pico/pico-sdk/src/rp2_common/pico_stdio_uart/stdio_uart.c.obj
 .rodata.__bi_33.4
                0x00000000100096bc        0xc CMakeFiles/app.dir/home/isaac/pico/pico-sdk/src/rp2_common/pico_stdio_uart/stdio_uart.c.obj
 .rodata.__bi_34.5
                0x00000000100096c8        0x8 CMakeFiles/app.dir/home/isaac/pico/pico-sdk/src/rp2_common/pico_stdio_uart/stdio_uart.c.obj
 .rodata.str1.4
                0x00000000100096d0        0xf /usr/lib/gcc/arm-none-eabi/10.3.1/../../../arm-none-eabi/lib/thumb/v6-m/nofp/libc.a(lib_a-strtod.o)
                                         0x11 (size before relaxing)
 *fill*         0x00000000100096df        0x1 
 .rodata        0x00000000100096e0      0x120 /usr/lib/gcc/arm-none-eabi/10.3.1/../../../arm-none-eabi/lib/thumb/v6-m/nofp/libc.a(lib_a-strtod.o)
 .rodata.str1.4
                0x0000000010009800       0x4e /usr/lib/gcc/arm-none-eabi/10.3.1/../../../arm-none-eabi/lib/thumb/v6-m/nofp/libc.a(lib_a-gdtoa-gethex.o)
 *fill*         0x000000001000984e        0x2 
 .rodata        0x0000000010009850      0x100 /usr/lib/gcc/arm-none-eabi/10.3.1/../../../arm-none-eabi/lib/thumb/v6-m/nofp/libc.a(lib_a-gdtoa-gethex.o)
                0x0000000010009850                __hexdig
 .rodata.str1.4
                0x0000000010009950        0x2 /usr/lib/gcc/arm-none-eabi/10.3.1/../../../arm-none-eabi/lib/thumb/v6-m/nofp/libc.a(lib_a-lnumeric.o)
                                          0x5 (size before relaxing)
 *fill*         0x0000000010009952        0x2 
 .rodata        0x0000000010009954        0xc /usr/lib/gcc/arm-none-eabi/10.3.1/../../../arm-none-eabi/lib/thumb/v6-m/nofp/libc.a(lib_a-lnumeric.o)
                0x0000000010009954                _C_numeric_locale
 .rodata.str1.4
                0x0000000010009960        0xa /usr/lib/gcc/arm-none-eabi/10.3.1/../../../arm-none-eabi/lib/thumb/v6-m/nofp/libc.a(lib_a-locale.o)
                                         0x12 (size before relaxing)
 *fill*         0x000000001000996a        0x2 
 .rodata.str1.4
                0x000000001000996c       0x33 /usr/lib/gcc/arm-none-eabi/10.3.1/../../../arm-none-eabi/lib/thumb/v6-m/nofp/libc.a(lib_a-mprec.o)
                                         0x47 (size before relaxing)
 *fill*         0x000000001000999f        0x1 
 .rodata        0x00000000100099a0      0x128 /usr/lib/gcc/arm-none-eabi/10.3.1/../../../arm-none-eabi/lib/thumb/v6-m/nofp/libc.a(lib_a-mprec.o)
                0x00000000100099b0                __mprec_tinytens
                0x00000000100099d8                __mprec_bigtens
                0x0000000010009a00                __mprec_tens
 .rodata        0x0000000010009ac8      0x101 /usr/lib/gcc/arm-none-eabi/10.3.1/../../../arm-none-eabi/lib/thumb/v6-m/nofp/libc.a(lib_a-ctype_.o)
                0x0000000010009ac8                _ctype_
                0x0000000010009bcc                . = ALIGN (0x4)
 *fill*         0x0000000010009bc9        0x3 
 *(SORT_BY_ALIGNMENT(SORT_BY_NAME(.flashdata*)))
                0x0000000010009bcc                . = ALIGN (0x4)

.ARM.extab
 *(.ARM.extab* .gnu.linkonce.armextab.*)
                0x0000000010009bcc                __exidx_start = .

.ARM.exidx      0x0000000010009bcc        0x8
 *(.ARM.exidx* .gnu.linkonce.armexidx.*)
 .ARM.exidx.text.startup._GLOBAL__sub_I__ZN9__gnu_cxx9__freeresEv
                0x0000000010009bcc        0x8 /usr/lib/gcc/arm-none-eabi/10.3.1/../../../arm-none-eabi/lib/thumb/v6-m/nofp/libstdc++.a(eh_alloc.o)
                0x0000000010009bd4                __exidx_end = .
                0x0000000010009bd4                . = ALIGN (0x4)
                0x0000000010009bd4                __binary_info_start = .

.binary_info    0x0000000010009bd4       0x2c
 *(.binary_info.keep.*)
 .binary_info.keep.__bi_ptr110
                0x0000000010009bd4        0x4 CMakeFiles/app.dir/home/isaac/pico/Projetos/pico-zero/lib/LoRa-RP2040.cpp.obj
 .binary_info.keep.__bi_ptr117
                0x0000000010009bd8        0x4 CMakeFiles/app.dir/home/isaac/pico/Projetos/pico-zero/lib/LoRa-RP2040.cpp.obj
 .binary_info.keep.__bi_ptr22
                0x0000000010009bdc        0x4 CMakeFiles/app.dir/home/isaac/pico/pico-sdk/src/rp2_common/pico_standard_link/binary_info.c.obj
 .binary_info.keep.__bi_ptr30
                0x0000000010009be0        0x4 CMakeFiles/app.dir/home/isaac/pico/pico-sdk/src/rp2_common/pico_standard_link/binary_info.c.obj
 .binary_info.keep.__bi_ptr38
                0x0000000010009be4        0x4 CMakeFiles/app.dir/home/isaac/pico/pico-sdk/src/rp2_common/pico_standard_link/binary_info.c.obj
 .binary_info.keep.__bi_ptr44
                0x0000000010009be8        0x4 CMakeFiles/app.dir/home/isaac/pico/pico-sdk/src/rp2_common/pico_standard_link/binary_info.c.obj
 .binary_info.keep.__bi_ptr50
                0x0000000010009bec        0x4 CMakeFiles/app.dir/home/isaac/pico/pico-sdk/src/rp2_common/pico_standard_link/binary_info.c.obj
 .binary_info.keep.__bi_ptr75
                0x0000000010009bf0        0x4 CMakeFiles/app.dir/home/isaac/pico/pico-sdk/src/rp2_common/pico_standard_link/binary_info.c.obj
 .binary_info.keep.__bi_ptr81
                0x0000000010009bf4        0x4 CMakeFiles/app.dir/home/isaac/pico/pico-sdk/src/rp2_common/pico_standard_link/binary_info.c.obj
 *(.binary_info.*)
 .binary_info.__bi_ptr33
                0x0000000010009bf8        0x4 CMakeFiles/app.dir/home/isaac/pico/pico-sdk/src/rp2_common/pico_stdio_uart/stdio_uart.c.obj
 .binary_info.__bi_ptr34
                0x0000000010009bfc        0x4 CMakeFiles/app.dir/home/isaac/pico/pico-sdk/src/rp2_common/pico_stdio_uart/stdio_uart.c.obj
                0x0000000010009c00                __binary_info_end = .

.rel.dyn        0x0000000010009c00        0x0
 .rel.iplt      0x0000000010009c00        0x0 /usr/lib/gcc/arm-none-eabi/10.3.1/thumb/v6-m/nofp/crtbegin.o
                0x0000000010009c00                . = ALIGN (0x4)

.ram_vector_table
                0x0000000020000000       0xc0
 *(.ram_vector_table)
 .ram_vector_table
                0x0000000020000000       0xc0 CMakeFiles/app.dir/home/isaac/pico/pico-sdk/src/rp2_common/pico_runtime/runtime.c.obj
                0x0000000020000000                ram_vector_table

.data           0x00000000200000c0      0xc1c load address 0x0000000010009c00
                0x00000000200000c0                __data_start__ = .
 *(vtable)
 *(.time_critical*)
 .time_critical.mutex_try_enter_block_until
                0x00000000200000c0       0x9c CMakeFiles/app.dir/home/isaac/pico/pico-sdk/src/common/pico_sync/mutex.c.obj
                0x00000000200000c0                mutex_try_enter_block_until
 .time_critical.mutex_exit
                0x000000002000015c       0x28 CMakeFiles/app.dir/home/isaac/pico/pico-sdk/src/common/pico_sync/mutex.c.obj
                0x000000002000015c                mutex_exit
 .time_critical.spi_write_read_blocking
                0x0000000020000184       0x74 CMakeFiles/app.dir/home/isaac/pico/pico-sdk/src/rp2_common/hardware_spi/spi.c.obj
                0x0000000020000184                spi_write_read_blocking
 .time_critical.spi_write_blocking
                0x00000000200001f8       0x4c CMakeFiles/app.dir/home/isaac/pico/pico-sdk/src/rp2_common/hardware_spi/spi.c.obj
                0x00000000200001f8                spi_write_blocking
 *(.text*)
 .text          0x0000000020000244        0x4 /usr/lib/gcc/arm-none-eabi/10.3.1/thumb/v6-m/nofp/libgcc.a(_dvmd_tls.o)
                0x0000000020000244                __aeabi_ldiv0
                0x0000000020000244                __aeabi_idiv0
 .text.__stub   0x0000000020000248       0x10 linker stubs
                0x0000000020000258                . = ALIGN (0x4)
 *(.rodata*)
                0x0000000020000258                . = ALIGN (0x4)
 *(.data*)
 .data.striped_spin_lock_num
                0x0000000020000258        0x1 CMakeFiles/app.dir/home/isaac/pico/pico-sdk/src/rp2_common/hardware_sync/sync.c.obj
 *fill*         0x0000000020000259        0x3 
 .data          0x000000002000025c       0x48 CMakeFiles/app.dir/home/isaac/pico/pico-sdk/src/rp2_common/hardware_irq/irq_handler_chain.S.obj
                0x000000002000025c                irq_handler_chain_slots
                0x000000002000028c                irq_handler_chain_first_slot
                0x0000000020000296                irq_handler_chain_remove_tail
 .data.default_alarm_pool
                0x00000000200002a4       0x18 CMakeFiles/app.dir/home/isaac/pico/pico-sdk/src/common/pico_time/time.c.obj
 .data.default_alarm_pool_heap
                0x00000000200002bc       0x10 CMakeFiles/app.dir/home/isaac/pico/pico-sdk/src/common/pico_time/time.c.obj
 *fill*         0x00000000200002cc        0x4 
 .data.aeabi_bits_funcs
                0x00000000200002d0       0x10 CMakeFiles/app.dir/home/isaac/pico/pico-sdk/src/rp2_common/pico_bit_ops/bit_ops_aeabi.S.obj
                0x00000000200002d0                aeabi_bits_funcs
                0x00000000200002e0                aeabi_bits_funcs_end
 .data.aeabi_mem_funcs
                0x00000000200002e0       0x10 CMakeFiles/app.dir/home/isaac/pico/pico-sdk/src/rp2_common/pico_mem_ops/mem_ops_aeabi.S.obj
                0x00000000200002e0                aeabi_mem_funcs
                0x00000000200002f0                aeabi_mem_funcs_end
 .data.stdio_uart
                0x00000000200002f0       0x18 CMakeFiles/app.dir/home/isaac/pico/pico-sdk/src/rp2_common/pico_stdio_uart/stdio_uart.c.obj
                0x00000000200002f0                stdio_uart
 .data          0x0000000020000308      0x430 /usr/lib/gcc/arm-none-eabi/10.3.1/../../../arm-none-eabi/lib/thumb/v6-m/nofp/libc.a(lib_a-impure.o)
                0x0000000020000308                _impure_ptr
 .data          0x0000000020000738      0x410 /usr/lib/gcc/arm-none-eabi/10.3.1/../../../arm-none-eabi/lib/thumb/v6-m/nofp/libc.a(lib_a-mallocr.o)
                0x0000000020000738                __malloc_sbrk_base
                0x000000002000073c                __malloc_trim_threshold
                0x0000000020000740                __malloc_av_
 .data          0x0000000020000b48        0x2 /usr/lib/gcc/arm-none-eabi/10.3.1/../../../arm-none-eabi/lib/thumb/v6-m/nofp/libc.a(lib_a-lnumeric.o)
 *fill*         0x0000000020000b4a        0x2 
 .data          0x0000000020000b4c      0x16c /usr/lib/gcc/arm-none-eabi/10.3.1/../../../arm-none-eabi/lib/thumb/v6-m/nofp/libc.a(lib_a-locale.o)
                0x0000000020000b4c                __global_locale
                0x0000000020000cb8                . = ALIGN (0x4)
 *(.after_data.*)
                0x0000000020000cb8                . = ALIGN (0x4)
                0x0000000020000cb8                PROVIDE (__mutex_array_start = .)
 *(SORT_BY_NAME(.mutex_array.*))
 *(.mutex_array)
 .mutex_array   0x0000000020000cb8        0x8 CMakeFiles/app.dir/home/isaac/pico/pico-sdk/src/rp2_common/pico_stdio/stdio.c.obj
                0x0000000020000cc0                PROVIDE (__mutex_array_end = .)
                0x0000000020000cc0                . = ALIGN (0x4)
                0x0000000020000cc0                PROVIDE (__preinit_array_start = .)
 *(SORT_BY_NAME(.preinit_array.*))
 .preinit_array.00001
                0x0000000020000cc0        0x4 CMakeFiles/app.dir/home/isaac/pico/pico-sdk/src/rp2_common/pico_mem_ops/mem_ops_aeabi.S.obj
 .preinit_array.00010
                0x0000000020000cc4        0x4 CMakeFiles/app.dir/home/isaac/pico/pico-sdk/src/rp2_common/pico_bit_ops/bit_ops_aeabi.S.obj
 .preinit_array.00020
                0x0000000020000cc8        0x4 CMakeFiles/app.dir/home/isaac/pico/pico-sdk/src/rp2_common/pico_double/double_aeabi.S.obj
 .preinit_array.00020
                0x0000000020000ccc        0x4 CMakeFiles/app.dir/home/isaac/pico/pico-sdk/src/rp2_common/pico_float/float_aeabi.S.obj
 *(.preinit_array)
                0x0000000020000cd0                PROVIDE (__preinit_array_end = .)
                0x0000000020000cd0                . = ALIGN (0x4)
                0x0000000020000cd0                PROVIDE (__init_array_start = .)
 *(SORT_BY_NAME(.init_array.*))
 *(.init_array)
 .init_array    0x0000000020000cd0        0x4 /usr/lib/gcc/arm-none-eabi/10.3.1/thumb/v6-m/nofp/crtbegin.o
 .init_array    0x0000000020000cd4        0x4 CMakeFiles/app.dir/home/isaac/pico/Projetos/pico-zero/lib/LoRa-RP2040.cpp.obj
 .init_array    0x0000000020000cd8        0x4 /usr/lib/gcc/arm-none-eabi/10.3.1/../../../arm-none-eabi/lib/thumb/v6-m/nofp/libstdc++.a(eh_alloc.o)
                0x0000000020000cdc                PROVIDE (__init_array_end = .)
                0x0000000020000cdc                . = ALIGN (0x4)
                0x0000000020000cdc                PROVIDE (__fini_array_start = .)
 *(SORT_BY_NAME(.fini_array.*))
 *(.fini_array)
                0x0000000020000cdc                PROVIDE (__fini_array_end = .)
 *(.jcr)
                0x0000000020000cdc                . = ALIGN (0x4)
                0x0000000020000cdc                __data_end__ = .
                0x0000000010009c00                __etext = LOADADDR (.data)

.tm_clone_table
                0x0000000020000cdc        0x0 load address 0x000000001000a81c
 .tm_clone_table
                0x0000000020000cdc        0x0 /usr/lib/gcc/arm-none-eabi/10.3.1/thumb/v6-m/nofp/crtbegin.o
 .tm_clone_table
                0x0000000020000cdc        0x0 /usr/lib/gcc/arm-none-eabi/10.3.1/thumb/v6-m/nofp/crtend.o

.igot.plt       0x0000000020000cdc        0x0 load address 0x000000001000a81c
 .igot.plt      0x0000000020000cdc        0x0 /usr/lib/gcc/arm-none-eabi/10.3.1/thumb/v6-m/nofp/crtbegin.o

.uninitialized_data
                0x0000000020000cdc        0x0 load address 0x000000001000a81c
                0x0000000020000cdc                . = ALIGN (0x4)
 *(.uninitialized_data*)

.scratch_x      0x0000000020040000        0x0 load address 0x000000001000a81c
                0x0000000020040000                __scratch_x_start__ = .
 *(.scratch_x.*)
                0x0000000020040000                . = ALIGN (0x4)
                0x0000000020040000                __scratch_x_end__ = .
                0x000000001000a81c                __scratch_x_source__ = LOADADDR (.scratch_x)

.scratch_y      0x0000000020041000        0x0 load address 0x000000001000a81c
                0x0000000020041000                __scratch_y_start__ = .
 *(.scratch_y.*)
                0x0000000020041000                . = ALIGN (0x4)
                0x0000000020041000                __scratch_y_end__ = .
                0x000000001000a81c                __scratch_y_source__ = LOADADDR (.scratch_y)

.bss            0x0000000020000ce0      0x504
                0x0000000020000ce0                . = ALIGN (0x4)
                0x0000000020000ce0                __bss_start__ = .
 *(SORT_BY_ALIGNMENT(SORT_BY_NAME(.bss*)))
 .bss.default_alarm_pool_entries
                0x0000000020000ce0      0x100 CMakeFiles/app.dir/home/isaac/pico/pico-sdk/src/common/pico_time/time.c.obj
 .bss.lat       0x0000000020000de0        0x8 CMakeFiles/app.dir/main.cpp.obj
                0x0000000020000de0                lat
 .bss.lon       0x0000000020000de8        0x8 CMakeFiles/app.dir/main.cpp.obj
                0x0000000020000de8                lon
 .bss.sd_table  0x0000000020000df0      0x100 CMakeFiles/app.dir/home/isaac/pico/pico-sdk/src/rp2_common/pico_double/double_init_rom.c.obj
                0x0000000020000df0                sd_table
 .bss.sf_table  0x0000000020000ef0      0x100 CMakeFiles/app.dir/home/isaac/pico/pico-sdk/src/rp2_common/pico_float/float_init_rom.c.obj
                0x0000000020000ef0                sf_table
 .bss           0x0000000020000ff0       0x1c /usr/lib/gcc/arm-none-eabi/10.3.1/thumb/v6-m/nofp/crtbegin.o
 .bss           0x000000002000100c       0x34 /usr/lib/gcc/arm-none-eabi/10.3.1/../../../arm-none-eabi/lib/thumb/v6-m/nofp/libc.a(lib_a-mallocr.o)
                0x000000002000100c                __malloc_top_pad
                0x0000000020001010                __malloc_current_mallinfo
                0x0000000020001038                __malloc_max_sbrked_mem
                0x000000002000103c                __malloc_max_total_mem
 .bss           0x0000000020001040        0x4 /usr/lib/gcc/arm-none-eabi/10.3.1/../../../arm-none-eabi/lib/thumb/v6-m/nofp/libc.a(lib_a-reent.o)
                0x0000000020001040                errno
 .bss.Coordenadas
                0x0000000020001044       0x32 CMakeFiles/app.dir/main.cpp.obj
                0x0000000020001044                Coordenadas
 *fill*         0x0000000020001076        0x2 
 .bss.LoRa      0x0000000020001078       0x30 CMakeFiles/app.dir/home/isaac/pico/Projetos/pico-zero/lib/LoRa-RP2040.cpp.obj
                0x0000000020001078                LoRa
 .bss._ZN12_GLOBAL__N_114emergency_poolE
                0x00000000200010a8       0x10 /usr/lib/gcc/arm-none-eabi/10.3.1/../../../arm-none-eabi/lib/thumb/v6-m/nofp/libstdc++.a(eh_alloc.o)
 .bss._callback
                0x00000000200010b8        0x4 CMakeFiles/app.dir/home/isaac/pico/pico-sdk/src/rp2_common/hardware_rtc/rtc.c.obj
 .bss.alarm_callbacks
                0x00000000200010bc       0x10 CMakeFiles/app.dir/home/isaac/pico/pico-sdk/src/rp2_common/hardware_timer/timer.c.obj
 .bss.chars_available_callback
                0x00000000200010cc        0x4 CMakeFiles/app.dir/home/isaac/pico/pico-sdk/src/rp2_common/pico_stdio_uart/stdio_uart.c.obj
 .bss.chars_available_param
                0x00000000200010d0        0x4 CMakeFiles/app.dir/home/isaac/pico/pico-sdk/src/rp2_common/pico_stdio_uart/stdio_uart.c.obj
 .bss.configured_freq
                0x00000000200010d4       0x28 CMakeFiles/app.dir/home/isaac/pico/pico-sdk/src/rp2_common/hardware_clocks/clocks.c.obj
 .bss.default_alarm_pool_entry_ids_high
                0x00000000200010fc       0x10 CMakeFiles/app.dir/home/isaac/pico/pico-sdk/src/common/pico_time/time.c.obj
 .bss.default_alarm_pool_heap_nodes
                0x000000002000110c       0x30 CMakeFiles/app.dir/home/isaac/pico/pico-sdk/src/common/pico_time/time.c.obj
 .bss.drivers   0x000000002000113c        0x4 CMakeFiles/app.dir/home/isaac/pico/pico-sdk/src/rp2_common/pico_stdio/stdio.c.obj
 .bss.filter    0x0000000020001140        0x4 CMakeFiles/app.dir/home/isaac/pico/pico-sdk/src/rp2_common/pico_stdio/stdio.c.obj
 .bss.heap_end.0
                0x0000000020001144        0x4 CMakeFiles/app.dir/home/isaac/pico/pico-sdk/src/rp2_common/pico_runtime/runtime.c.obj
 .bss.latitude  0x0000000020001148       0x14 CMakeFiles/app.dir/main.cpp.obj
                0x0000000020001148                latitude
 .bss.lazy_vsnprintf
                0x000000002000115c        0x4 CMakeFiles/app.dir/home/isaac/pico/pico-sdk/src/rp2_common/pico_printf/printf.c.obj
 .bss.longitude
                0x0000000020001160       0x14 CMakeFiles/app.dir/main.cpp.obj
                0x0000000020001160                longitude
 .bss.pools     0x0000000020001174       0x10 CMakeFiles/app.dir/home/isaac/pico/pico-sdk/src/common/pico_time/time.c.obj
 .bss.receive_buffer
                0x0000000020001184       0x32 CMakeFiles/app.dir/main.cpp.obj
                0x0000000020001184                receive_buffer
 *fill*         0x00000000200011b6        0x2 
 .bss.receive_buffer_index
                0x00000000200011b8        0x4 CMakeFiles/app.dir/main.cpp.obj
                0x00000000200011b8                receive_buffer_index
 .bss.sf_clz_func
                0x00000000200011bc        0x4 CMakeFiles/app.dir/home/isaac/pico/pico-sdk/src/rp2_common/pico_double/double_init_rom.c.obj
                0x00000000200011bc                sf_clz_func
 .bss.sleep_notifier
                0x00000000200011c0        0x4 CMakeFiles/app.dir/home/isaac/pico/pico-sdk/src/common/pico_time/time.c.obj
 .bss.target_hi
                0x00000000200011c4       0x10 CMakeFiles/app.dir/home/isaac/pico/pico-sdk/src/rp2_common/hardware_timer/timer.c.obj
 .bss.uart_char_to_line_feed
                0x00000000200011d4        0x4 CMakeFiles/app.dir/home/isaac/pico/pico-sdk/src/rp2_common/hardware_uart/uart.c.obj
                0x00000000200011d4                uart_char_to_line_feed
 .bss.uart_instance
                0x00000000200011d8        0x4 CMakeFiles/app.dir/home/isaac/pico/pico-sdk/src/rp2_common/pico_stdio_uart/stdio_uart.c.obj
 .bss._ZL5awake
                0x00000000200011dc        0x1 CMakeFiles/app.dir/main.cpp.obj
 .bss._alarm_repeats
                0x00000000200011dd        0x1 CMakeFiles/app.dir/home/isaac/pico/pico-sdk/src/rp2_common/hardware_rtc/rtc.c.obj
 .bss._dormant_source
                0x00000000200011de        0x1 CMakeFiles/app.dir/home/isaac/pico/pico-extras/src/rp2_common/pico_sleep/sleep.c.obj
 .bss.claimed   0x00000000200011df        0x1 CMakeFiles/app.dir/home/isaac/pico/pico-sdk/src/rp2_common/hardware_timer/timer.c.obj
 .bss.counter   0x00000000200011e0        0x1 CMakeFiles/app.dir/main.cpp.obj
                0x00000000200011e0                counter
 .bss.irq_hander_chain_free_slot_head
                0x00000000200011e1        0x1 CMakeFiles/app.dir/home/isaac/pico/pico-sdk/src/rp2_common/hardware_irq/irq.c.obj
 .bss.timer_callbacks_pending
                0x00000000200011e2        0x1 CMakeFiles/app.dir/home/isaac/pico/pico-sdk/src/rp2_common/hardware_timer/timer.c.obj
 *(COMMON)
                0x00000000200011e4                . = ALIGN (0x4)
 *fill*         0x00000000200011e3        0x1 
                0x00000000200011e4                __bss_end__ = .

.heap           0x00000000200011e4      0x800
                0x00000000200011e4                __end__ = .
                0x00000000200011e4                end = __end__
 *(.heap*)
 .heap          0x00000000200011e4      0x800 CMakeFiles/app.dir/home/isaac/pico/pico-sdk/src/rp2_common/pico_standard_link/crt0.S.obj
                0x00000000200019e4                __HeapLimit = .

.stack1_dummy   0x0000000020040000        0x0
 *(.stack1*)

.stack_dummy    0x0000000020041000      0x800
 *(.stack*)
 .stack         0x0000000020041000      0x800 CMakeFiles/app.dir/home/isaac/pico/pico-sdk/src/rp2_common/pico_standard_link/crt0.S.obj

.flash_end      0x000000001000a81c        0x0
                0x000000001000a81c                PROVIDE (__flash_binary_end = .)
                0x0000000020040000                __StackLimit = (ORIGIN (RAM) + LENGTH (RAM))
                0x0000000020041000                __StackOneTop = (ORIGIN (SCRATCH_X) + LENGTH (SCRATCH_X))
                0x0000000020042000                __StackTop = (ORIGIN (SCRATCH_Y) + LENGTH (SCRATCH_Y))
                0x0000000020041000                __StackOneBottom = (__StackOneTop - SIZEOF (.stack1_dummy))
                0x0000000020041800                __StackBottom = (__StackTop - SIZEOF (.stack_dummy))
                0x0000000020042000                PROVIDE (__stack = __StackTop)
                0x0000000000000001                ASSERT ((__StackLimit >= __HeapLimit), region RAM overflowed)
                0x0000000000000001                ASSERT (((__binary_info_header_end - __logical_binary_start) <= 0x100), Binary info must be in first 256 bytes of the binary)
LOAD CMakeFiles/app.dir/main.cpp.obj
LOAD CMakeFiles/app.dir/home/isaac/pico/Projetos/pico-zero/lib/LoRa-RP2040.cpp.obj
LOAD CMakeFiles/app.dir/home/isaac/pico/Projetos/pico-zero/lib/Print.cpp.obj
LOAD CMakeFiles/app.dir/home/isaac/pico/pico-sdk/src/rp2_common/pico_stdlib/stdlib.c.obj
LOAD CMakeFiles/app.dir/home/isaac/pico/pico-sdk/src/rp2_common/hardware_gpio/gpio.c.obj
LOAD CMakeFiles/app.dir/home/isaac/pico/pico-sdk/src/rp2_common/pico_platform/platform.c.obj
LOAD CMakeFiles/app.dir/home/isaac/pico/pico-sdk/src/rp2_common/hardware_claim/claim.c.obj
LOAD CMakeFiles/app.dir/home/isaac/pico/pico-sdk/src/rp2_common/hardware_sync/sync.c.obj
LOAD CMakeFiles/app.dir/home/isaac/pico/pico-sdk/src/rp2_common/hardware_irq/irq.c.obj
LOAD CMakeFiles/app.dir/home/isaac/pico/pico-sdk/src/rp2_common/hardware_irq/irq_handler_chain.S.obj
LOAD CMakeFiles/app.dir/home/isaac/pico/pico-sdk/src/common/pico_sync/sem.c.obj
LOAD CMakeFiles/app.dir/home/isaac/pico/pico-sdk/src/common/pico_sync/lock_core.c.obj
LOAD CMakeFiles/app.dir/home/isaac/pico/pico-sdk/src/common/pico_sync/mutex.c.obj
LOAD CMakeFiles/app.dir/home/isaac/pico/pico-sdk/src/common/pico_sync/critical_section.c.obj
LOAD CMakeFiles/app.dir/home/isaac/pico/pico-sdk/src/common/pico_time/time.c.obj
LOAD CMakeFiles/app.dir/home/isaac/pico/pico-sdk/src/common/pico_time/timeout_helper.c.obj
LOAD CMakeFiles/app.dir/home/isaac/pico/pico-sdk/src/rp2_common/hardware_timer/timer.c.obj
LOAD CMakeFiles/app.dir/home/isaac/pico/pico-sdk/src/common/pico_util/datetime.c.obj
LOAD CMakeFiles/app.dir/home/isaac/pico/pico-sdk/src/common/pico_util/pheap.c.obj
LOAD CMakeFiles/app.dir/home/isaac/pico/pico-sdk/src/common/pico_util/queue.c.obj
LOAD CMakeFiles/app.dir/home/isaac/pico/pico-sdk/src/rp2_common/hardware_uart/uart.c.obj
LOAD CMakeFiles/app.dir/home/isaac/pico/pico-sdk/src/rp2_common/hardware_clocks/clocks.c.obj
LOAD CMakeFiles/app.dir/home/isaac/pico/pico-sdk/src/rp2_common/hardware_pll/pll.c.obj
LOAD CMakeFiles/app.dir/home/isaac/pico/pico-sdk/src/rp2_common/hardware_vreg/vreg.c.obj
LOAD CMakeFiles/app.dir/home/isaac/pico/pico-sdk/src/rp2_common/hardware_watchdog/watchdog.c.obj
LOAD CMakeFiles/app.dir/home/isaac/pico/pico-sdk/src/rp2_common/hardware_xosc/xosc.c.obj
LOAD CMakeFiles/app.dir/home/isaac/pico/pico-sdk/src/rp2_common/hardware_divider/divider.S.obj
LOAD CMakeFiles/app.dir/home/isaac/pico/pico-sdk/src/rp2_common/pico_runtime/runtime.c.obj
LOAD CMakeFiles/app.dir/home/isaac/pico/pico-sdk/src/rp2_common/pico_printf/printf.c.obj
LOAD CMakeFiles/app.dir/home/isaac/pico/pico-sdk/src/rp2_common/pico_bit_ops/bit_ops_aeabi.S.obj
LOAD CMakeFiles/app.dir/home/isaac/pico/pico-sdk/src/rp2_common/pico_bootrom/bootrom.c.obj
LOAD CMakeFiles/app.dir/home/isaac/pico/pico-sdk/src/rp2_common/pico_divider/divider.S.obj
LOAD CMakeFiles/app.dir/home/isaac/pico/pico-sdk/src/rp2_common/pico_double/double_aeabi.S.obj
LOAD CMakeFiles/app.dir/home/isaac/pico/pico-sdk/src/rp2_common/pico_double/double_init_rom.c.obj
LOAD CMakeFiles/app.dir/home/isaac/pico/pico-sdk/src/rp2_common/pico_double/double_math.c.obj
LOAD CMakeFiles/app.dir/home/isaac/pico/pico-sdk/src/rp2_common/pico_double/double_v1_rom_shim.S.obj
LOAD CMakeFiles/app.dir/home/isaac/pico/pico-sdk/src/rp2_common/pico_int64_ops/pico_int64_ops_aeabi.S.obj
LOAD CMakeFiles/app.dir/home/isaac/pico/pico-sdk/src/rp2_common/pico_float/float_aeabi.S.obj
LOAD CMakeFiles/app.dir/home/isaac/pico/pico-sdk/src/rp2_common/pico_float/float_init_rom.c.obj
LOAD CMakeFiles/app.dir/home/isaac/pico/pico-sdk/src/rp2_common/pico_float/float_math.c.obj
LOAD CMakeFiles/app.dir/home/isaac/pico/pico-sdk/src/rp2_common/pico_float/float_v1_rom_shim.S.obj
LOAD CMakeFiles/app.dir/home/isaac/pico/pico-sdk/src/rp2_common/pico_malloc/pico_malloc.c.obj
LOAD CMakeFiles/app.dir/home/isaac/pico/pico-sdk/src/rp2_common/pico_mem_ops/mem_ops_aeabi.S.obj
LOAD CMakeFiles/app.dir/home/isaac/pico/pico-sdk/src/rp2_common/pico_standard_link/crt0.S.obj
LOAD CMakeFiles/app.dir/home/isaac/pico/pico-sdk/src/rp2_common/pico_standard_link/new_delete.cpp.obj
LOAD CMakeFiles/app.dir/home/isaac/pico/pico-sdk/src/rp2_common/pico_standard_link/binary_info.c.obj
LOAD CMakeFiles/app.dir/home/isaac/pico/pico-sdk/src/rp2_common/pico_stdio/stdio.c.obj
LOAD CMakeFiles/app.dir/home/isaac/pico/pico-sdk/src/rp2_common/pico_stdio_uart/stdio_uart.c.obj
LOAD CMakeFiles/app.dir/home/isaac/pico/pico-sdk/src/rp2_common/hardware_spi/spi.c.obj
LOAD CMakeFiles/app.dir/home/isaac/pico/pico-sdk/src/rp2_common/hardware_interp/interp.c.obj
LOAD CMakeFiles/app.dir/home/isaac/pico/pico-sdk/src/rp2_common/hardware_rtc/rtc.c.obj
LOAD CMakeFiles/app.dir/home/isaac/pico/pico-extras/src/rp2_common/hardware_rosc/rosc.c.obj
LOAD CMakeFiles/app.dir/home/isaac/pico/pico-extras/src/rp2_common/pico_sleep/sleep.c.obj
LOAD /tmp/ccEzCT1q.o
LOAD /usr/lib/gcc/arm-none-eabi/10.3.1/../../../arm-none-eabi/lib/thumb/v6-m/nofp/libstdc++.a
LOAD /usr/lib/gcc/arm-none-eabi/10.3.1/../../../arm-none-eabi/lib/thumb/v6-m/nofp/libm.a
START GROUP
LOAD /usr/lib/gcc/arm-none-eabi/10.3.1/thumb/v6-m/nofp/libgcc.a
LOAD /usr/lib/gcc/arm-none-eabi/10.3.1/../../../arm-none-eabi/lib/thumb/v6-m/nofp/libc.a
END GROUP
START GROUP
LOAD /usr/lib/gcc/arm-none-eabi/10.3.1/thumb/v6-m/nofp/libgcc.a
LOAD /usr/lib/gcc/arm-none-eabi/10.3.1/../../../arm-none-eabi/lib/thumb/v6-m/nofp/libc.a
LOAD /usr/lib/gcc/arm-none-eabi/10.3.1/../../../arm-none-eabi/lib/thumb/v6-m/nofp/libnosys.a
END GROUP
LOAD /usr/lib/gcc/arm-none-eabi/10.3.1/thumb/v6-m/nofp/crtend.o
LOAD /usr/lib/gcc/arm-none-eabi/10.3.1/thumb/v6-m/nofp/crtn.o
OUTPUT(app.elf elf32-littlearm)
LOAD linker stubs

.ARM.attributes
                0x0000000000000000       0x28
 .ARM.attributes
                0x0000000000000000       0x1e /usr/lib/gcc/arm-none-eabi/10.3.1/thumb/v6-m/nofp/crti.o
 .ARM.attributes
                0x000000000000001e       0x2c /usr/lib/gcc/arm-none-eabi/10.3.1/thumb/v6-m/nofp/crtbegin.o
 .ARM.attributes
                0x000000000000004a       0x2c CMakeFiles/app.dir/main.cpp.obj
 .ARM.attributes
                0x0000000000000076       0x2c CMakeFiles/app.dir/home/isaac/pico/Projetos/pico-zero/lib/LoRa-RP2040.cpp.obj
 .ARM.attributes
                0x00000000000000a2       0x2c CMakeFiles/app.dir/home/isaac/pico/Projetos/pico-zero/lib/Print.cpp.obj
 .ARM.attributes
                0x00000000000000ce       0x2c CMakeFiles/app.dir/home/isaac/pico/pico-sdk/src/rp2_common/pico_stdlib/stdlib.c.obj
 .ARM.attributes
                0x00000000000000fa       0x2c CMakeFiles/app.dir/home/isaac/pico/pico-sdk/src/rp2_common/hardware_gpio/gpio.c.obj
 .ARM.attributes
                0x0000000000000126       0x2c CMakeFiles/app.dir/home/isaac/pico/pico-sdk/src/rp2_common/pico_platform/platform.c.obj
 .ARM.attributes
                0x0000000000000152       0x2c CMakeFiles/app.dir/home/isaac/pico/pico-sdk/src/rp2_common/hardware_claim/claim.c.obj
 .ARM.attributes
                0x000000000000017e       0x2c CMakeFiles/app.dir/home/isaac/pico/pico-sdk/src/rp2_common/hardware_sync/sync.c.obj
 .ARM.attributes
                0x00000000000001aa       0x2c CMakeFiles/app.dir/home/isaac/pico/pico-sdk/src/rp2_common/hardware_irq/irq.c.obj
 .ARM.attributes
                0x00000000000001d6       0x22 CMakeFiles/app.dir/home/isaac/pico/pico-sdk/src/rp2_common/hardware_irq/irq_handler_chain.S.obj
 .ARM.attributes
                0x00000000000001f8       0x2c CMakeFiles/app.dir/home/isaac/pico/pico-sdk/src/common/pico_sync/lock_core.c.obj
 .ARM.attributes
                0x0000000000000224       0x2c CMakeFiles/app.dir/home/isaac/pico/pico-sdk/src/common/pico_sync/mutex.c.obj
 .ARM.attributes
                0x0000000000000250       0x2c CMakeFiles/app.dir/home/isaac/pico/pico-sdk/src/common/pico_time/time.c.obj
 .ARM.attributes
                0x000000000000027c       0x2c CMakeFiles/app.dir/home/isaac/pico/pico-sdk/src/rp2_common/hardware_timer/timer.c.obj
 .ARM.attributes
                0x00000000000002a8       0x2c CMakeFiles/app.dir/home/isaac/pico/pico-sdk/src/common/pico_util/pheap.c.obj
 .ARM.attributes
                0x00000000000002d4       0x2c CMakeFiles/app.dir/home/isaac/pico/pico-sdk/src/rp2_common/hardware_uart/uart.c.obj
 .ARM.attributes
                0x0000000000000300       0x2c CMakeFiles/app.dir/home/isaac/pico/pico-sdk/src/rp2_common/hardware_clocks/clocks.c.obj
 .ARM.attributes
                0x000000000000032c       0x2c CMakeFiles/app.dir/home/isaac/pico/pico-sdk/src/rp2_common/hardware_pll/pll.c.obj
 .ARM.attributes
                0x0000000000000358       0x2c CMakeFiles/app.dir/home/isaac/pico/pico-sdk/src/rp2_common/hardware_watchdog/watchdog.c.obj
 .ARM.attributes
                0x0000000000000384       0x2c CMakeFiles/app.dir/home/isaac/pico/pico-sdk/src/rp2_common/hardware_xosc/xosc.c.obj
 .ARM.attributes
                0x00000000000003b0       0x2c CMakeFiles/app.dir/home/isaac/pico/pico-sdk/src/rp2_common/pico_runtime/runtime.c.obj
 .ARM.attributes
                0x00000000000003dc       0x2c CMakeFiles/app.dir/home/isaac/pico/pico-sdk/src/rp2_common/pico_printf/printf.c.obj
 .ARM.attributes
                0x0000000000000408       0x22 CMakeFiles/app.dir/home/isaac/pico/pico-sdk/src/rp2_common/pico_bit_ops/bit_ops_aeabi.S.obj
 .ARM.attributes
                0x000000000000042a       0x2c CMakeFiles/app.dir/home/isaac/pico/pico-sdk/src/rp2_common/pico_bootrom/bootrom.c.obj
 .ARM.attributes
                0x0000000000000456       0x22 CMakeFiles/app.dir/home/isaac/pico/pico-sdk/src/rp2_common/pico_divider/divider.S.obj
 .ARM.attributes
                0x0000000000000478       0x22 CMakeFiles/app.dir/home/isaac/pico/pico-sdk/src/rp2_common/pico_double/double_aeabi.S.obj
 .ARM.attributes
                0x000000000000049a       0x2c CMakeFiles/app.dir/home/isaac/pico/pico-sdk/src/rp2_common/pico_double/double_init_rom.c.obj
 .ARM.attributes
                0x00000000000004c6       0x22 CMakeFiles/app.dir/home/isaac/pico/pico-sdk/src/rp2_common/pico_double/double_v1_rom_shim.S.obj
 .ARM.attributes
                0x00000000000004e8       0x22 CMakeFiles/app.dir/home/isaac/pico/pico-sdk/src/rp2_common/pico_int64_ops/pico_int64_ops_aeabi.S.obj
 .ARM.attributes
                0x000000000000050a       0x22 CMakeFiles/app.dir/home/isaac/pico/pico-sdk/src/rp2_common/pico_float/float_aeabi.S.obj
 .ARM.attributes
                0x000000000000052c       0x2c CMakeFiles/app.dir/home/isaac/pico/pico-sdk/src/rp2_common/pico_float/float_init_rom.c.obj
 .ARM.attributes
                0x0000000000000558       0x22 CMakeFiles/app.dir/home/isaac/pico/pico-sdk/src/rp2_common/pico_float/float_v1_rom_shim.S.obj
 .ARM.attributes
                0x000000000000057a       0x2c CMakeFiles/app.dir/home/isaac/pico/pico-sdk/src/rp2_common/pico_malloc/pico_malloc.c.obj
 .ARM.attributes
                0x00000000000005a6       0x22 CMakeFiles/app.dir/home/isaac/pico/pico-sdk/src/rp2_common/pico_mem_ops/mem_ops_aeabi.S.obj
 .ARM.attributes
                0x00000000000005c8       0x22 CMakeFiles/app.dir/home/isaac/pico/pico-sdk/src/rp2_common/pico_standard_link/crt0.S.obj
 .ARM.attributes
                0x00000000000005ea       0x32 CMakeFiles/app.dir/home/isaac/pico/pico-sdk/src/rp2_common/pico_standard_link/binary_info.c.obj
 .ARM.attributes
                0x000000000000061c       0x2c CMakeFiles/app.dir/home/isaac/pico/pico-sdk/src/rp2_common/pico_stdio/stdio.c.obj
 .ARM.attributes
                0x0000000000000648       0x2c CMakeFiles/app.dir/home/isaac/pico/pico-sdk/src/rp2_common/pico_stdio_uart/stdio_uart.c.obj
 .ARM.attributes
                0x0000000000000674       0x2c CMakeFiles/app.dir/home/isaac/pico/pico-sdk/src/rp2_common/hardware_spi/spi.c.obj
 .ARM.attributes
                0x00000000000006a0       0x2c CMakeFiles/app.dir/home/isaac/pico/pico-sdk/src/rp2_common/hardware_rtc/rtc.c.obj
 .ARM.attributes
                0x00000000000006cc       0x2c CMakeFiles/app.dir/home/isaac/pico/pico-extras/src/rp2_common/hardware_rosc/rosc.c.obj
 .ARM.attributes
                0x00000000000006f8       0x2c CMakeFiles/app.dir/home/isaac/pico/pico-extras/src/rp2_common/pico_sleep/sleep.c.obj
 .ARM.attributes
                0x0000000000000724       0x22 /tmp/ccEzCT1q.o
 .ARM.attributes
                0x0000000000000746       0x2c /usr/lib/gcc/arm-none-eabi/10.3.1/../../../arm-none-eabi/lib/thumb/v6-m/nofp/libstdc++.a(eh_alloc.o)
 .ARM.attributes
                0x0000000000000772       0x1e /usr/lib/gcc/arm-none-eabi/10.3.1/thumb/v6-m/nofp/libgcc.a(_dvmd_tls.o)
 .ARM.attributes
                0x0000000000000790       0x2c /usr/lib/gcc/arm-none-eabi/10.3.1/../../../arm-none-eabi/lib/thumb/v6-m/nofp/libc.a(lib_a-callocr.o)
 .ARM.attributes
                0x00000000000007bc       0x2c /usr/lib/gcc/arm-none-eabi/10.3.1/../../../arm-none-eabi/lib/thumb/v6-m/nofp/libc.a(lib_a-impure.o)
 .ARM.attributes
                0x00000000000007e8       0x2c /usr/lib/gcc/arm-none-eabi/10.3.1/../../../arm-none-eabi/lib/thumb/v6-m/nofp/libc.a(lib_a-malloc.o)
 .ARM.attributes
                0x0000000000000814       0x2c /usr/lib/gcc/arm-none-eabi/10.3.1/../../../arm-none-eabi/lib/thumb/v6-m/nofp/libc.a(lib_a-mallocr.o)
 .ARM.attributes
                0x0000000000000840       0x2c /usr/lib/gcc/arm-none-eabi/10.3.1/../../../arm-none-eabi/lib/thumb/v6-m/nofp/libc.a(lib_a-mlock.o)
 .ARM.attributes
                0x000000000000086c       0x2c /usr/lib/gcc/arm-none-eabi/10.3.1/../../../arm-none-eabi/lib/thumb/v6-m/nofp/libc.a(lib_a-sbrkr.o)
 .ARM.attributes
                0x0000000000000898       0x2c /usr/lib/gcc/arm-none-eabi/10.3.1/../../../arm-none-eabi/lib/thumb/v6-m/nofp/libc.a(lib_a-stpcpy.o)
 .ARM.attributes
                0x00000000000008c4       0x2c /usr/lib/gcc/arm-none-eabi/10.3.1/../../../arm-none-eabi/lib/thumb/v6-m/nofp/libc.a(lib_a-strcpy.o)
 .ARM.attributes
                0x00000000000008f0       0x2c /usr/lib/gcc/arm-none-eabi/10.3.1/../../../arm-none-eabi/lib/thumb/v6-m/nofp/libc.a(lib_a-strlen-stub.o)
 .ARM.attributes
                0x000000000000091c       0x2c /usr/lib/gcc/arm-none-eabi/10.3.1/../../../arm-none-eabi/lib/thumb/v6-m/nofp/libc.a(lib_a-strncmp.o)
 .ARM.attributes
                0x0000000000000948       0x2c /usr/lib/gcc/arm-none-eabi/10.3.1/../../../arm-none-eabi/lib/thumb/v6-m/nofp/libc.a(lib_a-strtod.o)
 .ARM.attributes
                0x0000000000000974       0x2c /usr/lib/gcc/arm-none-eabi/10.3.1/../../../arm-none-eabi/lib/thumb/v6-m/nofp/libc.a(lib_a-strtok.o)
 .ARM.attributes
                0x00000000000009a0       0x2c /usr/lib/gcc/arm-none-eabi/10.3.1/../../../arm-none-eabi/lib/thumb/v6-m/nofp/libc.a(lib_a-strtok_r.o)
 .ARM.attributes
                0x00000000000009cc       0x2c /usr/lib/gcc/arm-none-eabi/10.3.1/../../../arm-none-eabi/lib/thumb/v6-m/nofp/libc.a(lib_a-freer.o)
 .ARM.attributes
                0x00000000000009f8       0x2c /usr/lib/gcc/arm-none-eabi/10.3.1/../../../arm-none-eabi/lib/thumb/v6-m/nofp/libc.a(lib_a-gdtoa-gethex.o)
 .ARM.attributes
                0x0000000000000a24       0x2c /usr/lib/gcc/arm-none-eabi/10.3.1/../../../arm-none-eabi/lib/thumb/v6-m/nofp/libc.a(lib_a-gdtoa-hexnan.o)
 .ARM.attributes
                0x0000000000000a50       0x2c /usr/lib/gcc/arm-none-eabi/10.3.1/../../../arm-none-eabi/lib/thumb/v6-m/nofp/libc.a(lib_a-lnumeric.o)
 .ARM.attributes
                0x0000000000000a7c       0x2c /usr/lib/gcc/arm-none-eabi/10.3.1/../../../arm-none-eabi/lib/thumb/v6-m/nofp/libc.a(lib_a-locale.o)
 .ARM.attributes
                0x0000000000000aa8       0x2c /usr/lib/gcc/arm-none-eabi/10.3.1/../../../arm-none-eabi/lib/thumb/v6-m/nofp/libc.a(lib_a-mbtowc_r.o)
 .ARM.attributes
                0x0000000000000ad4       0x2c /usr/lib/gcc/arm-none-eabi/10.3.1/../../../arm-none-eabi/lib/thumb/v6-m/nofp/libc.a(lib_a-mprec.o)
 .ARM.attributes
                0x0000000000000b00       0x2c /usr/lib/gcc/arm-none-eabi/10.3.1/../../../arm-none-eabi/lib/thumb/v6-m/nofp/libc.a(lib_a-reent.o)
 .ARM.attributes
                0x0000000000000b2c       0x2c /usr/lib/gcc/arm-none-eabi/10.3.1/../../../arm-none-eabi/lib/thumb/v6-m/nofp/libc.a(lib_a-s_nan.o)
 .ARM.attributes
                0x0000000000000b58       0x2c /usr/lib/gcc/arm-none-eabi/10.3.1/../../../arm-none-eabi/lib/thumb/v6-m/nofp/libc.a(lib_a-sf_nan.o)
 .ARM.attributes
                0x0000000000000b84       0x2c /usr/lib/gcc/arm-none-eabi/10.3.1/../../../arm-none-eabi/lib/thumb/v6-m/nofp/libc.a(lib_a-wctomb_r.o)
 .ARM.attributes
                0x0000000000000bb0       0x2c /usr/lib/gcc/arm-none-eabi/10.3.1/../../../arm-none-eabi/lib/thumb/v6-m/nofp/libc.a(lib_a-ctype_.o)
 .ARM.attributes
                0x0000000000000bdc       0x2c /usr/lib/gcc/arm-none-eabi/10.3.1/thumb/v6-m/nofp/crtend.o

.comment        0x0000000000000000       0x33
 .comment       0x0000000000000000       0x33 /usr/lib/gcc/arm-none-eabi/10.3.1/thumb/v6-m/nofp/crtbegin.o
                                         0x34 (size before relaxing)
 .comment       0x0000000000000033       0x34 CMakeFiles/app.dir/main.cpp.obj
 .comment       0x0000000000000033       0x34 CMakeFiles/app.dir/home/isaac/pico/Projetos/pico-zero/lib/LoRa-RP2040.cpp.obj
 .comment       0x0000000000000033       0x34 CMakeFiles/app.dir/home/isaac/pico/Projetos/pico-zero/lib/Print.cpp.obj
 .comment       0x0000000000000033       0x34 CMakeFiles/app.dir/home/isaac/pico/pico-sdk/src/rp2_common/pico_stdlib/stdlib.c.obj
 .comment       0x0000000000000033       0x34 CMakeFiles/app.dir/home/isaac/pico/pico-sdk/src/rp2_common/hardware_gpio/gpio.c.obj
 .comment       0x0000000000000033       0x34 CMakeFiles/app.dir/home/isaac/pico/pico-sdk/src/rp2_common/pico_platform/platform.c.obj
 .comment       0x0000000000000033       0x34 CMakeFiles/app.dir/home/isaac/pico/pico-sdk/src/rp2_common/hardware_claim/claim.c.obj
 .comment       0x0000000000000033       0x34 CMakeFiles/app.dir/home/isaac/pico/pico-sdk/src/rp2_common/hardware_sync/sync.c.obj
 .comment       0x0000000000000033       0x34 CMakeFiles/app.dir/home/isaac/pico/pico-sdk/src/rp2_common/hardware_irq/irq.c.obj
 .comment       0x0000000000000033       0x34 CMakeFiles/app.dir/home/isaac/pico/pico-sdk/src/common/pico_sync/lock_core.c.obj
 .comment       0x0000000000000033       0x34 CMakeFiles/app.dir/home/isaac/pico/pico-sdk/src/common/pico_sync/mutex.c.obj
 .comment       0x0000000000000033       0x34 CMakeFiles/app.dir/home/isaac/pico/pico-sdk/src/common/pico_time/time.c.obj
 .comment       0x0000000000000033       0x34 CMakeFiles/app.dir/home/isaac/pico/pico-sdk/src/rp2_common/hardware_timer/timer.c.obj
 .comment       0x0000000000000033       0x34 CMakeFiles/app.dir/home/isaac/pico/pico-sdk/src/common/pico_util/pheap.c.obj