Archive member included to satisfy reference by file (symbol)

/usr/lib/gcc/arm-none-eabi/10.3.1/../../../arm-none-eabi/lib/thumb/v6-m/nofp/libstdc++.a(pure.o)
                              CMakeFiles/app.dir/home/isaac/pico/Projetos/meuRabanho-node/lib/Print.cpp.obj (__cxa_pure_virtual)
/usr/lib/gcc/arm-none-eabi/10.3.1/../../../arm-none-eabi/lib/thumb/v6-m/nofp/libstdc++.a(eh_terminate.o)
                              /usr/lib/gcc/arm-none-eabi/10.3.1/../../../arm-none-eabi/lib/thumb/v6-m/nofp/libstdc++.a(pure.o) (std::terminate())
/usr/lib/gcc/arm-none-eabi/10.3.1/../../../arm-none-eabi/lib/thumb/v6-m/nofp/libstdc++.a(eh_unex_handler.o)
                              /usr/lib/gcc/arm-none-eabi/10.3.1/../../../arm-none-eabi/lib/thumb/v6-m/nofp/libstdc++.a(eh_terminate.o) (__cxxabiv1::__unexpected_handler)
/usr/lib/gcc/arm-none-eabi/10.3.1/../../../arm-none-eabi/lib/thumb/v6-m/nofp/libstdc++.a(eh_arm.o)
                              /usr/lib/gcc/arm-none-eabi/10.3.1/../../../arm-none-eabi/lib/thumb/v6-m/nofp/libstdc++.a(eh_terminate.o) (__cxa_end_cleanup)
/usr/lib/gcc/arm-none-eabi/10.3.1/../../../arm-none-eabi/lib/thumb/v6-m/nofp/libstdc++.a(eh_call.o)
                              /usr/lib/gcc/arm-none-eabi/10.3.1/../../../arm-none-eabi/lib/thumb/v6-m/nofp/libstdc++.a(eh_terminate.o) (__cxa_call_unexpected)
/usr/lib/gcc/arm-none-eabi/10.3.1/../../../arm-none-eabi/lib/thumb/v6-m/nofp/libstdc++.a(eh_catch.o)
                              /usr/lib/gcc/arm-none-eabi/10.3.1/../../../arm-none-eabi/lib/thumb/v6-m/nofp/libstdc++.a(eh_terminate.o) (__cxa_begin_catch)
/usr/lib/gcc/arm-none-eabi/10.3.1/../../../arm-none-eabi/lib/thumb/v6-m/nofp/libstdc++.a(eh_exception.o)
                              /usr/lib/gcc/arm-none-eabi/10.3.1/../../../arm-none-eabi/lib/thumb/v6-m/nofp/libstdc++.a(eh_call.o) (std::bad_exception::~bad_exception())
/usr/lib/gcc/arm-none-eabi/10.3.1/../../../arm-none-eabi/lib/thumb/v6-m/nofp/libstdc++.a(eh_globals.o)
                              /usr/lib/gcc/arm-none-eabi/10.3.1/../../../arm-none-eabi/lib/thumb/v6-m/nofp/libstdc++.a(eh_call.o) (__cxa_get_globals_fast)
/usr/lib/gcc/arm-none-eabi/10.3.1/../../../arm-none-eabi/lib/thumb/v6-m/nofp/libstdc++.a(eh_personality.o)
                              /usr/lib/gcc/arm-none-eabi/10.3.1/../../../arm-none-eabi/lib/thumb/v6-m/nofp/libstdc++.a(eh_terminate.o) (__gxx_personality_v0)
/usr/lib/gcc/arm-none-eabi/10.3.1/../../../arm-none-eabi/lib/thumb/v6-m/nofp/libstdc++.a(eh_term_handler.o)
                              /usr/lib/gcc/arm-none-eabi/10.3.1/../../../arm-none-eabi/lib/thumb/v6-m/nofp/libstdc++.a(eh_terminate.o) (__cxxabiv1::__terminate_handler)
/usr/lib/gcc/arm-none-eabi/10.3.1/../../../arm-none-eabi/lib/thumb/v6-m/nofp/libstdc++.a(eh_throw.o)
                              /usr/lib/gcc/arm-none-eabi/10.3.1/../../../arm-none-eabi/lib/thumb/v6-m/nofp/libstdc++.a(eh_call.o) (__cxa_throw)
/usr/lib/gcc/arm-none-eabi/10.3.1/../../../arm-none-eabi/lib/thumb/v6-m/nofp/libstdc++.a(si_class_type_info.o)
                              /usr/lib/gcc/arm-none-eabi/10.3.1/../../../arm-none-eabi/lib/thumb/v6-m/nofp/libstdc++.a(eh_exception.o) (vtable for __cxxabiv1::__si_class_type_info)
/usr/lib/gcc/arm-none-eabi/10.3.1/../../../arm-none-eabi/lib/thumb/v6-m/nofp/libstdc++.a(tinfo.o)
                              /usr/lib/gcc/arm-none-eabi/10.3.1/../../../arm-none-eabi/lib/thumb/v6-m/nofp/libstdc++.a(si_class_type_info.o) (std::type_info::__is_pointer_p() const)
/usr/lib/gcc/arm-none-eabi/10.3.1/../../../arm-none-eabi/lib/thumb/v6-m/nofp/libstdc++.a(class_type_info.o)
                              /usr/lib/gcc/arm-none-eabi/10.3.1/../../../arm-none-eabi/lib/thumb/v6-m/nofp/libstdc++.a(si_class_type_info.o) (__cxxabiv1::__class_type_info::__do_upcast(__cxxabiv1::__class_type_info const*, void**) const)
/usr/lib/gcc/arm-none-eabi/10.3.1/../../../arm-none-eabi/lib/thumb/v6-m/nofp/libstdc++.a(eh_alloc.o)
                              /usr/lib/gcc/arm-none-eabi/10.3.1/../../../arm-none-eabi/lib/thumb/v6-m/nofp/libstdc++.a(eh_call.o) (__cxa_allocate_exception)
/usr/lib/gcc/arm-none-eabi/10.3.1/thumb/v6-m/nofp/libgcc.a(_dvmd_tls.o)
                              CMakeFiles/app.dir/home/isaac/pico/pico-sdk/src/rp2_common/pico_divider/divider.S.obj (__aeabi_idiv0)
/usr/lib/gcc/arm-none-eabi/10.3.1/thumb/v6-m/nofp/libgcc.a(unwind-arm.o)
                              /usr/lib/gcc/arm-none-eabi/10.3.1/../../../arm-none-eabi/lib/thumb/v6-m/nofp/libstdc++.a(eh_arm.o) (__aeabi_unwind_cpp_pr1)
/usr/lib/gcc/arm-none-eabi/10.3.1/thumb/v6-m/nofp/libgcc.a(libunwind.o)
                              /usr/lib/gcc/arm-none-eabi/10.3.1/thumb/v6-m/nofp/libgcc.a(unwind-arm.o) (restore_core_regs)
/usr/lib/gcc/arm-none-eabi/10.3.1/thumb/v6-m/nofp/libgcc.a(pr-support.o)
                              /usr/lib/gcc/arm-none-eabi/10.3.1/thumb/v6-m/nofp/libgcc.a(unwind-arm.o) (__gnu_unwind_execute)
[...]
Memory Configuration

Name             Origin             Length             Attributes
FLASH            0x0000000010000000 0x0000000000200000 xr
RAM              0x0000000020000000 0x0000000000040000 xrw
SCRATCH_X        0x0000000020040000 0x0000000000001000 xrw
SCRATCH_Y        0x0000000020041000 0x0000000000001000 xrw
*default*        0x0000000000000000 0xffffffffffffffff

Linker script and memory map

LOAD /usr/lib/gcc/arm-none-eabi/10.3.1/thumb/v6-m/nofp/crti.o
LOAD /usr/lib/gcc/arm-none-eabi/10.3.1/thumb/v6-m/nofp/crtbegin.o
LOAD /usr/lib/gcc/arm-none-eabi/10.3.1/../../../arm-none-eabi/lib/thumb/v6-m/nofp/crt0.o

.flash_begin    0x0000000010000000        0x0
                0x0000000010000000                __flash_binary_start = .

.boot2          0x0000000010000000      0x100
                0x0000000010000000                __boot2_start__ = .
 *(.boot2)
 .boot2         0x0000000010000000      0x100 /tmp/cclAzygL.o
                0x0000000010000100                __boot2_end__ = .
                0x0000000000000001                ASSERT (((__boot2_end__ - __boot2_start__) == 0x100), ERROR: Pico second stage bootloader must be 256 bytes in size)

.text           0x0000000010000100     0x8bc8
                0x0000000010000100                __logical_binary_start = .
 *(.vectors)
 .vectors       0x0000000010000100       0xd4 CMakeFiles/app.dir/home/isaac/pico/pico-sdk/src/rp2_common/pico_standard_link/crt0.S.obj
                0x0000000010000100                __vectors
                0x0000000010000100                __VECTOR_TABLE
                0x00000000100001c0                isr_invalid
                0x00000000100001c0                __default_isrs_start
                0x00000000100001c2                isr_nmi
                0x00000000100001c4                isr_hardfault
                0x00000000100001c6                isr_svcall
                0x00000000100001c8                isr_pendsv
                0x00000000100001ca                isr_systick
                0x00000000100001cc                isr_irq30
                0x00000000100001cc                __unhandled_user_irq
                0x00000000100001cc                isr_irq13
                0x00000000100001cc                isr_irq27
                0x00000000100001cc                isr_irq31
                0x00000000100001cc                isr_irq5
                0x00000000100001cc                isr_irq11
                0x00000000100001cc                isr_irq23
                0x00000000100001cc                isr_irq18
                0x00000000100001cc                isr_irq28
                0x00000000100001cc                isr_irq19
                0x00000000100001cc                isr_irq0
                0x00000000100001cc                isr_irq6
                0x00000000100001cc                isr_irq22
                0x00000000100001cc                isr_irq17
                0x00000000100001cc                isr_irq14
                0x00000000100001cc                isr_irq2
                0x00000000100001cc                isr_irq10
                0x00000000100001cc                isr_irq8
                0x00000000100001cc                isr_irq24
                0x00000000100001cc                isr_irq1
                0x00000000100001cc                isr_irq7
                0x00000000100001cc                isr_irq21
                0x00000000100001cc                isr_irq20
                0x00000000100001cc                isr_irq15
                0x00000000100001cc                isr_irq25
                0x00000000100001cc                isr_irq4
                0x00000000100001cc                isr_irq16
                0x00000000100001cc                isr_irq29
                0x00000000100001cc                isr_irq26
                0x00000000100001cc                __default_isrs_end
                0x00000000100001cc                isr_irq3
                0x00000000100001cc                isr_irq12
                0x00000000100001cc                isr_irq9
                0x00000000100001d2                unhandled_user_irq_num_in_r0
 *(.binary_info_header)
 .binary_info_header
                0x00000000100001d4       0x14 CMakeFiles/app.dir/home/isaac/pico/pico-sdk/src/rp2_common/pico_standard_link/crt0.S.obj
                0x00000000100001e8                __binary_info_header_end = .
 *(.reset)
 .reset         0x00000000100001e8       0xa0 CMakeFiles/app.dir/home/isaac/pico/pico-sdk/src/rp2_common/pico_standard_link/crt0.S.obj
                0x00000000100001e8                _entry_point
 .reset         0x0000000010000288       0x30 CMakeFiles/app.dir/home/isaac/pico/pico-sdk/src/rp2_common/pico_standard_link/binary_info.c.obj
 *(.init)
 .init          0x00000000100002b8        0x4 /usr/lib/gcc/arm-none-eabi/10.3.1/thumb/v6-m/nofp/crti.o
                0x00000000100002b8                _init
 *(EXCLUDE_FILE(*libm.a: *libc.a:*lib_a-mem*.o *libgcc.a:) .text*)
 .text          0x00000000100002bc       0x98 /usr/lib/gcc/arm-none-eabi/10.3.1/thumb/v6-m/nofp/crtbegin.o
 .text._Z14getLocalizacaov
                0x0000000010000354      0x208 CMakeFiles/app.dir/main.cpp.obj
                0x0000000010000354                getLocalizacao()
 .text._Z15on_uart_gps_irqv
                0x000000001000055c       0x54 CMakeFiles/app.dir/main.cpp.obj
                0x000000001000055c                on_uart_gps_irq()
 .text._ZL14sleep_callbackv
                0x00000000100005b0       0xc0 CMakeFiles/app.dir/main.cpp.obj
 .text._Z11uart_configv
                0x0000000010000670       0x6c CMakeFiles/app.dir/main.cpp.obj
                0x0000000010000670                uart_config()
 .text._Z9lora_initv
                0x00000000100006dc       0xcc CMakeFiles/app.dir/main.cpp.obj
                0x00000000100006dc                lora_init()
 .text.startup.main
                0x00000000100007a8      0x330 CMakeFiles/app.dir/main.cpp.obj
                0x00000000100007a8                main
 .text._ZN5Print17availableForWriteEv
                0x0000000010000ad8        0x4 CMakeFiles/app.dir/home/isaac/pico/Projetos/meuRabanho-node/lib/LoRa-RP2040.cpp.obj
                0x0000000010000ad8                Print::availableForWrite()
 .text._ZN9LoRaClass5flushEv
                0x0000000010000adc        0x4 CMakeFiles/app.dir/home/isaac/pico/Projetos/meuRabanho-node/lib/LoRa-RP2040.cpp.obj
                0x0000000010000adc                LoRaClass::flush()
 .text._ZN9LoRaClass9availableEv
                0x0000000010000ae0       0x64 CMakeFiles/app.dir/home/isaac/pico/Projetos/meuRabanho-node/lib/LoRa-RP2040.cpp.obj
                0x0000000010000ae0                LoRaClass::available()
 .text._ZN9LoRaClass4readEv
                0x0000000010000b44       0xbc CMakeFiles/app.dir/home/isaac/pico/Projetos/meuRabanho-node/lib/LoRa-RP2040.cpp.obj
                0x0000000010000b44                LoRaClass::read()
 .text._ZN9LoRaClass5writeEPKhj
                0x0000000010000c00      0x104 CMakeFiles/app.dir/home/isaac/pico/Projetos/meuRabanho-node/lib/LoRa-RP2040.cpp.obj
                0x0000000010000c00                LoRaClass::write(unsigned char const*, unsigned int)
 .text._ZN9LoRaClass4peekEv
                0x0000000010000d04      0x120 CMakeFiles/app.dir/home/isaac/pico/Projetos/meuRabanho-node/lib/LoRa-RP2040.cpp.obj
                0x0000000010000d04                LoRaClass::peek()
 .text._ZN9LoRaClass5writeEh
                0x0000000010000e24       0xf8 CMakeFiles/app.dir/home/isaac/pico/Projetos/meuRabanho-node/lib/LoRa-RP2040.cpp.obj
                0x0000000010000e24                LoRaClass::write(unsigned char)
 .text._ZN9LoRaClass5beginEl
                0x0000000010000f1c      0x330 CMakeFiles/app.dir/home/isaac/pico/Projetos/meuRabanho-node/lib/LoRa-RP2040.cpp.obj
                0x0000000010000f1c                LoRaClass::begin(long)
 .text._ZN9LoRaClass11beginPacketEi
                0x000000001000124c      0x214 CMakeFiles/app.dir/home/isaac/pico/Projetos/meuRabanho-node/lib/LoRa-RP2040.cpp.obj
                0x000000001000124c                LoRaClass::beginPacket(int)
 .text._ZN9LoRaClass9endPacketEb
                0x0000000010001460      0x16c CMakeFiles/app.dir/home/isaac/pico/Projetos/meuRabanho-node/lib/LoRa-RP2040.cpp.obj
                0x0000000010001460                LoRaClass::endPacket(bool)
 .text._ZN9LoRaClass11setSyncWordEi
                0x00000000100015cc       0x54 CMakeFiles/app.dir/home/isaac/pico/Projetos/meuRabanho-node/lib/LoRa-RP2040.cpp.obj
                0x00000000100015cc                LoRaClass::setSyncWord(int)
 .text.startup._GLOBAL__sub_I__ZN9LoRaClassC2Ev
                0x0000000010001620       0x38 CMakeFiles/app.dir/home/isaac/pico/Projetos/meuRabanho-node/lib/LoRa-RP2040.cpp.obj
 .text._ZN5Print5writeEPKhj
                0x0000000010001658       0x28 CMakeFiles/app.dir/home/isaac/pico/Projetos/meuRabanho-node/lib/Print.cpp.obj
                0x0000000010001658                Print::write(unsigned char const*, unsigned int)
 .text._ZN5Print5printEPKc
                0x0000000010001680       0x60 CMakeFiles/app.dir/home/isaac/pico/Projetos/meuRabanho-node/lib/Print.cpp.obj
                0x0000000010001680                Print::print(char const*)
 .text._ZN5Print11printNumberEmh
                0x00000000100016e0       0x9c CMakeFiles/app.dir/home/isaac/pico/Projetos/meuRabanho-node/lib/Print.cpp.obj
                0x00000000100016e0                Print::printNumber(unsigned long, unsigned char)
 .text._ZN5Print5printEhi
                0x000000001000177c       0x18 CMakeFiles/app.dir/home/isaac/pico/Projetos/meuRabanho-node/lib/Print.cpp.obj
                0x000000001000177c                Print::print(unsigned char, int)
 .text.setup_default_uart
                0x0000000010001794        0x8 CMakeFiles/app.dir/home/isaac/pico/pico-sdk/src/rp2_common/pico_stdlib/stdlib.c.obj
                0x0000000010001794                setup_default_uart
 .text.gpio_set_function
                0x000000001000179c       0x30 CMakeFiles/app.dir/home/isaac/pico/pico-sdk/src/rp2_common/hardware_gpio/gpio.c.obj
                0x000000001000179c                gpio_set_function
 .text.gpio_init
                0x00000000100017cc       0x3c CMakeFiles/app.dir/home/isaac/pico/pico-sdk/src/rp2_common/hardware_gpio/gpio.c.obj
                0x00000000100017cc                gpio_init
 .text.running_on_fpga
                0x0000000010001808       0x10 CMakeFiles/app.dir/home/isaac/pico/pico-sdk/src/rp2_common/pico_platform/platform.c.obj
                0x0000000010001808                running_on_fpga
 .text.hw_claim_or_assert
                0x0000000010001818       0x44 CMakeFiles/app.dir/home/isaac/pico/pico-sdk/src/rp2_common/hardware_claim/claim.c.obj
                0x0000000010001818                hw_claim_or_assert
 .text.spin_locks_reset
                0x000000001000185c       0x1c CMakeFiles/app.dir/home/isaac/pico/pico-sdk/src/rp2_common/hardware_sync/sync.c.obj
                0x000000001000185c                spin_locks_reset
 .text.next_striped_spin_lock_num
                0x0000000010001878       0x18 CMakeFiles/app.dir/home/isaac/pico/pico-sdk/src/rp2_common/hardware_sync/sync.c.obj
                0x0000000010001878                next_striped_spin_lock_num
 .text.irq_set_enabled
                0x0000000010001890       0x24 CMakeFiles/app.dir/home/isaac/pico/pico-sdk/src/rp2_common/hardware_irq/irq.c.obj
                0x0000000010001890                irq_set_enabled
 .text.irq_get_vtable_handler
                0x00000000100018b4       0x10 CMakeFiles/app.dir/home/isaac/pico/pico-sdk/src/rp2_common/hardware_irq/irq.c.obj
                0x00000000100018b4                irq_get_vtable_handler
 .text.irq_set_exclusive_handler
                0x00000000100018c4       0x54 CMakeFiles/app.dir/home/isaac/pico/pico-sdk/src/rp2_common/hardware_irq/irq.c.obj
                0x00000000100018c4                irq_set_exclusive_handler
 .text.irq_remove_handler
                0x0000000010001918      0x1b0 CMakeFiles/app.dir/home/isaac/pico/pico-sdk/src/rp2_common/hardware_irq/irq.c.obj
                0x0000000010001918                irq_remove_handler
 .text.irq_add_tail_to_free_list
                0x0000000010001ac8       0xb4 CMakeFiles/app.dir/home/isaac/pico/pico-sdk/src/rp2_common/hardware_irq/irq.c.obj
                0x0000000010001ac8                irq_add_tail_to_free_list
 .text.irq_init_priorities
                0x0000000010001b7c       0x24 CMakeFiles/app.dir/home/isaac/pico/pico-sdk/src/rp2_common/hardware_irq/irq.c.obj
                0x0000000010001b7c                irq_init_priorities
 .text.lock_init
                0x0000000010001ba0       0x10 CMakeFiles/app.dir/home/isaac/pico/pico-sdk/src/common/pico_sync/lock_core.c.obj
                0x0000000010001ba0                lock_init
 .text.mutex_init
                0x0000000010001bb0       0x1c CMakeFiles/app.dir/home/isaac/pico/pico-sdk/src/common/pico_sync/mutex.c.obj
                0x0000000010001bb0                mutex_init
 .text.recursive_mutex_init
                0x0000000010001bcc       0x1c CMakeFiles/app.dir/home/isaac/pico/pico-sdk/src/common/pico_sync/mutex.c.obj
                0x0000000010001bcc                recursive_mutex_init
 .text.timer_pool_entry_comparator
                0x0000000010001be8       0x34 CMakeFiles/app.dir/home/isaac/pico/pico-sdk/src/common/pico_time/time.c.obj
                0x0000000010001be8                timer_pool_entry_comparator
 .text.sleep_until_callback
                0x0000000010001c1c       0x30 CMakeFiles/app.dir/home/isaac/pico/pico-sdk/src/common/pico_time/time.c.obj
 .text.add_alarm_under_lock.isra.0
                0x0000000010001c4c      0x100 CMakeFiles/app.dir/home/isaac/pico/pico-sdk/src/common/pico_time/time.c.obj
 .text.alarm_pool_alarm_callback
                0x0000000010001d4c      0x1bc CMakeFiles/app.dir/home/isaac/pico/pico-sdk/src/common/pico_time/time.c.obj
 .text.alarm_pool_init_default
                0x0000000010001f08       0x6c CMakeFiles/app.dir/home/isaac/pico/pico-sdk/src/common/pico_time/time.c.obj
                0x0000000010001f08                alarm_pool_init_default
 .text.alarm_pool_add_alarm_at
                0x0000000010001f74      0x178 CMakeFiles/app.dir/home/isaac/pico/pico-sdk/src/common/pico_time/time.c.obj
                0x0000000010001f74                alarm_pool_add_alarm_at
 .text.sleep_until
                0x00000000100020ec       0xc4 CMakeFiles/app.dir/home/isaac/pico/pico-sdk/src/common/pico_time/time.c.obj
                0x00000000100020ec                sleep_until
 .text.sleep_ms
                0x00000000100021b0       0x34 CMakeFiles/app.dir/home/isaac/pico/pico-sdk/src/common/pico_time/time.c.obj
                0x00000000100021b0                sleep_ms
 .text.best_effort_wfe_or_timeout
                0x00000000100021e4       0xd4 CMakeFiles/app.dir/home/isaac/pico/pico-sdk/src/common/pico_time/time.c.obj
                0x00000000100021e4                best_effort_wfe_or_timeout
 .text.hardware_alarm_irq_handler
                0x00000000100022b8       0xbc CMakeFiles/app.dir/home/isaac/pico/pico-sdk/src/rp2_common/hardware_timer/timer.c.obj
 .text.hardware_alarm_claim
                0x0000000010002374       0x18 CMakeFiles/app.dir/home/isaac/pico/pico-sdk/src/rp2_common/hardware_timer/timer.c.obj
                0x0000000010002374                hardware_alarm_claim
 .text.time_us_64
                0x000000001000238c       0x14 CMakeFiles/app.dir/home/isaac/pico/pico-sdk/src/rp2_common/hardware_timer/timer.c.obj
                0x000000001000238c                time_us_64
 .text.busy_wait_us
                0x00000000100023a0       0x54 CMakeFiles/app.dir/home/isaac/pico/pico-sdk/src/rp2_common/hardware_timer/timer.c.obj
                0x00000000100023a0                busy_wait_us
 .text.busy_wait_until
                0x00000000100023f4       0x20 CMakeFiles/app.dir/home/isaac/pico/pico-sdk/src/rp2_common/hardware_timer/timer.c.obj
                0x00000000100023f4                busy_wait_until
 .text.hardware_alarm_set_callback
                0x0000000010002414       0x8c CMakeFiles/app.dir/home/isaac/pico/pico-sdk/src/rp2_common/hardware_timer/timer.c.obj
                0x0000000010002414                hardware_alarm_set_callback
 .text.hardware_alarm_set_target
                0x00000000100024a0       0xd4 CMakeFiles/app.dir/home/isaac/pico/pico-sdk/src/rp2_common/hardware_timer/timer.c.obj
                0x00000000100024a0                hardware_alarm_set_target
 .text.hardware_alarm_cancel
                0x0000000010002574       0x3c CMakeFiles/app.dir/home/isaac/pico/pico-sdk/src/rp2_common/hardware_timer/timer.c.obj
                0x0000000010002574                hardware_alarm_cancel
 .text.ph_merge_nodes
                0x00000000100025b0       0x68 CMakeFiles/app.dir/home/isaac/pico/pico-sdk/src/common/pico_util/pheap.c.obj
 .text.ph_post_alloc_init
                0x0000000010002618       0x3c CMakeFiles/app.dir/home/isaac/pico/pico-sdk/src/common/pico_util/pheap.c.obj
                0x0000000010002618                ph_post_alloc_init
 .text.ph_merge_two_pass
                0x0000000010002654       0x90 CMakeFiles/app.dir/home/isaac/pico/pico-sdk/src/common/pico_util/pheap.c.obj
                0x0000000010002654                ph_merge_two_pass
 .text.ph_remove_any_head
                0x00000000100026e4      0x100 CMakeFiles/app.dir/home/isaac/pico/pico-sdk/src/common/pico_util/pheap.c.obj
 .text.ph_remove_head
                0x00000000100027e4      0x104 CMakeFiles/app.dir/home/isaac/pico/pico-sdk/src/common/pico_util/pheap.c.obj
                0x00000000100027e4                ph_remove_head
 .text.ph_remove_and_free_node
                0x00000000100028e8       0x7c CMakeFiles/app.dir/home/isaac/pico/pico-sdk/src/common/pico_util/pheap.c.obj
                0x00000000100028e8                ph_remove_and_free_node
 .text.uart_init
                0x0000000010002964      0x188 CMakeFiles/app.dir/home/isaac/pico/pico-sdk/src/rp2_common/hardware_uart/uart.c.obj
                0x0000000010002964                uart_init
 .text.clock_stop
                0x0000000010002aec       0x2c CMakeFiles/app.dir/home/isaac/pico/pico-sdk/src/rp2_common/hardware_clocks/clocks.c.obj
                0x0000000010002aec                clock_stop
 .text.clock_configure
                0x0000000010002b18      0x118 CMakeFiles/app.dir/home/isaac/pico/pico-sdk/src/rp2_common/hardware_clocks/clocks.c.obj
                0x0000000010002b18                clock_configure
 .text.clocks_init
                0x0000000010002c30      0x2d0 CMakeFiles/app.dir/home/isaac/pico/pico-sdk/src/rp2_common/hardware_clocks/clocks.c.obj
                0x0000000010002c30                clocks_init
 .text.clock_get_hz
                0x0000000010002f00        0xc CMakeFiles/app.dir/home/isaac/pico/pico-sdk/src/rp2_common/hardware_clocks/clocks.c.obj
                0x0000000010002f00                clock_get_hz
 .text.pll_init
                0x0000000010002f0c       0xa0 CMakeFiles/app.dir/home/isaac/pico/pico-sdk/src/rp2_common/hardware_pll/pll.c.obj
                0x0000000010002f0c                pll_init
 .text.pll_deinit
                0x0000000010002fac        0x8 CMakeFiles/app.dir/home/isaac/pico/pico-sdk/src/rp2_common/hardware_pll/pll.c.obj
                0x0000000010002fac                pll_deinit
 .text.watchdog_start_tick
                0x0000000010002fb4       0x10 CMakeFiles/app.dir/home/isaac/pico/pico-sdk/src/rp2_common/hardware_watchdog/watchdog.c.obj
                0x0000000010002fb4                watchdog_start_tick
 .text.xosc_init
                0x0000000010002fc4       0x28 CMakeFiles/app.dir/home/isaac/pico/pico-sdk/src/rp2_common/hardware_xosc/xosc.c.obj
                0x0000000010002fc4                xosc_init
 .text.xosc_disable
                0x0000000010002fec       0x24 CMakeFiles/app.dir/home/isaac/pico/pico-sdk/src/rp2_common/hardware_xosc/xosc.c.obj
                0x0000000010002fec                xosc_disable
 .text.runtime_init
                0x0000000010003010       0xf0 CMakeFiles/app.dir/home/isaac/pico/pico-sdk/src/rp2_common/pico_runtime/runtime.c.obj
                0x0000000010003010                runtime_init
 .text._exit    0x0000000010003100        0x4 CMakeFiles/app.dir/home/isaac/pico/pico-sdk/src/rp2_common/pico_runtime/runtime.c.obj
                0x0000000010003100                _exit
 .text._sbrk    0x0000000010003104       0x34 CMakeFiles/app.dir/home/isaac/pico/pico-sdk/src/rp2_common/pico_runtime/runtime.c.obj
                0x0000000010003104                _sbrk
 .text.exit     0x0000000010003138        0x8 CMakeFiles/app.dir/home/isaac/pico/pico-sdk/src/rp2_common/pico_runtime/runtime.c.obj
                0x0000000010003138                exit
 .text.__assert_func
                0x0000000010003140       0x34 CMakeFiles/app.dir/home/isaac/pico/pico-sdk/src/rp2_common/pico_runtime/runtime.c.obj
                0x0000000010003140                __assert_func
 .text.panic    0x0000000010003174       0x30 CMakeFiles/app.dir/home/isaac/pico/pico-sdk/src/rp2_common/pico_runtime/runtime.c.obj
                0x0000000010003174                panic
 .text.hard_assertion_failure
                0x00000000100031a4        0xc CMakeFiles/app.dir/home/isaac/pico/pico-sdk/src/rp2_common/pico_runtime/runtime.c.obj
                0x00000000100031a4                hard_assertion_failure
 .text._out_buffer
                0x00000000100031b0        0x8 CMakeFiles/app.dir/home/isaac/pico/pico-sdk/src/rp2_common/pico_printf/printf.c.obj
 .text._out_null
                0x00000000100031b8        0x4 CMakeFiles/app.dir/home/isaac/pico/pico-sdk/src/rp2_common/pico_printf/printf.c.obj
 .text._out_rev
                0x00000000100031bc       0x9c CMakeFiles/app.dir/home/isaac/pico/pico-sdk/src/rp2_common/pico_printf/printf.c.obj
 .text._ntoa_format
                0x0000000010003258      0x1cc CMakeFiles/app.dir/home/isaac/pico/pico-sdk/src/rp2_common/pico_printf/printf.c.obj
 .text._out_char
                0x0000000010003424       0x10 CMakeFiles/app.dir/home/isaac/pico/pico-sdk/src/rp2_common/pico_printf/printf.c.obj
 .text._out_fct
                0x0000000010003434       0x10 CMakeFiles/app.dir/home/isaac/pico/pico-sdk/src/rp2_common/pico_printf/printf.c.obj
 .text._etoa    0x0000000010003444      0x44c CMakeFiles/app.dir/home/isaac/pico/pico-sdk/src/rp2_common/pico_printf/printf.c.obj
 .text._ftoa    0x0000000010003890      0x398 CMakeFiles/app.dir/home/isaac/pico/pico-sdk/src/rp2_common/pico_printf/printf.c.obj
 .text._vsnprintf
                0x0000000010003c28      0xb04 CMakeFiles/app.dir/home/isaac/pico/pico-sdk/src/rp2_common/pico_printf/printf.c.obj
 .text.__wrap_sprintf
                0x000000001000472c       0x28 CMakeFiles/app.dir/home/isaac/pico/pico-sdk/src/rp2_common/pico_printf/printf.c.obj
                0x000000001000472c                __wrap_sprintf
 .text.vfctprintf
                0x0000000010004754       0x20 CMakeFiles/app.dir/home/isaac/pico/pico-sdk/src/rp2_common/pico_printf/printf.c.obj
                0x0000000010004754                vfctprintf
 .text.weak_raw_printf
                0x0000000010004774       0x40 CMakeFiles/app.dir/home/isaac/pico/pico-sdk/src/rp2_common/pico_printf/printf.c.obj
                0x0000000010004774                weak_raw_printf
 .text.weak_raw_vprintf
                0x00000000100047b4       0x30 CMakeFiles/app.dir/home/isaac/pico/pico-sdk/src/rp2_common/pico_printf/printf.c.obj
                0x00000000100047b4                weak_raw_vprintf
 .text          0x00000000100047e4       0x10 CMakeFiles/app.dir/home/isaac/pico/pico-sdk/src/rp2_common/pico_bit_ops/bit_ops_aeabi.S.obj
 .text.rom_func_lookup
                0x00000000100047f4       0x10 CMakeFiles/app.dir/home/isaac/pico/pico-sdk/src/rp2_common/pico_bootrom/bootrom.c.obj
                0x00000000100047f4                rom_func_lookup
 .text.rom_data_lookup
                0x0000000010004804       0x10 CMakeFiles/app.dir/home/isaac/pico/pico-sdk/src/rp2_common/pico_bootrom/bootrom.c.obj
                0x0000000010004804                rom_data_lookup
 .text.rom_funcs_lookup
                0x0000000010004814       0x44 CMakeFiles/app.dir/home/isaac/pico/pico-sdk/src/rp2_common/pico_bootrom/bootrom.c.obj
                0x0000000010004814                rom_funcs_lookup
 .text.__wrap___aeabi_idiv
                0x0000000010004858       0x50 CMakeFiles/app.dir/home/isaac/pico/pico-sdk/src/rp2_common/pico_divider/divider.S.obj
                0x0000000010004858                __wrap___aeabi_idivmod
                0x0000000010004858                divmod_s32s32
                0x0000000010004858                div_s32s32
                0x0000000010004858                __wrap___aeabi_idiv
                0x0000000010004860                divmod_s32s32_unsafe
                0x000000001000488c                divmod_s32s32_savestate
 .text.__wrap___aeabi_uidiv
                0x00000000100048a8       0x4c CMakeFiles/app.dir/home/isaac/pico/pico-sdk/src/rp2_common/pico_divider/divider.S.obj
                0x00000000100048a8                __wrap___aeabi_uidiv
                0x00000000100048a8                __wrap___aeabi_uidivmod
                0x00000000100048a8                div_u32u32
                0x00000000100048a8                divmod_u32u32
                0x00000000100048b0                divmod_u32u32_unsafe
                0x00000000100048d8                divmod_u32u32_savestate
 .text.__wrap___aeabi_ldiv
                0x00000000100048f4      0x424 CMakeFiles/app.dir/home/isaac/pico/pico-sdk/src/rp2_common/pico_divider/divider.S.obj
                0x00000000100048f4                div_s64s64
                0x00000000100048f4                divmod_s64s64
                0x00000000100048f4                __wrap___aeabi_ldivmod
                0x0000000010004924                div_u64u64
                0x0000000010004924                divmod_u64u64
                0x0000000010004924                __wrap___aeabi_uldivmod
                0x0000000010004934                divmod_u64u64_savestate
                0x0000000010004954                divmod_s64s64_unsafe
                0x00000000100049dc                divmod_u64u64_unsafe
 .text.__wrap___aeabi_darithmetic
                0x0000000010004d18       0x60 CMakeFiles/app.dir/home/isaac/pico/pico-sdk/src/rp2_common/pico_double/double_aeabi.S.obj
                0x0000000010004d18                __wrap___aeabi_drsub
                0x0000000010004d1e                __wrap___aeabi_dsub
                0x0000000010004d28                __wrap___aeabi_dadd
                0x0000000010004d32                __wrap___aeabi_ddiv
                0x0000000010004d66                __wrap___aeabi_dmul
 .text.__wrap___aeabi_cdcmple
                0x0000000010004d78       0x6c CMakeFiles/app.dir/home/isaac/pico/pico-sdk/src/rp2_common/pico_double/double_aeabi.S.obj
                0x0000000010004d78                __wrap___aeabi_cdrcmple
                0x0000000010004d88                __wrap___aeabi_cdcmple
                0x0000000010004d88                __wrap___aeabi_cdcmpeq
 .text.__wrap___aeabi_dcmpeq
                0x0000000010004de4       0x10 CMakeFiles/app.dir/home/isaac/pico/pico-sdk/src/rp2_common/pico_double/double_aeabi.S.obj
                0x0000000010004de4                __wrap___aeabi_dcmpeq
 .text.__wrap___aeabi_dcmplt
                0x0000000010004df4        0xc CMakeFiles/app.dir/home/isaac/pico/pico-sdk/src/rp2_common/pico_double/double_aeabi.S.obj
                0x0000000010004df4                __wrap___aeabi_dcmplt
 .text.__wrap___aeabi_dcmple
                0x0000000010004e00       0x10 CMakeFiles/app.dir/home/isaac/pico/pico-sdk/src/rp2_common/pico_double/double_aeabi.S.obj
                0x0000000010004e00                __wrap___aeabi_dcmple
 .text.__wrap___aeabi_dcmpge
                0x0000000010004e10       0x10 CMakeFiles/app.dir/home/isaac/pico/pico-sdk/src/rp2_common/pico_double/double_aeabi.S.obj
                0x0000000010004e10                __wrap___aeabi_dcmpge
 .text.__wrap___aeabi_dcmpgt
                0x0000000010004e20        0xa CMakeFiles/app.dir/home/isaac/pico/pico-sdk/src/rp2_common/pico_double/double_aeabi.S.obj
                0x0000000010004e20                __wrap___aeabi_dcmpgt
 .text.__wrap___aeabi_dcmpun
                0x0000000010004e2a       0x1c CMakeFiles/app.dir/home/isaac/pico/pico-sdk/src/rp2_common/pico_double/double_aeabi.S.obj
                0x0000000010004e2a                __wrap___aeabi_dcmpun
 *fill*         0x0000000010004e46        0x2 
 .text.__wrap___aeabi_i2d
                0x0000000010004e48       0x38 CMakeFiles/app.dir/home/isaac/pico/pico-sdk/src/rp2_common/pico_double/double_aeabi.S.obj
                0x0000000010004e48                __wrap___aeabi_ui2d
                0x0000000010004e50                __wrap___aeabi_i2d
 .text.__wrap___aeabi_d2iz
                0x0000000010004e80       0x48 CMakeFiles/app.dir/home/isaac/pico/pico-sdk/src/rp2_common/pico_double/double_aeabi.S.obj
                0x0000000010004e80                __wrap___aeabi_d2iz
                0x0000000010004e80                double2int_z
 .text.__wrap___aeabi_d2uiz
                0x0000000010004ec8       0x10 CMakeFiles/app.dir/home/isaac/pico/pico-sdk/src/rp2_common/pico_double/double_aeabi.S.obj
                0x0000000010004ec8                double2uint
                0x0000000010004ec8                __wrap___aeabi_d2uiz
 .text.__wrap___aeabi_l2d
                0x0000000010004ed8       0x10 CMakeFiles/app.dir/home/isaac/pico/pico-sdk/src/rp2_common/pico_double/double_aeabi.S.obj
                0x0000000010004ed8                __wrap___aeabi_l2d
 .text.__wrap___aeabi_d2lz
                0x0000000010004ee8       0x26 CMakeFiles/app.dir/home/isaac/pico/pico-sdk/src/rp2_common/pico_double/double_aeabi.S.obj
                0x0000000010004ee8                __wrap___aeabi_d2lz
                0x0000000010004ee8                double2int64_z
 *fill*         0x0000000010004f0e        0x2 
 .text.double2int64
                0x0000000010004f10       0x10 CMakeFiles/app.dir/home/isaac/pico/pico-sdk/src/rp2_common/pico_double/double_aeabi.S.obj
                0x0000000010004f10                double2int64
 .text.double2ufix64
                0x0000000010004f20       0x10 CMakeFiles/app.dir/home/isaac/pico/pico-sdk/src/rp2_common/pico_double/double_aeabi.S.obj
                0x0000000010004f20                double2ufix64
 .text.__wrap___aeabi_d2f
                0x0000000010004f30       0x10 CMakeFiles/app.dir/home/isaac/pico/pico-sdk/src/rp2_common/pico_double/double_aeabi.S.obj
                0x0000000010004f30                __wrap___aeabi_d2f
 .text.missing_double_func_shim
                0x0000000010004f40        0xc CMakeFiles/app.dir/home/isaac/pico/pico-sdk/src/rp2_common/pico_double/double_init_rom.c.obj
 .text.__aeabi_double_init
                0x0000000010004f4c       0x98 CMakeFiles/app.dir/home/isaac/pico/pico-sdk/src/rp2_common/pico_double/double_init_rom.c.obj
                0x0000000010004f4c                __aeabi_double_init
 .text.double_table_shim_on_use_helper
                0x0000000010004fe4       0x2c CMakeFiles/app.dir/home/isaac/pico/pico-sdk/src/rp2_common/pico_double/double_v1_rom_shim.S.obj
                0x0000000010004fe4                double_table_shim_on_use_helper
 .text.__aeabi_lmul
                0x0000000010005010       0x32 CMakeFiles/app.dir/home/isaac/pico/pico-sdk/src/rp2_common/pico_int64_ops/pico_int64_ops_aeabi.S.obj
                0x0000000010005010                __wrap___aeabi_lmul
 *fill*         0x0000000010005042        0x2 
 .text.__wrap___aeabi_cfcmple
                0x0000000010005044       0x50 CMakeFiles/app.dir/home/isaac/pico/pico-sdk/src/rp2_common/pico_float/float_aeabi.S.obj
                0x0000000010005044                __wrap___aeabi_cfrcmple
                0x0000000010005050                __wrap___aeabi_cfcmpeq
                0x0000000010005050                __wrap___aeabi_cfcmple
 .text.__wrap___aeabi_fcmple
                0x0000000010005094       0x10 CMakeFiles/app.dir/home/isaac/pico/pico-sdk/src/rp2_common/pico_float/float_aeabi.S.obj
                0x0000000010005094                __wrap___aeabi_fcmple
 .text.__wrap___aeabi_fcmpun
                0x00000000100050a4       0x18 CMakeFiles/app.dir/home/isaac/pico/pico-sdk/src/rp2_common/pico_float/float_aeabi.S.obj
                0x00000000100050a4                __wrap___aeabi_fcmpun
 .text.missing_float_func_shim
                0x00000000100050bc        0xc CMakeFiles/app.dir/home/isaac/pico/pico-sdk/src/rp2_common/pico_float/float_init_rom.c.obj
 .text.__aeabi_float_init
                0x00000000100050c8       0x5c CMakeFiles/app.dir/home/isaac/pico/pico-sdk/src/rp2_common/pico_float/float_init_rom.c.obj
                0x00000000100050c8                __aeabi_float_init
 .text.__wrap_malloc
                0x0000000010005124       0x24 CMakeFiles/app.dir/home/isaac/pico/pico-sdk/src/rp2_common/pico_malloc/pico_malloc.c.obj
                0x0000000010005124                __wrap_malloc
 .text          0x0000000010005148       0x10 CMakeFiles/app.dir/home/isaac/pico/pico-sdk/src/rp2_common/pico_mem_ops/mem_ops_aeabi.S.obj
                0x0000000010005148                __aeabi_mem_init
 .text.memset   0x0000000010005158        0xc CMakeFiles/app.dir/home/isaac/pico/pico-sdk/src/rp2_common/pico_mem_ops/mem_ops_aeabi.S.obj
                0x0000000010005158                __wrap_memset
 .text.memcpy   0x0000000010005164        0xc CMakeFiles/app.dir/home/isaac/pico/pico-sdk/src/rp2_common/pico_mem_ops/mem_ops_aeabi.S.obj
                0x0000000010005164                __wrap___aeabi_memcpy
                0x0000000010005164                __wrap_memcpy
 .text.stdio_out_chars_no_crlf
                0x0000000010005170       0x10 CMakeFiles/app.dir/home/isaac/pico/pico-sdk/src/rp2_common/pico_stdio/stdio.c.obj
 .text.stdio_out_chars_crlf
                0x0000000010005180       0xb4 CMakeFiles/app.dir/home/isaac/pico/pico-sdk/src/rp2_common/pico_stdio/stdio.c.obj
 .text.stdio_buffered_printer
                0x0000000010005234       0x64 CMakeFiles/app.dir/home/isaac/pico/pico-sdk/src/rp2_common/pico_stdio/stdio.c.obj
 .text.stdio_put_string.isra.0
                0x0000000010005298       0xfc CMakeFiles/app.dir/home/isaac/pico/pico-sdk/src/rp2_common/pico_stdio/stdio.c.obj
 .text.__wrap_putchar
                0x0000000010005394       0x98 CMakeFiles/app.dir/home/isaac/pico/pico-sdk/src/rp2_common/pico_stdio/stdio.c.obj
                0x0000000010005394                __wrap_putchar
 .text.__wrap_puts
                0x000000001000542c       0x3c CMakeFiles/app.dir/home/isaac/pico/pico-sdk/src/rp2_common/pico_stdio/stdio.c.obj
                0x000000001000542c                __wrap_puts
 .text.stdio_set_driver_enabled
                0x0000000010005468       0x30 CMakeFiles/app.dir/home/isaac/pico/pico-sdk/src/rp2_common/pico_stdio/stdio.c.obj
                0x0000000010005468                stdio_set_driver_enabled
 .text.__wrap_vprintf
                0x0000000010005498       0xd8 CMakeFiles/app.dir/home/isaac/pico/pico-sdk/src/rp2_common/pico_stdio/stdio.c.obj
                0x0000000010005498                __wrap_vprintf
 .text.__wrap_printf
                0x0000000010005570       0x18 CMakeFiles/app.dir/home/isaac/pico/pico-sdk/src/rp2_common/pico_stdio/stdio.c.obj
                0x0000000010005570                __wrap_printf
 .text.stdio_init_all
                0x0000000010005588        0xc CMakeFiles/app.dir/home/isaac/pico/pico-sdk/src/rp2_common/pico_stdio/stdio.c.obj
                0x0000000010005588                stdio_init_all
 .text.stdio_uart_out_chars
                0x0000000010005594       0x4c CMakeFiles/app.dir/home/isaac/pico/pico-sdk/src/rp2_common/pico_stdio_uart/stdio_uart.c.obj
 .text.stdio_uart_in_chars
                0x00000000100055e0       0x84 CMakeFiles/app.dir/home/isaac/pico/pico-sdk/src/rp2_common/pico_stdio_uart/stdio_uart.c.obj
                0x00000000100055e0                stdio_uart_in_chars
 .text.on_uart_rx
                0x0000000010005664       0x28 CMakeFiles/app.dir/home/isaac/pico/pico-sdk/src/rp2_common/pico_stdio_uart/stdio_uart.c.obj
 .text.stdio_uart_set_chars_available_callback
                0x000000001000568c       0x8c CMakeFiles/app.dir/home/isaac/pico/pico-sdk/src/rp2_common/pico_stdio_uart/stdio_uart.c.obj
 .text.stdio_uart_init
                0x0000000010005718       0x48 CMakeFiles/app.dir/home/isaac/pico/pico-sdk/src/rp2_common/pico_stdio_uart/stdio_uart.c.obj
                0x0000000010005718                stdio_uart_init
 .text.startup._retrieve_unique_id_on_boot
                0x0000000010005760       0x10 CMakeFiles/app.dir/home/isaac/pico/pico-sdk/src/rp2_common/pico_unique_id/unique_id.c.obj
 .text.flash_get_unique_id
                0x0000000010005770       0x40 CMakeFiles/app.dir/home/isaac/pico/pico-sdk/src/rp2_common/hardware_flash/flash.c.obj
                0x0000000010005770                flash_get_unique_id
 .text.spi_init
                0x00000000100057b0      0x138 CMakeFiles/app.dir/home/isaac/pico/pico-sdk/src/rp2_common/hardware_spi/spi.c.obj
                0x00000000100057b0                spi_init
 .text.rtc_irq_handler
                0x00000000100058e8       0x54 CMakeFiles/app.dir/home/isaac/pico/pico-sdk/src/rp2_common/hardware_rtc/rtc.c.obj
 .text.rtc_init
                0x000000001000593c       0x38 CMakeFiles/app.dir/home/isaac/pico/pico-sdk/src/rp2_common/hardware_rtc/rtc.c.obj
                0x000000001000593c                rtc_init
 .text.rtc_set_datetime
                0x0000000010005974       0xac CMakeFiles/app.dir/home/isaac/pico/pico-sdk/src/rp2_common/hardware_rtc/rtc.c.obj
                0x0000000010005974                rtc_set_datetime
 .text.rtc_set_alarm
                0x0000000010005a20      0x178 CMakeFiles/app.dir/home/isaac/pico/pico-sdk/src/rp2_common/hardware_rtc/rtc.c.obj
                0x0000000010005a20                rtc_set_alarm
 .text.rosc_disable
                0x0000000010005b98       0x30 CMakeFiles/app.dir/home/isaac/pico/pico-extras/src/rp2_common/hardware_rosc/rosc.c.obj
                0x0000000010005b98                rosc_disable
 .text.sleep_run_from_dormant_source
                0x0000000010005bc8       0xe0 CMakeFiles/app.dir/home/isaac/pico/pico-extras/src/rp2_common/pico_sleep/sleep.c.obj
                0x0000000010005bc8                sleep_run_from_dormant_source
 .text.sleep_goto_sleep_until
                0x0000000010005ca8       0x2c CMakeFiles/app.dir/home/isaac/pico/pico-extras/src/rp2_common/pico_sleep/sleep.c.obj
                0x0000000010005ca8                sleep_goto_sleep_until
 .text.startup._GLOBAL__sub_I__ZN9__gnu_cxx9__freeresEv
                0x0000000010005cd4       0x2c /usr/lib/gcc/arm-none-eabi/10.3.1/../../../arm-none-eabi/lib/thumb/v6-m/nofp/libstdc++.a(eh_alloc.o)
 .text          0x0000000010005d00       0x5c /usr/lib/gcc/arm-none-eabi/10.3.1/../../../arm-none-eabi/lib/thumb/v6-m/nofp/libc.a(lib_a-callocr.o)
                0x0000000010005d00                _calloc_r
 .text          0x0000000010005d5c       0x28 /usr/lib/gcc/arm-none-eabi/10.3.1/../../../arm-none-eabi/lib/thumb/v6-m/nofp/libc.a(lib_a-malloc.o)
                0x0000000010005d5c                malloc
                0x0000000010005d70                free
 .text          0x0000000010005d84      0x574 /usr/lib/gcc/arm-none-eabi/10.3.1/../../../arm-none-eabi/lib/thumb/v6-m/nofp/libc.a(lib_a-mallocr.o)
                0x0000000010005d84                _malloc_r
 .text          0x00000000100062f8        0x8 /usr/lib/gcc/arm-none-eabi/10.3.1/../../../arm-none-eabi/lib/thumb/v6-m/nofp/libc.a(lib_a-mlock.o)
                0x00000000100062f8                __malloc_lock
                0x00000000100062fc                __malloc_unlock
 .text          0x0000000010006300       0x24 /usr/lib/gcc/arm-none-eabi/10.3.1/../../../arm-none-eabi/lib/thumb/v6-m/nofp/libc.a(lib_a-sbrkr.o)
                0x0000000010006300                _sbrk_r
 .text          0x0000000010006324       0x4c /usr/lib/gcc/arm-none-eabi/10.3.1/../../../arm-none-eabi/lib/thumb/v6-m/nofp/libc.a(lib_a-stpcpy.o)
                0x0000000010006324                stpcpy
 .text          0x0000000010006370       0x10 /usr/lib/gcc/arm-none-eabi/10.3.1/../../../arm-none-eabi/lib/thumb/v6-m/nofp/libc.a(lib_a-strcpy.o)
                0x0000000010006370                strcpy
 .text          0x0000000010006380       0x5c /usr/lib/gcc/arm-none-eabi/10.3.1/../../../arm-none-eabi/lib/thumb/v6-m/nofp/libc.a(lib_a-strlen-stub.o)
                0x0000000010006380                strlen
 .text          0x00000000100063dc       0x74 /usr/lib/gcc/arm-none-eabi/10.3.1/../../../arm-none-eabi/lib/thumb/v6-m/nofp/libc.a(lib_a-strncmp.o)
                0x00000000100063dc                strncmp
 .text          0x0000000010006450     0x1128 /usr/lib/gcc/arm-none-eabi/10.3.1/../../../arm-none-eabi/lib/thumb/v6-m/nofp/libc.a(lib_a-strtod.o)
                0x0000000010006450                _strtod_l
                0x00000000100073d0                _strtod_r
                0x00000000100073e0                strtod_l
                0x00000000100073f8                strtod
                0x0000000010007414                strtof_l
                0x00000000100074c4                strtof
 .text          0x0000000010007578       0x14 /usr/lib/gcc/arm-none-eabi/10.3.1/../../../arm-none-eabi/lib/thumb/v6-m/nofp/libc.a(lib_a-strtok.o)
                0x0000000010007578                strtok
 .text          0x000000001000758c       0x78 /usr/lib/gcc/arm-none-eabi/10.3.1/../../../arm-none-eabi/lib/thumb/v6-m/nofp/libc.a(lib_a-strtok_r.o)
                0x000000001000758c                __strtok_r
                0x00000000100075f8                strtok_r
 .text          0x0000000010007604      0x260 /usr/lib/gcc/arm-none-eabi/10.3.1/../../../arm-none-eabi/lib/thumb/v6-m/nofp/libc.a(lib_a-freer.o)
                0x0000000010007604                _malloc_trim_r
                0x00000000100076a0                _free_r
 .text          0x0000000010007864      0x670 /usr/lib/gcc/arm-none-eabi/10.3.1/../../../arm-none-eabi/lib/thumb/v6-m/nofp/libc.a(lib_a-gdtoa-gethex.o)
                0x0000000010007908                __gethex
 .text          0x0000000010007ed4      0x1fc /usr/lib/gcc/arm-none-eabi/10.3.1/../../../arm-none-eabi/lib/thumb/v6-m/nofp/libc.a(lib_a-gdtoa-hexnan.o)
                0x0000000010007ed4                __match
                0x0000000010007f00                __hexnan
 .text          0x00000000100080d0       0x44 /usr/lib/gcc/arm-none-eabi/10.3.1/../../../arm-none-eabi/lib/thumb/v6-m/nofp/libc.a(lib_a-mbtowc_r.o)
                0x00000000100080d0                _mbtowc_r
                0x00000000100080e8                __ascii_mbtowc
 .text          0x0000000010008114      0xafc /usr/lib/gcc/arm-none-eabi/10.3.1/../../../arm-none-eabi/lib/thumb/v6-m/nofp/libc.a(lib_a-mprec.o)
                0x0000000010008114                _Balloc
                0x0000000010008164                _Bfree
                0x0000000010008178                __multadd
                0x0000000010008220                __s2b
                0x00000000100082d0                __hi0bits
                0x0000000010008308                __lo0bits
                0x0000000010008364                __i2b
                0x00000000100083c4                __multiply
                0x0000000010008568                __pow5mult
                0x0000000010008640                __lshift
                0x000000001000873c                __mcmp
                0x0000000010008770                __mdiff
                0x00000000100088fc                __ulp
                0x0000000010008944                __b2d
                0x0000000010008a0c                __d2b
                0x0000000010008ae4                __ratio
                0x0000000010008b4c                _mprec_log10
                0x0000000010008b80                __copybits
                0x0000000010008bc0                __any_on
 .text          0x0000000010008c10        0xc /usr/lib/gcc/arm-none-eabi/10.3.1/../../../arm-none-eabi/lib/thumb/v6-m/nofp/libc.a(lib_a-s_nan.o)
                0x0000000010008c10                nan
 .text          0x0000000010008c1c        0x8 /usr/lib/gcc/arm-none-eabi/10.3.1/../../../arm-none-eabi/lib/thumb/v6-m/nofp/libc.a(lib_a-sf_nan.o)
                0x0000000010008c1c                nanf
 .text          0x0000000010008c24       0x2c /usr/lib/gcc/arm-none-eabi/10.3.1/../../../arm-none-eabi/lib/thumb/v6-m/nofp/libc.a(lib_a-wctomb_r.o)
                0x0000000010008c24                _wctomb_r
                0x0000000010008c34                __ascii_wctomb
 *(.fini)
 .fini          0x0000000010008c50        0x4 /usr/lib/gcc/arm-none-eabi/10.3.1/thumb/v6-m/nofp/crti.o
                0x0000000010008c50                _fini
 *fill*         0x0000000010008c54        0x4 
 .fini.__stub   0x0000000010008c58       0x70 linker stubs
 *crtbegin.o(.ctors)
 *crtbegin?.o(.ctors)
 *(EXCLUDE_FILE(*crtend.o *crtend?.o) .ctors)
 *(SORT_BY_NAME(.ctors.*))
 *(.ctors)
 *crtbegin.o(.dtors)
 *crtbegin?.o(.dtors)
 *(EXCLUDE_FILE(*crtend.o *crtend?.o) .dtors)
 *(SORT_BY_NAME(.dtors.*))
 *(.dtors)
 *(.eh_frame*)
 .eh_frame      0x0000000010008cc8        0x0 /usr/lib/gcc/arm-none-eabi/10.3.1/thumb/v6-m/nofp/crtbegin.o
                0x0000000010008cc8                . = ALIGN (0x4)

.glue_7         0x0000000010008cc8        0x0
 .glue_7        0x0000000010008cc8        0x0 linker stubs

.glue_7t        0x0000000010008cc8        0x0
 .glue_7t       0x0000000010008cc8        0x0 linker stubs

.vfp11_veneer   0x0000000010008cc8        0x0
 .vfp11_veneer  0x0000000010008cc8        0x0 linker stubs

.v4_bx          0x0000000010008cc8        0x0
 .v4_bx         0x0000000010008cc8        0x0 linker stubs

.iplt           0x0000000010008cc8        0x0
 .iplt          0x0000000010008cc8        0x0 /usr/lib/gcc/arm-none-eabi/10.3.1/thumb/v6-m/nofp/crtbegin.o

.rodata         0x0000000010008cc8      0x994
 *(EXCLUDE_FILE(*libm.a: *libc.a:*lib_a-mem*.o *libgcc.a:) .rodata*)
 .rodata._Z14getLocalizacaov.str1.4
                0x0000000010008cc8       0x15 CMakeFiles/app.dir/main.cpp.obj
 *fill*         0x0000000010008cdd        0x3 
 .rodata._ZL14sleep_callbackv.str1.4
                0x0000000010008ce0       0x13 CMakeFiles/app.dir/main.cpp.obj
 *fill*         0x0000000010008cf3        0x1 
 .rodata._Z9lora_initv.str1.4
                0x0000000010008cf4       0x36 CMakeFiles/app.dir/main.cpp.obj
 *fill*         0x0000000010008d2a        0x2 
 .rodata.main.str1.4
                0x0000000010008d2c       0x5c CMakeFiles/app.dir/main.cpp.obj
                                         0x60 (size before relaxing)
 .rodata        0x0000000010008d88        0x8 CMakeFiles/app.dir/main.cpp.obj
 .rodata.str1.4
                0x0000000010008d90        0x7 CMakeFiles/app.dir/home/isaac/pico/Projetos/meuRabanho-node/lib/LoRa-RP2040.cpp.obj
 *fill*         0x0000000010008d97        0x1 
 .rodata._ZTV9LoRaClass
                0x0000000010008d98       0x24 CMakeFiles/app.dir/home/isaac/pico/Projetos/meuRabanho-node/lib/LoRa-RP2040.cpp.obj
                0x0000000010008d98                vtable for LoRaClass
 .rodata._ZZN9LoRaClass5beginElE8__bi_110
                0x0000000010008dbc        0x8 CMakeFiles/app.dir/home/isaac/pico/Projetos/meuRabanho-node/lib/LoRa-RP2040.cpp.obj
 .rodata._ZZN9LoRaClass5beginElE8__bi_117
                0x0000000010008dc4        0xc CMakeFiles/app.dir/home/isaac/pico/Projetos/meuRabanho-node/lib/LoRa-RP2040.cpp.obj
 .rodata.hardware_alarm_claim.str1.4
                0x0000000010008dd0       0x22 CMakeFiles/app.dir/home/isaac/pico/pico-sdk/src/rp2_common/hardware_timer/timer.c.obj
 *fill*         0x0000000010008df2        0x2 
 .rodata.__assert_func.str1.4
                0x0000000010008df4       0x3f CMakeFiles/app.dir/home/isaac/pico/pico-sdk/src/rp2_common/pico_runtime/runtime.c.obj
                                         0x43 (size before relaxing)
 *fill*         0x0000000010008e33        0x1 
 .rodata.panic.str1.4
                0x0000000010008e34       0x10 CMakeFiles/app.dir/home/isaac/pico/pico-sdk/src/rp2_common/pico_runtime/runtime.c.obj
                                         0x12 (size before relaxing)
 .rodata.hard_assertion_failure.str1.4
                0x0000000010008e44        0xc CMakeFiles/app.dir/home/isaac/pico/pico-sdk/src/rp2_common/pico_runtime/runtime.c.obj
 .rodata._ftoa.str1.4
                0x0000000010008e50       0x15 CMakeFiles/app.dir/home/isaac/pico/pico-sdk/src/rp2_common/pico_printf/printf.c.obj
 *fill*         0x0000000010008e65        0x3 
 .rodata._vsnprintf
                0x0000000010008e68      0x1e0 CMakeFiles/app.dir/home/isaac/pico/pico-sdk/src/rp2_common/pico_printf/printf.c.obj
 .rodata.pow10.0
                0x0000000010009048       0x50 CMakeFiles/app.dir/home/isaac/pico/pico-sdk/src/rp2_common/pico_printf/printf.c.obj
 .rodata.missing_double_func_shim.str1.4
                0x0000000010009098       0x18 CMakeFiles/app.dir/home/isaac/pico/pico-sdk/src/rp2_common/pico_double/double_init_rom.c.obj
 .rodata.missing_float_func_shim.str1.4
                0x00000000100090b0        0x1 CMakeFiles/app.dir/home/isaac/pico/pico-sdk/src/rp2_common/pico_float/float_init_rom.c.obj
 .rodata.__wrap_malloc.str1.4
                0x00000000100090b0        0xe CMakeFiles/app.dir/home/isaac/pico/pico-sdk/src/rp2_common/pico_malloc/pico_malloc.c.obj
 *fill*         0x00000000100090be        0x2 
 .rodata.str1.4
                0x00000000100090c0       0x38 CMakeFiles/app.dir/home/isaac/pico/pico-sdk/src/rp2_common/pico_standard_link/binary_info.c.obj
 .rodata.__bi_44
                0x00000000100090f8        0xc CMakeFiles/app.dir/home/isaac/pico/pico-sdk/src/rp2_common/pico_standard_link/binary_info.c.obj
 .rodata.__bi_75
                0x0000000010009104        0xc CMakeFiles/app.dir/home/isaac/pico/pico-sdk/src/rp2_common/pico_standard_link/binary_info.c.obj
 .rodata.__bi_81
                0x0000000010009110        0xc CMakeFiles/app.dir/home/isaac/pico/pico-sdk/src/rp2_common/pico_standard_link/binary_info.c.obj
 .rodata.crlf_str.0
                0x000000001000911c        0x2 CMakeFiles/app.dir/home/isaac/pico/pico-sdk/src/rp2_common/pico_stdio/stdio.c.obj
 *fill*         0x000000001000911e        0x2 
 .rodata.str1.4
                0x0000000010009120       0x2c CMakeFiles/app.dir/home/isaac/pico/pico-sdk/src/rp2_common/pico_stdio_uart/stdio_uart.c.obj
 .rodata.__bi_33.4
                0x000000001000914c        0xc CMakeFiles/app.dir/home/isaac/pico/pico-sdk/src/rp2_common/pico_stdio_uart/stdio_uart.c.obj
 .rodata.__bi_34.5
                0x0000000010009158        0x8 CMakeFiles/app.dir/home/isaac/pico/pico-sdk/src/rp2_common/pico_stdio_uart/stdio_uart.c.obj
 .rodata.str1.4
                0x0000000010009160        0xf /usr/lib/gcc/arm-none-eabi/10.3.1/../../../arm-none-eabi/lib/thumb/v6-m/nofp/libc.a(lib_a-strtod.o)
                                         0x11 (size before relaxing)
 *fill*         0x000000001000916f        0x1 
 .rodata        0x0000000010009170      0x120 /usr/lib/gcc/arm-none-eabi/10.3.1/../../../arm-none-eabi/lib/thumb/v6-m/nofp/libc.a(lib_a-strtod.o)
 .rodata.str1.4
                0x0000000010009290       0x4e /usr/lib/gcc/arm-none-eabi/10.3.1/../../../arm-none-eabi/lib/thumb/v6-m/nofp/libc.a(lib_a-gdtoa-gethex.o)
 *fill*         0x00000000100092de        0x2 
 .rodata        0x00000000100092e0      0x100 /usr/lib/gcc/arm-none-eabi/10.3.1/../../../arm-none-eabi/lib/thumb/v6-m/nofp/libc.a(lib_a-gdtoa-gethex.o)
                0x00000000100092e0                __hexdig
 .rodata.str1.4
                0x00000000100093e0        0x2 /usr/lib/gcc/arm-none-eabi/10.3.1/../../../arm-none-eabi/lib/thumb/v6-m/nofp/libc.a(lib_a-lnumeric.o)
                                          0x5 (size before relaxing)
 *fill*         0x00000000100093e2        0x2 
 .rodata        0x00000000100093e4        0xc /usr/lib/gcc/arm-none-eabi/10.3.1/../../../arm-none-eabi/lib/thumb/v6-m/nofp/libc.a(lib_a-lnumeric.o)
                0x00000000100093e4                _C_numeric_locale
 .rodata.str1.4
                0x00000000100093f0        0xa /usr/lib/gcc/arm-none-eabi/10.3.1/../../../arm-none-eabi/lib/thumb/v6-m/nofp/libc.a(lib_a-locale.o)
                                         0x12 (size before relaxing)
 *fill*         0x00000000100093fa        0x2 
 .rodata.str1.4
                0x00000000100093fc       0x33 /usr/lib/gcc/arm-none-eabi/10.3.1/../../../arm-none-eabi/lib/thumb/v6-m/nofp/libc.a(lib_a-mprec.o)
                                         0x47 (size before relaxing)
 *fill*         0x000000001000942f        0x1 
 .rodata        0x0000000010009430      0x128 /usr/lib/gcc/arm-none-eabi/10.3.1/../../../arm-none-eabi/lib/thumb/v6-m/nofp/libc.a(lib_a-mprec.o)
                0x0000000010009440                __mprec_tinytens
                0x0000000010009468                __mprec_bigtens
                0x0000000010009490                __mprec_tens
 .rodata        0x0000000010009558      0x101 /usr/lib/gcc/arm-none-eabi/10.3.1/../../../arm-none-eabi/lib/thumb/v6-m/nofp/libc.a(lib_a-ctype_.o)
                0x0000000010009558                _ctype_
                0x000000001000965c                . = ALIGN (0x4)
 *fill*         0x0000000010009659        0x3 
 *(SORT_BY_ALIGNMENT(SORT_BY_NAME(.flashdata*)))
                0x000000001000965c                . = ALIGN (0x4)

.ARM.extab
 *(.ARM.extab* .gnu.linkonce.armextab.*)
                0x000000001000965c                __exidx_start = .

.ARM.exidx      0x000000001000965c        0x8
 *(.ARM.exidx* .gnu.linkonce.armexidx.*)
 .ARM.exidx.text.startup._GLOBAL__sub_I__ZN9__gnu_cxx9__freeresEv
                0x000000001000965c        0x8 /usr/lib/gcc/arm-none-eabi/10.3.1/../../../arm-none-eabi/lib/thumb/v6-m/nofp/libstdc++.a(eh_alloc.o)
                0x0000000010009664                __exidx_end = .
                0x0000000010009664                . = ALIGN (0x4)
                0x0000000010009664                __binary_info_start = .

.binary_info    0x0000000010009664       0x2c
 *(.binary_info.keep.*)
 .binary_info.keep.__bi_ptr110
                0x0000000010009664        0x4 CMakeFiles/app.dir/home/isaac/pico/Projetos/meuRabanho-node/lib/LoRa-RP2040.cpp.obj
 .binary_info.keep.__bi_ptr117
                0x0000000010009668        0x4 CMakeFiles/app.dir/home/isaac/pico/Projetos/meuRabanho-node/lib/LoRa-RP2040.cpp.obj
 .binary_info.keep.__bi_ptr22
                0x000000001000966c        0x4 CMakeFiles/app.dir/home/isaac/pico/pico-sdk/src/rp2_common/pico_standard_link/binary_info.c.obj
 .binary_info.keep.__bi_ptr30
                0x0000000010009670        0x4 CMakeFiles/app.dir/home/isaac/pico/pico-sdk/src/rp2_common/pico_standard_link/binary_info.c.obj
 .binary_info.keep.__bi_ptr38
                0x0000000010009674        0x4 CMakeFiles/app.dir/home/isaac/pico/pico-sdk/src/rp2_common/pico_standard_link/binary_info.c.obj
 .binary_info.keep.__bi_ptr44
                0x0000000010009678        0x4 CMakeFiles/app.dir/home/isaac/pico/pico-sdk/src/rp2_common/pico_standard_link/binary_info.c.obj
 .binary_info.keep.__bi_ptr50
                0x000000001000967c        0x4 CMakeFiles/app.dir/home/isaac/pico/pico-sdk/src/rp2_common/pico_standard_link/binary_info.c.obj
 .binary_info.keep.__bi_ptr75
                0x0000000010009680        0x4 CMakeFiles/app.dir/home/isaac/pico/pico-sdk/src/rp2_common/pico_standard_link/binary_info.c.obj
 .binary_info.keep.__bi_ptr81
                0x0000000010009684        0x4 CMakeFiles/app.dir/home/isaac/pico/pico-sdk/src/rp2_common/pico_standard_link/binary_info.c.obj
 *(.binary_info.*)
 .binary_info.__bi_ptr33
                0x0000000010009688        0x4 CMakeFiles/app.dir/home/isaac/pico/pico-sdk/src/rp2_common/pico_stdio_uart/stdio_uart.c.obj
 .binary_info.__bi_ptr34
                0x000000001000968c        0x4 CMakeFiles/app.dir/home/isaac/pico/pico-sdk/src/rp2_common/pico_stdio_uart/stdio_uart.c.obj
                0x0000000010009690                __binary_info_end = .

.rel.dyn        0x0000000010009690        0x0
 .rel.iplt      0x0000000010009690        0x0 /usr/lib/gcc/arm-none-eabi/10.3.1/thumb/v6-m/nofp/crtbegin.o
                0x0000000010009690                . = ALIGN (0x4)

.ram_vector_table
                0x0000000020000000       0xc0
 *(.ram_vector_table)
 .ram_vector_table
                0x0000000020000000       0xc0 CMakeFiles/app.dir/home/isaac/pico/pico-sdk/src/rp2_common/pico_runtime/runtime.c.obj
                0x0000000020000000                ram_vector_table

.data           0x00000000200000c0      0xd60 load address 0x0000000010009690
                0x00000000200000c0                __data_start__ = .
 *(vtable)
 *(.time_critical*)
 .time_critical.mutex_try_enter_block_until
                0x00000000200000c0       0x9c CMakeFiles/app.dir/home/isaac/pico/pico-sdk/src/common/pico_sync/mutex.c.obj
                0x00000000200000c0                mutex_try_enter_block_until
 .time_critical.mutex_exit
                0x000000002000015c       0x28 CMakeFiles/app.dir/home/isaac/pico/pico-sdk/src/common/pico_sync/mutex.c.obj
                0x000000002000015c                mutex_exit
 .time_critical.flash_init_boot2_copyout
                0x0000000020000184       0x30 CMakeFiles/app.dir/home/isaac/pico/pico-sdk/src/rp2_common/hardware_flash/flash.c.obj
 .time_critical.flash_enable_xip_via_boot2
                0x00000000200001b4       0x10 CMakeFiles/app.dir/home/isaac/pico/pico-sdk/src/rp2_common/hardware_flash/flash.c.obj
 .time_critical.flash_cs_force
                0x00000000200001c4       0x38 CMakeFiles/app.dir/home/isaac/pico/pico-sdk/src/rp2_common/hardware_flash/flash.c.obj
 .time_critical.flash_do_cmd
                0x00000000200001fc       0xc4 CMakeFiles/app.dir/home/isaac/pico/pico-sdk/src/rp2_common/hardware_flash/flash.c.obj
                0x00000000200001fc                flash_do_cmd
 .time_critical.spi_write_read_blocking
                0x00000000200002c0       0x74 CMakeFiles/app.dir/home/isaac/pico/pico-sdk/src/rp2_common/hardware_spi/spi.c.obj
                0x00000000200002c0                spi_write_read_blocking
 .time_critical.spi_write_blocking
                0x0000000020000334       0x4c CMakeFiles/app.dir/home/isaac/pico/pico-sdk/src/rp2_common/hardware_spi/spi.c.obj
                0x0000000020000334                spi_write_blocking
 *(.text*)
 .text          0x0000000020000380        0x4 /usr/lib/gcc/arm-none-eabi/10.3.1/thumb/v6-m/nofp/libgcc.a(_dvmd_tls.o)
                0x0000000020000380                __aeabi_ldiv0
                0x0000000020000380                __aeabi_idiv0
 *fill*         0x0000000020000384        0x4 
 .text.__stub   0x0000000020000388       0x10 linker stubs
                0x0000000020000398                . = ALIGN (0x4)
 *(.rodata*)
                0x0000000020000398                . = ALIGN (0x4)
 *(.data*)
 .data.striped_spin_lock_num
                0x0000000020000398        0x1 CMakeFiles/app.dir/home/isaac/pico/pico-sdk/src/rp2_common/hardware_sync/sync.c.obj
 *fill*         0x0000000020000399        0x3 
 .data          0x000000002000039c       0x48 CMakeFiles/app.dir/home/isaac/pico/pico-sdk/src/rp2_common/hardware_irq/irq_handler_chain.S.obj
                0x000000002000039c                irq_handler_chain_slots
                0x00000000200003cc                irq_handler_chain_first_slot
                0x00000000200003d6                irq_handler_chain_remove_tail
 .data.default_alarm_pool
                0x00000000200003e4       0x18 CMakeFiles/app.dir/home/isaac/pico/pico-sdk/src/common/pico_time/time.c.obj
 .data.default_alarm_pool_heap
                0x00000000200003fc       0x10 CMakeFiles/app.dir/home/isaac/pico/pico-sdk/src/common/pico_time/time.c.obj
 *fill*         0x000000002000040c        0x4 
 .data.aeabi_bits_funcs
                0x0000000020000410       0x10 CMakeFiles/app.dir/home/isaac/pico/pico-sdk/src/rp2_common/pico_bit_ops/bit_ops_aeabi.S.obj
                0x0000000020000410                aeabi_bits_funcs
                0x0000000020000420                aeabi_bits_funcs_end
 .data.aeabi_mem_funcs
                0x0000000020000420       0x10 CMakeFiles/app.dir/home/isaac/pico/pico-sdk/src/rp2_common/pico_mem_ops/mem_ops_aeabi.S.obj
                0x0000000020000420                aeabi_mem_funcs
                0x0000000020000430                aeabi_mem_funcs_end
 .data.stdio_uart
                0x0000000020000430       0x18 CMakeFiles/app.dir/home/isaac/pico/pico-sdk/src/rp2_common/pico_stdio_uart/stdio_uart.c.obj
                0x0000000020000430                stdio_uart
 .data          0x0000000020000448      0x430 /usr/lib/gcc/arm-none-eabi/10.3.1/../../../arm-none-eabi/lib/thumb/v6-m/nofp/libc.a(lib_a-impure.o)
                0x0000000020000448                _impure_ptr
 .data          0x0000000020000878      0x410 /usr/lib/gcc/arm-none-eabi/10.3.1/../../../arm-none-eabi/lib/thumb/v6-m/nofp/libc.a(lib_a-mallocr.o)
                0x0000000020000878                __malloc_sbrk_base
                0x000000002000087c                __malloc_trim_threshold
                0x0000000020000880                __malloc_av_
 .data          0x0000000020000c88        0x2 /usr/lib/gcc/arm-none-eabi/10.3.1/../../../arm-none-eabi/lib/thumb/v6-m/nofp/libc.a(lib_a-lnumeric.o)
 *fill*         0x0000000020000c8a        0x2 
 .data          0x0000000020000c8c      0x16c /usr/lib/gcc/arm-none-eabi/10.3.1/../../../arm-none-eabi/lib/thumb/v6-m/nofp/libc.a(lib_a-locale.o)
                0x0000000020000c8c                __global_locale
                0x0000000020000df8                . = ALIGN (0x4)
 *(.after_data.*)
                0x0000000020000df8                . = ALIGN (0x4)
                0x0000000020000df8                PROVIDE (__mutex_array_start = .)
 *(SORT_BY_NAME(.mutex_array.*))
 *(.mutex_array)
 .mutex_array   0x0000000020000df8        0x8 CMakeFiles/app.dir/home/isaac/pico/pico-sdk/src/rp2_common/pico_stdio/stdio.c.obj
                0x0000000020000e00                PROVIDE (__mutex_array_end = .)
                0x0000000020000e00                . = ALIGN (0x4)
                0x0000000020000e00                PROVIDE (__preinit_array_start = .)
 *(SORT_BY_NAME(.preinit_array.*))
 .preinit_array.00001
                0x0000000020000e00        0x4 CMakeFiles/app.dir/home/isaac/pico/pico-sdk/src/rp2_common/pico_mem_ops/mem_ops_aeabi.S.obj
 .preinit_array.00010
                0x0000000020000e04        0x4 CMakeFiles/app.dir/home/isaac/pico/pico-sdk/src/rp2_common/pico_bit_ops/bit_ops_aeabi.S.obj
 .preinit_array.00020
                0x0000000020000e08        0x4 CMakeFiles/app.dir/home/isaac/pico/pico-sdk/src/rp2_common/pico_double/double_aeabi.S.obj
 .preinit_array.00020
                0x0000000020000e0c        0x4 CMakeFiles/app.dir/home/isaac/pico/pico-sdk/src/rp2_common/pico_float/float_aeabi.S.obj
 *(.preinit_array)
                0x0000000020000e10                PROVIDE (__preinit_array_end = .)
                0x0000000020000e10                . = ALIGN (0x4)
                0x0000000020000e10                PROVIDE (__init_array_start = .)
 *(SORT_BY_NAME(.init_array.*))
 *(.init_array)
 .init_array    0x0000000020000e10        0x4 /usr/lib/gcc/arm-none-eabi/10.3.1/thumb/v6-m/nofp/crtbegin.o
 .init_array    0x0000000020000e14        0x4 CMakeFiles/app.dir/home/isaac/pico/Projetos/meuRabanho-node/lib/LoRa-RP2040.cpp.obj
 .init_array    0x0000000020000e18        0x4 CMakeFiles/app.dir/home/isaac/pico/pico-sdk/src/rp2_common/pico_unique_id/unique_id.c.obj
 .init_array    0x0000000020000e1c        0x4 /usr/lib/gcc/arm-none-eabi/10.3.1/../../../arm-none-eabi/lib/thumb/v6-m/nofp/libstdc++.a(eh_alloc.o)
                0x0000000020000e20                PROVIDE (__init_array_end = .)
                0x0000000020000e20                . = ALIGN (0x4)
                0x0000000020000e20                PROVIDE (__fini_array_start = .)
 *(SORT_BY_NAME(.fini_array.*))
 *(.fini_array)
                0x0000000020000e20                PROVIDE (__fini_array_end = .)
 *(.jcr)
                0x0000000020000e20                . = ALIGN (0x4)
                0x0000000020000e20                __data_end__ = .
                0x0000000010009690                __etext = LOADADDR (.data)

.tm_clone_table
                0x0000000020000e20        0x0 load address 0x000000001000a3f0
 .tm_clone_table
                0x0000000020000e20        0x0 /usr/lib/gcc/arm-none-eabi/10.3.1/thumb/v6-m/nofp/crtbegin.o
 .tm_clone_table
                0x0000000020000e20        0x0 /usr/lib/gcc/arm-none-eabi/10.3.1/thumb/v6-m/nofp/crtend.o

.igot.plt       0x0000000020000e20        0x0 load address 0x000000001000a3f0
 .igot.plt      0x0000000020000e20        0x0 /usr/lib/gcc/arm-none-eabi/10.3.1/thumb/v6-m/nofp/crtbegin.o

.uninitialized_data
                0x0000000020000e20        0x0 load address 0x000000001000a3f0
                0x0000000020000e20                . = ALIGN (0x4)
 *(.uninitialized_data*)

.scratch_x      0x0000000020040000        0x0 load address 0x000000001000a3f0
                0x0000000020040000                __scratch_x_start__ = .
 *(.scratch_x.*)
                0x0000000020040000                . = ALIGN (0x4)
                0x0000000020040000                __scratch_x_end__ = .
                0x000000001000a3f0                __scratch_x_source__ = LOADADDR (.scratch_x)

.scratch_y      0x0000000020041000        0x0 load address 0x000000001000a3f0
                0x0000000020041000                __scratch_y_start__ = .
 *(.scratch_y.*)
                0x0000000020041000                . = ALIGN (0x4)
                0x0000000020041000                __scratch_y_end__ = .
                0x000000001000a3f0                __scratch_y_source__ = LOADADDR (.scratch_y)

.bss            0x0000000020000e20      0x60c
                0x0000000020000e20                . = ALIGN (0x4)
                0x0000000020000e20                __bss_start__ = .
 *(SORT_BY_ALIGNMENT(SORT_BY_NAME(.bss*)))
 .bss.default_alarm_pool_entries
                0x0000000020000e20      0x100 CMakeFiles/app.dir/home/isaac/pico/pico-sdk/src/common/pico_time/time.c.obj
 .bss.lat       0x0000000020000f20        0x8 CMakeFiles/app.dir/main.cpp.obj
                0x0000000020000f20                lat
 .bss.lon       0x0000000020000f28        0x8 CMakeFiles/app.dir/main.cpp.obj
                0x0000000020000f28                lon
 .bss.sd_table  0x0000000020000f30      0x100 CMakeFiles/app.dir/home/isaac/pico/pico-sdk/src/rp2_common/pico_double/double_init_rom.c.obj
                0x0000000020000f30                sd_table
 .bss           0x0000000020001030       0x1c /usr/lib/gcc/arm-none-eabi/10.3.1/thumb/v6-m/nofp/crtbegin.o
 .bss           0x000000002000104c       0x34 /usr/lib/gcc/arm-none-eabi/10.3.1/../../../arm-none-eabi/lib/thumb/v6-m/nofp/libc.a(lib_a-mallocr.o)
                0x000000002000104c                __malloc_top_pad
                0x0000000020001050                __malloc_current_mallinfo
                0x0000000020001078                __malloc_max_sbrked_mem
                0x000000002000107c                __malloc_max_total_mem
 .bss           0x0000000020001080        0x4 /usr/lib/gcc/arm-none-eabi/10.3.1/../../../arm-none-eabi/lib/thumb/v6-m/nofp/libc.a(lib_a-reent.o)
                0x0000000020001080                errno
 .bss.Coordenadas
                0x0000000020001084       0x32 CMakeFiles/app.dir/main.cpp.obj
                0x0000000020001084                Coordenadas
 *fill*         0x00000000200010b6        0x2 
 .bss.LoRa      0x00000000200010b8       0x30 CMakeFiles/app.dir/home/isaac/pico/Projetos/meuRabanho-node/lib/LoRa-RP2040.cpp.obj
                0x00000000200010b8                LoRa
 .bss._ZN12_GLOBAL__N_114emergency_poolE
                0x00000000200010e8       0x10 /usr/lib/gcc/arm-none-eabi/10.3.1/../../../arm-none-eabi/lib/thumb/v6-m/nofp/libstdc++.a(eh_alloc.o)
 .bss._callback
                0x00000000200010f8        0x4 CMakeFiles/app.dir/home/isaac/pico/pico-sdk/src/rp2_common/hardware_rtc/rtc.c.obj
 .bss.alarm_callbacks
                0x00000000200010fc       0x10 CMakeFiles/app.dir/home/isaac/pico/pico-sdk/src/rp2_common/hardware_timer/timer.c.obj
 .bss.boot2_copyout
                0x000000002000110c      0x100 CMakeFiles/app.dir/home/isaac/pico/pico-sdk/src/rp2_common/hardware_flash/flash.c.obj
 .bss.chars_available_callback
                0x000000002000120c        0x4 CMakeFiles/app.dir/home/isaac/pico/pico-sdk/src/rp2_common/pico_stdio_uart/stdio_uart.c.obj
 .bss.chars_available_param
                0x0000000020001210        0x4 CMakeFiles/app.dir/home/isaac/pico/pico-sdk/src/rp2_common/pico_stdio_uart/stdio_uart.c.obj
 .bss.configured_freq
                0x0000000020001214       0x28 CMakeFiles/app.dir/home/isaac/pico/pico-sdk/src/rp2_common/hardware_clocks/clocks.c.obj
 .bss.default_alarm_pool_entry_ids_high
                0x000000002000123c       0x10 CMakeFiles/app.dir/home/isaac/pico/pico-sdk/src/common/pico_time/time.c.obj
 .bss.default_alarm_pool_heap_nodes
                0x000000002000124c       0x30 CMakeFiles/app.dir/home/isaac/pico/pico-sdk/src/common/pico_time/time.c.obj
 .bss.drivers   0x000000002000127c        0x4 CMakeFiles/app.dir/home/isaac/pico/pico-sdk/src/rp2_common/pico_stdio/stdio.c.obj
 .bss.filter    0x0000000020001280        0x4 CMakeFiles/app.dir/home/isaac/pico/pico-sdk/src/rp2_common/pico_stdio/stdio.c.obj
 .bss.heap_end.0
                0x0000000020001284        0x4 CMakeFiles/app.dir/home/isaac/pico/pico-sdk/src/rp2_common/pico_runtime/runtime.c.obj
 .bss.latitude  0x0000000020001288       0x14 CMakeFiles/app.dir/main.cpp.obj
                0x0000000020001288                latitude
 .bss.lazy_vsnprintf
                0x000000002000129c        0x4 CMakeFiles/app.dir/home/isaac/pico/pico-sdk/src/rp2_common/pico_printf/printf.c.obj
 .bss.longitude
                0x00000000200012a0       0x14 CMakeFiles/app.dir/main.cpp.obj
                0x00000000200012a0                longitude
 .bss.pools     0x00000000200012b4       0x10 CMakeFiles/app.dir/home/isaac/pico/pico-sdk/src/common/pico_time/time.c.obj
 .bss.receive_buffer
                0x00000000200012c4       0x32 CMakeFiles/app.dir/main.cpp.obj
                0x00000000200012c4                receive_buffer
 *fill*         0x00000000200012f6        0x2 
 .bss.receive_buffer_index
                0x00000000200012f8        0x4 CMakeFiles/app.dir/main.cpp.obj
                0x00000000200012f8                receive_buffer_index
 .bss.retrieved_id
                0x00000000200012fc        0x8 CMakeFiles/app.dir/home/isaac/pico/pico-sdk/src/rp2_common/pico_unique_id/unique_id.c.obj
 .bss.sf_clz_func
                0x0000000020001304        0x4 CMakeFiles/app.dir/home/isaac/pico/pico-sdk/src/rp2_common/pico_double/double_init_rom.c.obj
                0x0000000020001304                sf_clz_func
 .bss.sf_table  0x0000000020001308      0x100 CMakeFiles/app.dir/home/isaac/pico/pico-sdk/src/rp2_common/pico_float/float_init_rom.c.obj
                0x0000000020001308                sf_table
 .bss.sleep_notifier
                0x0000000020001408        0x4 CMakeFiles/app.dir/home/isaac/pico/pico-sdk/src/common/pico_time/time.c.obj
 .bss.target_hi
                0x000000002000140c       0x10 CMakeFiles/app.dir/home/isaac/pico/pico-sdk/src/rp2_common/hardware_timer/timer.c.obj
 .bss.uart_char_to_line_feed
                0x000000002000141c        0x4 CMakeFiles/app.dir/home/isaac/pico/pico-sdk/src/rp2_common/hardware_uart/uart.c.obj
                0x000000002000141c                uart_char_to_line_feed
 .bss.uart_instance
                0x0000000020001420        0x4 CMakeFiles/app.dir/home/isaac/pico/pico-sdk/src/rp2_common/pico_stdio_uart/stdio_uart.c.obj
 .bss._ZL5awake
                0x0000000020001424        0x1 CMakeFiles/app.dir/main.cpp.obj
 .bss._alarm_repeats
                0x0000000020001425        0x1 CMakeFiles/app.dir/home/isaac/pico/pico-sdk/src/rp2_common/hardware_rtc/rtc.c.obj
 .bss._dormant_source
                0x0000000020001426        0x1 CMakeFiles/app.dir/home/isaac/pico/pico-extras/src/rp2_common/pico_sleep/sleep.c.obj
 .bss.boot2_copyout_valid
                0x0000000020001427        0x1 CMakeFiles/app.dir/home/isaac/pico/pico-sdk/src/rp2_common/hardware_flash/flash.c.obj
 .bss.claimed   0x0000000020001428        0x1 CMakeFiles/app.dir/home/isaac/pico/pico-sdk/src/rp2_common/hardware_timer/timer.c.obj
 .bss.counter   0x0000000020001429        0x1 CMakeFiles/app.dir/main.cpp.obj
                0x0000000020001429                counter
 .bss.irq_hander_chain_free_slot_head
                0x000000002000142a        0x1 CMakeFiles/app.dir/home/isaac/pico/pico-sdk/src/rp2_common/hardware_irq/irq.c.obj
 .bss.timer_callbacks_pending
                0x000000002000142b        0x1 CMakeFiles/app.dir/home/isaac/pico/pico-sdk/src/rp2_common/hardware_timer/timer.c.obj
 *(COMMON)
                0x000000002000142c                . = ALIGN (0x4)
                0x000000002000142c                __bss_end__ = .

.heap           0x000000002000142c      0x800
                0x000000002000142c                __end__ = .
                0x000000002000142c                end = __end__
 *(.heap*)
 .heap          0x000000002000142c      0x800 CMakeFiles/app.dir/home/isaac/pico/pico-sdk/src/rp2_common/pico_standard_link/crt0.S.obj
                0x0000000020001c2c                __HeapLimit = .

.stack1_dummy   0x0000000020040000        0x0
 *(.stack1*)

.stack_dummy    0x0000000020041000      0x800
 *(.stack*)
 .stack         0x0000000020041000      0x800 CMakeFiles/app.dir/home/isaac/pico/pico-sdk/src/rp2_common/pico_standard_link/crt0.S.obj

.flash_end      0x000000001000a3f0        0x0
                0x000000001000a3f0                PROVIDE (__flash_binary_end = .)
                0x0000000020040000                __StackLimit = (ORIGIN (RAM) + LENGTH (RAM))
                0x0000000020041000                __StackOneTop = (ORIGIN (SCRATCH_X) + LENGTH (SCRATCH_X))
                0x0000000020042000                __StackTop = (ORIGIN (SCRATCH_Y) + LENGTH (SCRATCH_Y))
                0x0000000020041000                __StackOneBottom = (__StackOneTop - SIZEOF (.stack1_dummy))
                0x0000000020041800                __StackBottom = (__StackTop - SIZEOF (.stack_dummy))
                0x0000000020042000                PROVIDE (__stack = __StackTop)
                0x0000000000000001                ASSERT ((__StackLimit >= __HeapLimit), region RAM overflowed)
                0x0000000000000001                ASSERT (((__binary_info_header_end - __logical_binary_start) <= 0x100), Binary info must be in first 256 bytes of the binary)
LOAD CMakeFiles/app.dir/main.cpp.obj
LOAD CMakeFiles/app.dir/home/isaac/pico/Projetos/meuRabanho-node/lib/LoRa-RP2040.cpp.obj
LOAD CMakeFiles/app.dir/home/isaac/pico/Projetos/meuRabanho-node/lib/Print.cpp.obj
LOAD CMakeFiles/app.dir/home/isaac/pico/pico-sdk/src/rp2_common/pico_stdlib/stdlib.c.obj
LOAD CMakeFiles/app.dir/home/isaac/pico/pico-sdk/src/rp2_common/hardware_gpio/gpio.c.obj
LOAD CMakeFiles/app.dir/home/isaac/pico/pico-sdk/src/rp2_common/pico_platform/platform.c.obj
LOAD CMakeFiles/app.dir/home/isaac/pico/pico-sdk/src/rp2_common/hardware_claim/claim.c.obj
LOAD CMakeFiles/app.dir/home/isaac/pico/pico-sdk/src/rp2_common/hardware_sync/sync.c.obj
LOAD CMakeFiles/app.dir/home/isaac/pico/pico-sdk/src/rp2_common/hardware_irq/irq.c.obj
LOAD CMakeFiles/app.dir/home/isaac/pico/pico-sdk/src/rp2_common/hardware_irq/irq_handler_chain.S.obj
LOAD CMakeFiles/app.dir/home/isaac/pico/pico-sdk/src/common/pico_sync/sem.c.obj
LOAD CMakeFiles/app.dir/home/isaac/pico/pico-sdk/src/common/pico_sync/lock_core.c.obj
LOAD CMakeFiles/app.dir/home/isaac/pico/pico-sdk/src/common/pico_sync/mutex.c.obj
LOAD CMakeFiles/app.dir/home/isaac/pico/pico-sdk/src/common/pico_sync/critical_section.c.obj
LOAD CMakeFiles/app.dir/home/isaac/pico/pico-sdk/src/common/pico_time/time.c.obj
LOAD CMakeFiles/app.dir/home/isaac/pico/pico-sdk/src/common/pico_time/timeout_helper.c.obj
LOAD CMakeFiles/app.dir/home/isaac/pico/pico-sdk/src/rp2_common/hardware_timer/timer.c.obj
LOAD CMakeFiles/app.dir/home/isaac/pico/pico-sdk/src/common/pico_util/datetime.c.obj
LOAD CMakeFiles/app.dir/home/isaac/pico/pico-sdk/src/common/pico_util/pheap.c.obj
LOAD CMakeFiles/app.dir/home/isaac/pico/pico-sdk/src/common/pico_util/queue.c.obj
LOAD CMakeFiles/app.dir/home/isaac/pico/pico-sdk/src/rp2_common/hardware_uart/uart.c.obj
LOAD CMakeFiles/app.dir/home/isaac/pico/pico-sdk/src/rp2_common/hardware_clocks/clocks.c.obj
LOAD CMakeFiles/app.dir/home/isaac/pico/pico-sdk/src/rp2_common/hardware_pll/pll.c.obj
LOAD CMakeFiles/app.dir/home/isaac/pico/pico-sdk/src/rp2_common/hardware_vreg/vreg.c.obj
LOAD CMakeFiles/app.dir/home/isaac/pico/pico-sdk/src/rp2_common/hardware_watchdog/watchdog.c.obj
LOAD CMakeFiles/app.dir/home/isaac/pico/pico-sdk/src/rp2_common/hardware_xosc/xosc.c.obj
LOAD CMakeFiles/app.dir/home/isaac/pico/pico-sdk/src/rp2_common/hardware_divider/divider.S.obj
LOAD CMakeFiles/app.dir/home/isaac/pico/pico-sdk/src/rp2_common/pico_runtime/runtime.c.obj
LOAD CMakeFiles/app.dir/home/isaac/pico/pico-sdk/src/rp2_common/pico_printf/printf.c.obj
LOAD CMakeFiles/app.dir/home/isaac/pico/pico-sdk/src/rp2_common/pico_bit_ops/bit_ops_aeabi.S.obj
LOAD CMakeFiles/app.dir/home/isaac/pico/pico-sdk/src/rp2_common/pico_bootrom/bootrom.c.obj
LOAD CMakeFiles/app.dir/home/isaac/pico/pico-sdk/src/rp2_common/pico_divider/divider.S.obj
LOAD CMakeFiles/app.dir/home/isaac/pico/pico-sdk/src/rp2_common/pico_double/double_aeabi.S.obj
LOAD CMakeFiles/app.dir/home/isaac/pico/pico-sdk/src/rp2_common/pico_double/double_init_rom.c.obj
LOAD CMakeFiles/app.dir/home/isaac/pico/pico-sdk/src/rp2_common/pico_double/double_math.c.obj
LOAD CMakeFiles/app.dir/home/isaac/pico/pico-sdk/src/rp2_common/pico_double/double_v1_rom_shim.S.obj
LOAD CMakeFiles/app.dir/home/isaac/pico/pico-sdk/src/rp2_common/pico_int64_ops/pico_int64_ops_aeabi.S.obj
LOAD CMakeFiles/app.dir/home/isaac/pico/pico-sdk/src/rp2_common/pico_float/float_aeabi.S.obj
LOAD CMakeFiles/app.dir/home/isaac/pico/pico-sdk/src/rp2_common/pico_float/float_init_rom.c.obj
LOAD CMakeFiles/app.dir/home/isaac/pico/pico-sdk/src/rp2_common/pico_float/float_math.c.obj
LOAD CMakeFiles/app.dir/home/isaac/pico/pico-sdk/src/rp2_common/pico_float/float_v1_rom_shim.S.obj
LOAD CMakeFiles/app.dir/home/isaac/pico/pico-sdk/src/rp2_common/pico_malloc/pico_malloc.c.obj
LOAD CMakeFiles/app.dir/home/isaac/pico/pico-sdk/src/rp2_common/pico_mem_ops/mem_ops_aeabi.S.obj
LOAD CMakeFiles/app.dir/home/isaac/pico/pico-sdk/src/rp2_common/pico_standard_link/crt0.S.obj
LOAD CMakeFiles/app.dir/home/isaac/pico/pico-sdk/src/rp2_common/pico_standard_link/new_delete.cpp.obj
LOAD CMakeFiles/app.dir/home/isaac/pico/pico-sdk/src/rp2_common/pico_standard_link/binary_info.c.obj
LOAD CMakeFiles/app.dir/home/isaac/pico/pico-sdk/src/rp2_common/pico_stdio/stdio.c.obj
LOAD CMakeFiles/app.dir/home/isaac/pico/pico-sdk/src/rp2_common/pico_stdio_uart/stdio_uart.c.obj
LOAD CMakeFiles/app.dir/home/isaac/pico/pico-sdk/src/rp2_common/pico_cyw43_arch/cyw43_arch.c.obj
LOAD CMakeFiles/app.dir/home/isaac/pico/pico-sdk/src/rp2_common/pico_cyw43_arch/cyw43_arch_poll.c.obj
LOAD CMakeFiles/app.dir/home/isaac/pico/pico-sdk/src/rp2_common/pico_cyw43_arch/cyw43_arch_threadsafe_background.c.obj
LOAD CMakeFiles/app.dir/home/isaac/pico/pico-sdk/src/rp2_common/pico_cyw43_arch/cyw43_arch_freertos.c.obj
LOAD CMakeFiles/app.dir/home/isaac/pico/pico-sdk/src/rp2_common/pico_unique_id/unique_id.c.obj
LOAD CMakeFiles/app.dir/home/isaac/pico/pico-sdk/src/rp2_common/hardware_flash/flash.c.obj
LOAD CMakeFiles/app.dir/home/isaac/pico/pico-sdk/src/rp2_common/pico_cyw43_driver/cyw43_bus_pio_spi.c.obj
LOAD CMakeFiles/app.dir/home/isaac/pico/pico-sdk/lib/cyw43-driver/src/cyw43_ll.c.obj
LOAD CMakeFiles/app.dir/home/isaac/pico/pico-sdk/lib/cyw43-driver/src/cyw43_stats.c.obj
LOAD CMakeFiles/app.dir/home/isaac/pico/pico-sdk/lib/cyw43-driver/src/cyw43_lwip.c.obj
LOAD CMakeFiles/app.dir/home/isaac/pico/pico-sdk/lib/cyw43-driver/src/cyw43_ctrl.c.obj
LOAD CMakeFiles/app.dir/home/isaac/pico/pico-sdk/src/rp2_common/pico_cyw43_driver/cybt_shared_bus/cybt_shared_bus.c.obj
LOAD CMakeFiles/app.dir/home/isaac/pico/pico-sdk/src/rp2_common/pico_cyw43_driver/cybt_shared_bus/cybt_shared_bus_driver.c.obj
LOAD CMakeFiles/app.dir/home/isaac/pico/pico-sdk/src/rp2_common/hardware_pio/pio.c.obj
LOAD CMakeFiles/app.dir/home/isaac/pico/pico-sdk/src/rp2_common/hardware_dma/dma.c.obj
LOAD CMakeFiles/app.dir/home/isaac/pico/pico-sdk/src/rp2_common/hardware_exception/exception.c.obj
LOAD CMakeFiles/app.dir/home/isaac/pico/pico-sdk/src/rp2_common/pico_cyw43_driver/cyw43_driver.c.obj
LOAD CMakeFiles/app.dir/home/isaac/pico/pico-sdk/src/rp2_common/pico_async_context/async_context_threadsafe_background.c.obj
LOAD CMakeFiles/app.dir/home/isaac/pico/pico-sdk/src/rp2_common/pico_async_context/async_context_base.c.obj
LOAD CMakeFiles/app.dir/home/isaac/pico/pico-sdk/src/rp2_common/hardware_spi/spi.c.obj
LOAD CMakeFiles/app.dir/home/isaac/pico/pico-sdk/src/rp2_common/hardware_interp/interp.c.obj
LOAD CMakeFiles/app.dir/home/isaac/pico/pico-sdk/src/rp2_common/hardware_rtc/rtc.c.obj
LOAD CMakeFiles/app.dir/home/isaac/pico/pico-extras/src/rp2_common/hardware_rosc/rosc.c.obj
LOAD CMakeFiles/app.dir/home/isaac/pico/pico-extras/src/rp2_common/pico_sleep/sleep.c.obj
LOAD /tmp/cclAzygL.o
LOAD /usr/lib/gcc/arm-none-eabi/10.3.1/../../../arm-none-eabi/lib/thumb/v6-m/nofp/libstdc++.a
LOAD /usr/lib/gcc/arm-none-eabi/10.3.1/../../../arm-none-eabi/lib/thumb/v6-m/nofp/libm.a
START GROUP
LOAD /usr/lib/gcc/arm-none-eabi/10.3.1/thumb/v6-m/nofp/libgcc.a
LOAD /usr/lib/gcc/arm-none-eabi/10.3.1/../../../arm-none-eabi/lib/thumb/v6-m/nofp/libc.a
END GROUP
START GROUP
LOAD /usr/lib/gcc/arm-none-eabi/10.3.1/thumb/v6-m/nofp/libgcc.a
LOAD /usr/lib/gcc/arm-none-eabi/10.3.1/../../../arm-none-eabi/lib/thumb/v6-m/nofp/libc.a
LOAD /usr/lib/gcc/arm-none-eabi/10.3.1/../../../arm-none-eabi/lib/thumb/v6-m/nofp/libnosys.a
END GROUP
LOAD /usr/lib/gcc/arm-none-eabi/10.3.1/thumb/v6-m/nofp/crtend.o
LOAD /usr/lib/gcc/arm-none-eabi/10.3.1/thumb/v6-m/nofp/crtn.o
OUTPUT(app.elf elf32-littlearm)
LOAD linker stubs

.ARM.attributes
                0x0000000000000000       0x28
 .ARM.attributes
                0x0000000000000000       0x1e /usr/lib/gcc/arm-none-eabi/10.3.1/thumb/v6-m/nofp/crti.o
 .ARM.attributes
                0x000000000000001e       0x2c /usr/lib/gcc/arm-none-eabi/10.3.1/thumb/v6-m/nofp/crtbegin.o
 .ARM.attributes
                0x000000000000004a       0x2c CMakeFiles/app.dir/main.cpp.obj
 .ARM.attributes
                0x0000000000000076       0x2c CMakeFiles/app.dir/home/isaac/pico/Projetos/meuRabanho-node/lib/LoRa-RP2040.cpp.obj
 .ARM.attributes
                0x00000000000000a2       0x2c CMakeFiles/app.dir/home/isaac/pico/Projetos/meuRabanho-node/lib/Print.cpp.obj
 .ARM.attributes
                0x00000000000000ce       0x2c CMakeFiles/app.dir/home/isaac/pico/pico-sdk/src/rp2_common/pico_stdlib/stdlib.c.obj
 .ARM.attributes
                0x00000000000000fa       0x2c CMakeFiles/app.dir/home/isaac/pico/pico-sdk/src/rp2_common/hardware_gpio/gpio.c.obj
 .ARM.attributes
                0x0000000000000126       0x2c CMakeFiles/app.dir/home/isaac/pico/pico-sdk/src/rp2_common/pico_platform/platform.c.obj
 .ARM.attributes
                0x0000000000000152       0x2c CMakeFiles/app.dir/home/isaac/pico/pico-sdk/src/rp2_common/hardware_claim/claim.c.obj
 .ARM.attributes
                0x000000000000017e       0x2c CMakeFiles/app.dir/home/isaac/pico/pico-sdk/src/rp2_common/hardware_sync/sync.c.obj
 .ARM.attributes
                0x00000000000001aa       0x2c CMakeFiles/app.dir/home/isaac/pico/pico-sdk/src/rp2_common/hardware_irq/irq.c.obj
 .ARM.attributes
                0x00000000000001d6       0x22 CMakeFiles/app.dir/home/isaac/pico/pico-sdk/src/rp2_common/hardware_irq/irq_handler_chain.S.obj
 .ARM.attributes
                0x00000000000001f8       0x2c CMakeFiles/app.dir/home/isaac/pico/pico-sdk/src/common/pico_sync/lock_core.c.obj
 .ARM.attributes
                0x0000000000000224       0x2c CMakeFiles/app.dir/home/isaac/pico/pico-sdk/src/common/pico_sync/mutex.c.obj
 .ARM.attributes
                0x0000000000000250       0x2c CMakeFiles/app.dir/home/isaac/pico/pico-sdk/src/common/pico_time/time.c.obj
 .ARM.attributes
                0x000000000000027c       0x2c CMakeFiles/app.dir/home/isaac/pico/pico-sdk/src/rp2_common/hardware_timer/timer.c.obj
 .ARM.attributes
                0x00000000000002a8       0x2c CMakeFiles/app.dir/home/isaac/pico/pico-sdk/src/common/pico_util/pheap.c.obj
 .ARM.attributes
                0x00000000000002d4       0x2c CMakeFiles/app.dir/home/isaac/pico/pico-sdk/src/rp2_common/hardware_uart/uart.c.obj
 .ARM.attributes
                0x0000000000000300       0x2c CMakeFiles/app.dir/home/isaac/pico/pico-sdk/src/rp2_common/hardware_clocks/clocks.c.obj
 .ARM.attributes
                0x000000000000032c       0x2c CMakeFiles/app.dir/home/isaac/pico/pico-sdk/src/rp2_common/hardware_pll/pll.c.obj
 .ARM.attributes
                0x0000000000000358       0x2c CMakeFiles/app.dir/home/isaac/pico/pico-sdk/src/rp2_common/hardware_watchdog/watchdog.c.obj
 .ARM.attributes
                0x0000000000000384       0x2c CMakeFiles/app.dir/home/isaac/pico/pico-sdk/src/rp2_common/hardware_xosc/xosc.c.obj
 .ARM.attributes
                0x00000000000003b0       0x2c CMakeFiles/app.dir/home/isaac/pico/pico-sdk/src/rp2_common/pico_runtime/runtime.c.obj
 .ARM.attributes
                0x00000000000003dc       0x2c CMakeFiles/app.dir/home/isaac/pico/pico-sdk/src/rp2_common/pico_printf/printf.c.obj
 .ARM.attributes
                0x0000000000000408       0x22 CMakeFiles/app.dir/home/isaac/pico/pico-sdk/src/rp2_common/pico_bit_ops/bit_ops_aeabi.S.obj
 .ARM.attributes
                0x000000000000042a       0x2c CMakeFiles/app.dir/home/isaac/pico/pico-sdk/src/rp2_common/pico_bootrom/bootrom.c.obj
 .ARM.attributes
                0x0000000000000456       0x22 CMakeFiles/app.dir/home/isaac/pico/pico-sdk/src/rp2_common/pico_divider/divider.S.obj
 .ARM.attributes
                0x0000000000000478       0x22 CMakeFiles/app.dir/home/isaac/pico/pico-sdk/src/rp2_common/pico_double/double_aeabi.S.obj
 .ARM.attributes
                0x000000000000049a       0x2c CMakeFiles/app.dir/home/isaac/pico/pico-sdk/src/rp2_common/pico_double/double_init_rom.c.obj
 .ARM.attributes
                0x00000000000004c6       0x22 CMakeFiles/app.dir/home/isaac/pico/pico-sdk/src/rp2_common/pico_double/double_v1_rom_shim.S.obj
 .ARM.attributes
                0x00000000000004e8       0x22 CMakeFiles/app.dir/home/isaac/pico/pico-sdk/src/rp2_common/pico_int64_ops/pico_int64_ops_aeabi.S.obj
 .ARM.attributes
                0x000000000000050a       0x22 CMakeFiles/app.dir/home/isaac/pico/pico-sdk/src/rp2_common/pico_float/float_aeabi.S.obj
 .ARM.attributes
                0x000000000000052c       0x2c CMakeFiles/app.dir/home/isaac/pico/pico-sdk/src/rp2_common/pico_float/float_init_rom.c.obj
 .ARM.attributes
                0x0000000000000558       0x2c CMakeFiles/app.dir/home/isaac/pico/pico-sdk/src/rp2_common/pico_malloc/pico_malloc.c.obj
 .ARM.attributes
                0x0000000000000584       0x22 CMakeFiles/app.dir/home/isaac/pico/pico-sdk/src/rp2_common/pico_mem_ops/mem_ops_aeabi.S.obj
 .ARM.attributes
                0x00000000000005a6       0x22 CMakeFiles/app.dir/home/isaac/pico/pico-sdk/src/rp2_common/pico_standard_link/crt0.S.obj
 .ARM.attributes
                0x00000000000005c8       0x32 CMakeFiles/app.dir/home/isaac/pico/pico-sdk/src/rp2_common/pico_standard_link/binary_info.c.obj
 .ARM.attributes
                0x00000000000005fa       0x2c CMakeFiles/app.dir/home/isaac/pico/pico-sdk/src/rp2_common/pico_stdio/stdio.c.obj
 .ARM.attributes
                0x0000000000000626       0x2c CMakeFiles/app.dir/home/isaac/pico/pico-sdk/src/rp2_common/pico_stdio_uart/stdio_uart.c.obj
 .ARM.attributes
                0x0000000000000652       0x2c CMakeFiles/app.dir/home/isaac/pico/pico-sdk/src/rp2_common/pico_unique_id/unique_id.c.obj
 .ARM.attributes
                0x000000000000067e       0x2c CMakeFiles/app.dir/home/isaac/pico/pico-sdk/src/rp2_common/hardware_flash/flash.c.obj
 .ARM.attributes
                0x00000000000006aa       0x2c CMakeFiles/app.dir/home/isaac/pico/pico-sdk/src/rp2_common/hardware_spi/spi.c.obj
 .ARM.attributes
                0x00000000000006d6       0x2c CMakeFiles/app.dir/home/isaac/pico/pico-sdk/src/rp2_common/hardware_rtc/rtc.c.obj
 .ARM.attributes
                0x0000000000000702       0x2c CMakeFiles/app.dir/home/isaac/pico/pico-extras/src/rp2_common/hardware_rosc/rosc.c.obj
 .ARM.attributes
                0x000000000000072e       0x2c CMakeFiles/app.dir/home/isaac/pico/pico-extras/src/rp2_common/pico_sleep/sleep.c.obj
 .ARM.attributes
                0x000000000000075a       0x22 /tmp/cclAzygL.o
 .ARM.attributes
                0x000000000000077c       0x2c /usr/lib/gcc/arm-none-eabi/10.3.1/../../../arm-none-eabi/lib/thumb/v6-m/nofp/libstdc++.a(eh_alloc.o)
 .ARM.attributes
                0x00000000000007a8       0x1e /usr/lib/gcc/arm-none-eabi/10.3.1/thumb/v6-m/nofp/libgcc.a(_dvmd_tls.o)
 .ARM.attributes
                0x00000000000007c6       0x2c /usr/lib/gcc/arm-none-eabi/10.3.1/../../../arm-none-eabi/lib/thumb/v6-m/nofp/libc.a(lib_a-callocr.o)
 .ARM.attributes
                0x00000000000007f2       0x2c /usr/lib/gcc/arm-none-eabi/10.3.1/../../../arm-none-eabi/lib/thumb/v6-m/nofp/libc.a(lib_a-impure.o)
 .ARM.attributes
                0x000000000000081e       0x2c /usr/lib/gcc/arm-none-eabi/10.3.1/../../../arm-none-eabi/lib/thumb/v6-m/nofp/libc.a(lib_a-malloc.o)
 .ARM.attributes
                0x000000000000084a       0x2c /usr/lib/gcc/arm-none-eabi/10.3.1/../../../arm-none-eabi/lib/thumb/v6-m/nofp/libc.a(lib_a-mallocr.o)
 .ARM.attributes
                0x0000000000000876       0x2c /usr/lib/gcc/arm-none-eabi/10.3.1/../../../arm-none-eabi/lib/thumb/v6-m/nofp/libc.a(lib_a-mlock.o)
 .ARM.attributes
                0x00000000000008a2       0x2c /usr/lib/gcc/arm-none-eabi/10.3.1/../../../arm-none-eabi/lib/thumb/v6-m/nofp/libc.a(lib_a-sbrkr.o)
 .ARM.attributes
                0x00000000000008ce       0x2c /usr/lib/gcc/arm-none-eabi/10.3.1/../../../arm-none-eabi/lib/thumb/v6-m/nofp/libc.a(lib_a-stpcpy.o)
 .ARM.attributes
                0x00000000000008fa       0x2c /usr/lib/gcc/arm-none-eabi/10.3.1/../../../arm-none-eabi/lib/thumb/v6-m/nofp/libc.a(lib_a-strcpy.o)
 .ARM.attributes
                0x0000000000000926       0x2c /usr/lib/gcc/arm-none-eabi/10.3.1/../../../arm-none-eabi/lib/thumb/v6-m/nofp/libc.a(lib_a-strlen-stub.o)
 .ARM.attributes
                0x0000000000000952       0x2c /usr/lib/gcc/arm-none-eabi/10.3.1/../../../arm-none-eabi/lib/thumb/v6-m/nofp/libc.a(lib_a-strncmp.o)
 .ARM.attributes
                0x000000000000097e       0x2c /usr/lib/gcc/arm-none-eabi/10.3.1/../../../arm-none-eabi/lib/thumb/v6-m/nofp/libc.a(lib_a-strtod.o)
 .ARM.attributes
                0x00000000000009aa       0x2c /usr/lib/gcc/arm-none-eabi/10.3.1/../../../arm-none-eabi/lib/thumb/v6-m/nofp/libc.a(lib_a-strtok.o)
 .ARM.attributes
                0x00000000000009d6       0x2c /usr/lib/gcc/arm-none-eabi/10.3.1/../../../arm-none-eabi/lib/thumb/v6-m/nofp/libc.a(lib_a-strtok_r.o)
 .ARM.attributes
                0x0000000000000a02       0x2c /usr/lib/gcc/arm-none-eabi/10.3.1/../../../arm-none-eabi/lib/thumb/v6-m/nofp/libc.a(lib_a-freer.o)
 .ARM.attributes
                0x0000000000000a2e       0x2c /usr/lib/gcc/arm-none-eabi/10.3.1/../../../arm-none-eabi/lib/thumb/v6-m/nofp/libc.a(lib_a-gdtoa-gethex.o)
 .ARM.attributes
                0x0000000000000a5a       0x2c /usr/lib/gcc/arm-none-eabi/10.3.1/../../../arm-none-eabi/lib/thumb/v6-m/nofp/libc.a(lib_a-gdtoa-hexnan.o)
 .ARM.attributes
                0x0000000000000a86       0x2c /usr/lib/gcc/arm-none-eabi/10.3.1/../../../arm-none-eabi/lib/thumb/v6-m/nofp/libc.a(lib_a-lnumeric.o)
 .ARM.attributes
                0x0000000000000ab2       0x2c /usr/lib/gcc/arm-none-eabi/10.3.1/../../../arm-none-eabi/lib/thumb/v6-m/nofp/libc.a(lib_a-locale.o)
 .ARM.attributes
                0x0000000000000ade       0x2c /usr/lib/gcc/arm-none-eabi/10.3.1/../../../arm-none-eabi/lib/thumb/v6-m/nofp/libc.a(lib_a-mbtowc_r.o)
 .ARM.attributes
                0x0000000000000b0a       0x2c /usr/lib/gcc/arm-none-eabi/10.3.1/../../../arm-none-eabi/lib/thumb/v6-m/nofp/libc.a(lib_a-mprec.o)
 .ARM.attributes
                0x0000000000000b36       0x2c /usr/lib/gcc/arm-none-eabi/10.3.1/../../../arm-none-eabi/lib/thumb/v6-m/nofp/libc.a(lib_a-reent.o)
 .ARM.attributes
                0x0000000000000b62       0x2c /usr/lib/gcc/arm-none-eabi/10.3.1/../../../arm-none-eabi/lib/thumb/v6-m/nofp/libc.a(lib_a-s_nan.o)
 .ARM.attributes
                0x0000000000000b8e       0x2c /usr/lib/gcc/arm-none-eabi/10.3.1/../../../arm-none-eabi/lib/thumb/v6-m/nofp/libc.a(lib_a-sf_nan.o)
 .ARM.attributes
                0x0000000000000bba       0x2c /usr/lib/gcc/arm-none-eabi/10.3.1/../../../arm-none-eabi/lib/thumb/v6-m/nofp/libc.a(lib_a-wctomb_r.o)
 .ARM.attributes
                0x0000000000000be6       0x2c /usr/lib/gcc/arm-none-eabi/10.3.1/../../../arm-none-eabi/lib/thumb/v6-m/nofp/libc.a(lib_a-ctype_.o)
 .ARM.attributes
                0x0000000000000c12       0x2c /usr/lib/gcc/arm-none-eabi/10.3.1/thumb/v6-m/nofp/crtend.o

.comment        0x0000000000000000       0x33
 .comment       0x0000000000000000       0x33 /usr/lib/gcc/arm-none-eabi/10.3.1/thumb/v6-m/nofp/crtbegin.o
                                         0x34 (size before relaxing)
 .comment       0x0000000000000033       0x34 CMakeFiles/app.dir/main.cpp.obj
 .comment       0x0000000000000033       0x34 CMakeFiles/app.dir/home/isaac/pico/Projetos/meuRabanho-node/lib/LoRa-RP2040.cpp.obj
 .comment       0x0000000000000033       0x34 CMakeFiles/app.dir/home/isaac/pico/Projetos/meuRabanho-node/lib/Print.cpp.obj